
> jiabaixing@5.0.0 test
> jest

node.exe : FAIL tests/harness/independent-evaluator.test.ts (17.315 s)
At line:1 char:1
+ & "C:\Program Files\nodejs/node.exe" "C:\Program Files\nodejs/node_mo ...
+ ~~~~~~~~~~~~~~~~~~~~~~~~~~~~~~~~~~~~~~~~~~~~~~~~~~~~~~~~~~~~~~~~~~~~~
    + CategoryInfo          : NotSpecified: (FAIL tests/harn...t.ts (17.315 s):String) [], RemoteException
    + FullyQualifiedErrorId : NativeCommandError
 
  ● Independent Evaluator › evaluateFull › should detect unsafe content

    expect(received).toBe(expected) // Object.is equality

    Expected: false
    Received: true

      79 |       const result = await evaluator.evaluateFull(userInput, messages, trace);
      80 |       
    > 81 |       expect(result.safety.safe).toBe(false);
         |                                  ^
      82 |       expect(result.safety.violations.length).toBeGreaterThan(0);
      83 |     });
      84 |   });

      at Object.<anonymous> (tests/harness/independent-evaluator.test.ts:81:34)

FAIL tests/harness/step-evaluator.test.ts (17.818 s)
  ● Evaluator 与 StepEvaluator 集成 › 空步骤结果应该使用默认评估逻辑

    expect(received).toBe(expected) // Object.is equality

    Expected: 0.5
    Received: 0.3

      369 |     );
      370 |
    > 371 |     expect(result.goalProgress).toBe(0.5);
          |                                 ^
      372 |     expect(result.suggestedAction).toBe('continue');
      373 |   });
      374 |

      at Object.<anonymous> (tests/harness/step-evaluator.test.ts:371:33)

PASS tests/unit/security/SecurityManager.test.ts
  ● Console

    console.log
      12:25:02 [31merror[39m  ❌ 加载密钥失败，生成新密钥:

      at Console.log (node_modules/winston/lib/winston/transports/console.js:87:23)

    console.log
      12:25:02 [33mwarn[39m  ⚠️ 环境变量 SECRET_KEY 未设置，使用默认值

      at Console.log (node_modules/winston/lib/winston/transports/console.js:87:23)

    console.log
      12:25:02 [33mwarn[39m  ⚠️ 环境变量 ENCRYPTION_KEY 未设置，使用默认值

      at Console.log (node_modules/winston/lib/winston/transports/console.js:87:23)

    console.log
      12:25:02 [33mwarn[39m  ⚠️ 环境变量 JWT_SECRET 未设置，使用默认值

      at Console.log (node_modules/winston/lib/winston/transports/console.js:87:23)

    console.log
      12:25:02 [32minfo[39m  ✅ 环境变量加载完成

      at Console.log (node_modules/winston/lib/winston/transports/console.js:87:23)

    console.log
      12:25:02 [33mwarn[39m  ⚠️ 使用自动生成的加密密钥，建议在生产环境中设置环境变量 ENCRYPTION_KEY

      at Console.log (node_modules/winston/lib/winston/transports/console.js:87:23)

    console.log
      12:25:02 [32minfo[39m  ✅ 审计日志器：初始化完成

      at Console.log (node_modules/winston/lib/winston/transports/console.js:87:23)

    console.log
      12:25:03 [32minfo[39m  🔏 加密管理器：关闭中...

      at Console.log (node_modules/winston/lib/winston/transports/console.js:87:23)

    console.log
      12:25:03 [32minfo[39m  ✅ 加密管理器：关闭完成！

      at Console.log (node_modules/winston/lib/winston/transports/console.js:87:23)

    console.log
      12:25:03 [32minfo[39m  🔑 认证管理器：关闭中...

      at Console.log (node_modules/winston/lib/winston/transports/console.js:87:23)

    console.log
      12:25:03 [32minfo[39m  ✅ 认证管理器：关闭完成！

      at Console.log (node_modules/winston/lib/winston/transports/console.js:87:23)

    console.log
      12:25:03 [32minfo[39m  📋 审计日志器：关闭中...

      at Console.log (node_modules/winston/lib/winston/transports/console.js:87:23)

    console.log
      12:25:03 [31merror[39m  ❌ 加载密钥失败，生成新密钥:

      at Console.log (node_modules/winston/lib/winston/transports/console.js:87:23)

    console.log
      12:25:03 [33mwarn[39m  ⚠️ 使用自动生成的加密密钥，建议在生产环境中设置环境变量 ENCRYPTION_KEY

      at Console.log (node_modules/winston/lib/winston/transports/console.js:87:23)

    console.log
      12:25:03 [32minfo[39m  ✅ 审计日志器：初始化完成

      at Console.log (node_modules/winston/lib/winston/transports/console.js:87:23)

    console.log
      12:25:03 [32minfo[39m  🔏 加密管理器：关闭中...

      at Console.log (node_modules/winston/lib/winston/transports/console.js:87:23)

    console.log
      12:25:03 [32minfo[39m  ✅ 加密管理器：关闭完成！

      at Console.log (node_modules/winston/lib/winston/transports/console.js:87:23)

    console.log
      12:25:03 [32minfo[39m  🔑 认证管理器：关闭中...

      at Console.log (node_modules/winston/lib/winston/transports/console.js:87:23)

    console.log
      12:25:03 [32minfo[39m  ✅ 认证管理器：关闭完成！

      at Console.log (node_modules/winston/lib/winston/transports/console.js:87:23)

    console.log
      12:25:03 [32minfo[39m  📋 审计日志器：关闭中...

      at Console.log (node_modules/winston/lib/winston/transports/console.js:87:23)

    console.log
      12:25:03 [31merror[39m  ❌ 加载密钥失败，生成新密钥:

      at Console.log (node_modules/winston/lib/winston/transports/console.js:87:23)

    console.log
      12:25:03 [33mwarn[39m  ⚠️ 使用自动生成的加密密钥，建议在生产环境中设置环境变量 ENCRYPTION_KEY

      at Console.log (node_modules/winston/lib/winston/transports/console.js:87:23)

    console.log
      12:25:03 [32minfo[39m  ✅ 审计日志器：初始化完成

      at Console.log (node_modules/winston/lib/winston/transports/console.js:87:23)

    console.log
      12:25:03 [32minfo[39m  🔏 加密管理器：关闭中...

      at Console.log (node_modules/winston/lib/winston/transports/console.js:87:23)

    console.log
      12:25:03 [32minfo[39m  ✅ 加密管理器：关闭完成！

      at Console.log (node_modules/winston/lib/winston/transports/console.js:87:23)

    console.log
      12:25:03 [32minfo[39m  🔑 认证管理器：关闭中...

      at Console.log (node_modules/winston/lib/winston/transports/console.js:87:23)

    console.log
      12:25:03 [32minfo[39m  ✅ 认证管理器：关闭完成！

      at Console.log (node_modules/winston/lib/winston/transports/console.js:87:23)

    console.log
      12:25:03 [32minfo[39m  📋 审计日志器：关闭中...

      at Console.log (node_modules/winston/lib/winston/transports/console.js:87:23)

    console.log
      12:25:03 [31merror[39m  ❌ 加载密钥失败，生成新密钥:

      at Console.log (node_modules/winston/lib/winston/transports/console.js:87:23)

    console.log
      12:25:03 [33mwarn[39m  ⚠️ 使用自动生成的加密密钥，建议在生产环境中设置环境变量 ENCRYPTION_KEY

      at Console.log (node_modules/winston/lib/winston/transports/console.js:87:23)

    console.log
      12:25:03 [32minfo[39m  ✅ 审计日志器：初始化完成

      at Console.log (node_modules/winston/lib/winston/transports/console.js:87:23)

    console.log
      12:25:03 [32minfo[39m  🔏 加密管理器：关闭中...

      at Console.log (node_modules/winston/lib/winston/transports/console.js:87:23)

    console.log
      12:25:03 [32minfo[39m  ✅ 加密管理器：关闭完成！

      at Console.log (node_modules/winston/lib/winston/transports/console.js:87:23)

    console.log
      12:25:03 [32minfo[39m  🔑 认证管理器：关闭中...

      at Console.log (node_modules/winston/lib/winston/transports/console.js:87:23)

    console.log
      12:25:03 [32minfo[39m  ✅ 认证管理器：关闭完成！

      at Console.log (node_modules/winston/lib/winston/transports/console.js:87:23)

    console.log
      12:25:03 [32minfo[39m  📋 审计日志器：关闭中...

      at Console.log (node_modules/winston/lib/winston/transports/console.js:87:23)

    console.log
      12:25:03 [31merror[39m  ❌ 加载密钥失败，生成新密钥:

      at Console.log (node_modules/winston/lib/winston/transports/console.js:87:23)

    console.log
      12:25:03 [33mwarn[39m  ⚠️ 使用自动生成的加密密钥，建议在生产环境中设置环境变量 ENCRYPTION_KEY

      at Console.log (node_modules/winston/lib/winston/transports/console.js:87:23)

    console.log
      12:25:03 [32minfo[39m  ✅ 审计日志器：初始化完成

      at Console.log (node_modules/winston/lib/winston/transports/console.js:87:23)

    console.log
      12:25:03 [32minfo[39m  🔏 加密管理器：关闭中...

      at Console.log (node_modules/winston/lib/winston/transports/console.js:87:23)

    console.log
      12:25:03 [32minfo[39m  ✅ 加密管理器：关闭完成！

      at Console.log (node_modules/winston/lib/winston/transports/console.js:87:23)

    console.log
      12:25:03 [32minfo[39m  🔑 认证管理器：关闭中...

      at Console.log (node_modules/winston/lib/winston/transports/console.js:87:23)

    console.log
      12:25:03 [32minfo[39m  ✅ 认证管理器：关闭完成！

      at Console.log (node_modules/winston/lib/winston/transports/console.js:87:23)

    console.log
      12:25:03 [32minfo[39m  📋 审计日志器：关闭中...

      at Console.log (node_modules/winston/lib/winston/transports/console.js:87:23)

    console.log
      12:25:03 [31merror[39m  ❌ 加载密钥失败，生成新密钥:

      at Console.log (node_modules/winston/lib/winston/transports/console.js:87:23)

    console.log
      12:25:03 [33mwarn[39m  ⚠️ 使用自动生成的加密密钥，建议在生产环境中设置环境变量 ENCRYPTION_KEY

      at Console.log (node_modules/winston/lib/winston/transports/console.js:87:23)

    console.log
      12:25:03 [32minfo[39m  ✅ 审计日志器：初始化完成

      at Console.log (node_modules/winston/lib/winston/transports/console.js:87:23)

    console.log
      12:25:03 [32minfo[39m  🔏 加密管理器：关闭中...

      at Console.log (node_modules/winston/lib/winston/transports/console.js:87:23)

    console.log
      12:25:03 [32minfo[39m  ✅ 加密管理器：关闭完成！

      at Console.log (node_modules/winston/lib/winston/transports/console.js:87:23)

    console.log
      12:25:03 [32minfo[39m  🔑 认证管理器：关闭中...

      at Console.log (node_modules/winston/lib/winston/transports/console.js:87:23)

    console.log
      12:25:03 [32minfo[39m  ✅ 认证管理器：关闭完成！

      at Console.log (node_modules/winston/lib/winston/transports/console.js:87:23)

    console.log
      12:25:03 [32minfo[39m  📋 审计日志器：关闭中...

      at Console.log (node_modules/winston/lib/winston/transports/console.js:87:23)

    console.log
      12:25:03 [31merror[39m  ❌ 加载密钥失败，生成新密钥:

      at Console.log (node_modules/winston/lib/winston/transports/console.js:87:23)

    console.log
      12:25:03 [33mwarn[39m  ⚠️ 使用自动生成的加密密钥，建议在生产环境中设置环境变量 ENCRYPTION_KEY

      at Console.log (node_modules/winston/lib/winston/transports/console.js:87:23)

    console.log
      12:25:03 [32minfo[39m  ✅ 审计日志器：初始化完成

      at Console.log (node_modules/winston/lib/winston/transports/console.js:87:23)

    console.log
      12:25:03 [32minfo[39m  🔏 加密管理器：关闭中...

      at Console.log (node_modules/winston/lib/winston/transports/console.js:87:23)

    console.log
      12:25:03 [32minfo[39m  ✅ 加密管理器：关闭完成！

      at Console.log (node_modules/winston/lib/winston/transports/console.js:87:23)

    console.log
      12:25:03 [32minfo[39m  🔑 认证管理器：关闭中...

      at Console.log (node_modules/winston/lib/winston/transports/console.js:87:23)

    console.log
      12:25:03 [32minfo[39m  ✅ 认证管理器：关闭完成！

      at Console.log (node_modules/winston/lib/winston/transports/console.js:87:23)

    console.log
      12:25:03 [32minfo[39m  📋 审计日志器：关闭中...

      at Console.log (node_modules/winston/lib/winston/transports/console.js:87:23)

    console.log
      12:25:03 [31merror[39m  ❌ 加载密钥失败，生成新密钥:

      at Console.log (node_modules/winston/lib/winston/transports/console.js:87:23)

    console.log
      12:25:03 [33mwarn[39m  ⚠️ 使用自动生成的加密密钥，建议在生产环境中设置环境变量 ENCRYPTION_KEY

      at Console.log (node_modules/winston/lib/winston/transports/console.js:87:23)

    console.log
      12:25:03 [32minfo[39m  ✅ 审计日志器：初始化完成

      at Console.log (node_modules/winston/lib/winston/transports/console.js:87:23)

    console.log
      12:25:03 [32minfo[39m  🔏 加密管理器：关闭中...

      at Console.log (node_modules/winston/lib/winston/transports/console.js:87:23)

    console.log
      12:25:03 [32minfo[39m  ✅ 加密管理器：关闭完成！

      at Console.log (node_modules/winston/lib/winston/transports/console.js:87:23)

    console.log
      12:25:03 [32minfo[39m  🔑 认证管理器：关闭中...

      at Console.log (node_modules/winston/lib/winston/transports/console.js:87:23)

    console.log
      12:25:03 [32minfo[39m  ✅ 认证管理器：关闭完成！

      at Console.log (node_modules/winston/lib/winston/transports/console.js:87:23)

    console.log
      12:25:03 [32minfo[39m  📋 审计日志器：关闭中...

      at Console.log (node_modules/winston/lib/winston/transports/console.js:87:23)

    console.log
      12:25:03 [31merror[39m  ❌ 加载密钥失败，生成新密钥:

      at Console.log (node_modules/winston/lib/winston/transports/console.js:87:23)

    console.log
      12:25:03 [33mwarn[39m  ⚠️ 使用自动生成的加密密钥，建议在生产环境中设置环境变量 ENCRYPTION_KEY

      at Console.log (node_modules/winston/lib/winston/transports/console.js:87:23)

    console.log
      12:25:03 [32minfo[39m  ✅ 审计日志器：初始化完成

      at Console.log (node_modules/winston/lib/winston/transports/console.js:87:23)

    console.log
      12:25:03 [32minfo[39m  🔏 加密管理器：关闭中...

      at Console.log (node_modules/winston/lib/winston/transports/console.js:87:23)

    console.log
      12:25:03 [32minfo[39m  ✅ 加密管理器：关闭完成！

      at Console.log (node_modules/winston/lib/winston/transports/console.js:87:23)

    console.log
      12:25:03 [32minfo[39m  🔑 认证管理器：关闭中...

      at Console.log (node_modules/winston/lib/winston/transports/console.js:87:23)

    console.log
      12:25:03 [32minfo[39m  ✅ 认证管理器：关闭完成！

      at Console.log (node_modules/winston/lib/winston/transports/console.js:87:23)

    console.log
      12:25:03 [32minfo[39m  📋 审计日志器：关闭中...

      at Console.log (node_modules/winston/lib/winston/transports/console.js:87:23)

    console.log
      12:25:03 [31merror[39m  ❌ 加载密钥失败，生成新密钥:

      at Console.log (node_modules/winston/lib/winston/transports/console.js:87:23)

    console.log
      12:25:03 [33mwarn[39m  ⚠️ 使用自动生成的加密密钥，建议在生产环境中设置环境变量 ENCRYPTION_KEY

      at Console.log (node_modules/winston/lib/winston/transports/console.js:87:23)

    console.log
      12:25:03 [32minfo[39m  ✅ 审计日志器：初始化完成

      at Console.log (node_modules/winston/lib/winston/transports/console.js:87:23)

    console.log
      12:25:03 [32minfo[39m  🔏 加密管理器：关闭中...

      at Console.log (node_modules/winston/lib/winston/transports/console.js:87:23)

    console.log
      12:25:03 [32minfo[39m  ✅ 加密管理器：关闭完成！

      at Console.log (node_modules/winston/lib/winston/transports/console.js:87:23)

    console.log
      12:25:03 [32minfo[39m  🔑 认证管理器：关闭中...

      at Console.log (node_modules/winston/lib/winston/transports/console.js:87:23)

    console.log
      12:25:03 [32minfo[39m  ✅ 认证管理器：关闭完成！

      at Console.log (node_modules/winston/lib/winston/transports/console.js:87:23)

    console.log
      12:25:03 [32minfo[39m  📋 审计日志器：关闭中...

      at Console.log (node_modules/winston/lib/winston/transports/console.js:87:23)

    console.log
      12:25:03 [31merror[39m  ❌ 加载密钥失败，生成新密钥:

      at Console.log (node_modules/winston/lib/winston/transports/console.js:87:23)

    console.log
      12:25:03 [33mwarn[39m  ⚠️ 使用自动生成的加密密钥，建议在生产环境中设置环境变量 ENCRYPTION_KEY

      at Console.log (node_modules/winston/lib/winston/transports/console.js:87:23)

    console.log
      12:25:03 [32minfo[39m  ✅ 审计日志器：初始化完成

      at Console.log (node_modules/winston/lib/winston/transports/console.js:87:23)

    console.log
      12:25:03 [32minfo[39m  🔏 加密管理器：关闭中...

      at Console.log (node_modules/winston/lib/winston/transports/console.js:87:23)

    console.log
      12:25:03 [32minfo[39m  ✅ 加密管理器：关闭完成！

      at Console.log (node_modules/winston/lib/winston/transports/console.js:87:23)

    console.log
      12:25:03 [32minfo[39m  🔑 认证管理器：关闭中...

      at Console.log (node_modules/winston/lib/winston/transports/console.js:87:23)

    console.log
      12:25:03 [32minfo[39m  ✅ 认证管理器：关闭完成！

      at Console.log (node_modules/winston/lib/winston/transports/console.js:87:23)

    console.log
      2026-05-27 12:25:04 [[31merror[39m] Audit log entry

      at Console.log (node_modules/winston/lib/winston/transports/console.js:87:23)

    console.log
      2026-05-27 12:25:04 [[31merror[39m] Audit log entry

      at Console.log (node_modules/winston/lib/winston/transports/console.js:87:23)

    console.log
      2026-05-27 12:25:04 [[31merror[39m] Audit log entry

      at Console.log (node_modules/winston/lib/winston/transports/console.js:87:23)

    console.log
      2026-05-27 12:25:04 [[32minfo[39m] Audit log entry

      at Console.log (node_modules/winston/lib/winston/transports/console.js:87:23)

    console.log
      2026-05-27 12:25:04 [[31merror[39m] Audit log entry

      at Console.log (node_modules/winston/lib/winston/transports/console.js:87:23)

PASS tests/harness/error-recovery.test.ts (10.342 s)
  ● Console

    console.log
      12:25:02 [32minfo[39m [ToolRegistry] 🔧 注册工具: test_tool [system] 风险=low

      at Console.log (node_modules/winston/lib/winston/transports/console.js:87:23)

    console.log
      12:25:02 [32minfo[39m [ToolRegistry] 🧠 执行工具: test_tool | 风险=low

      at Console.log (node_modules/winston/lib/winston/transports/console.js:87:23)

    console.log
      12:25:02 [32minfo[39m [ToolRegistry] 🔧 注册工具: test_tool [system] 风险=low

      at Console.log (node_modules/winston/lib/winston/transports/console.js:87:23)

    console.log
      12:25:02 [32minfo[39m [ToolRegistry] 🧠 执行工具: test_tool | 风险=low

      at Console.log (node_modules/winston/lib/winston/transports/console.js:87:23)

    console.log
      12:25:02 [32minfo[39m [ToolRegistry] 🔧 注册工具: test_tool [system] 风险=low

      at Console.log (node_modules/winston/lib/winston/transports/console.js:87:23)

    console.log
      12:25:02 [32minfo[39m [ToolRegistry] 🧠 执行工具: test_tool | 风险=low

      at Console.log (node_modules/winston/lib/winston/transports/console.js:87:23)

    console.log
      12:25:02 [32minfo[39m [Executor] 🔄 工具 test_tool 执行失败(可重试错误)，第1次重试...

      at Console.log (node_modules/winston/lib/winston/transports/console.js:87:23)

    console.log
      12:25:02 [32minfo[39m [ToolRegistry] 🧠 执行工具: test_tool | 风险=low

      at Console.log (node_modules/winston/lib/winston/transports/console.js:87:23)

    console.log
      12:25:02 [32minfo[39m [ToolRegistry] 🔧 注册工具: test_tool [system] 风险=low

      at Console.log (node_modules/winston/lib/winston/transports/console.js:87:23)

    console.log
      12:25:02 [32minfo[39m [ToolRegistry] 🧠 执行工具: test_tool | 风险=low

      at Console.log (node_modules/winston/lib/winston/transports/console.js:87:23)

    console.log
      12:25:02 [32minfo[39m [Executor] 🔄 工具 test_tool 执行失败(可重试错误)，第1次重试...

      at Console.log (node_modules/winston/lib/winston/transports/console.js:87:23)

    console.log
      12:25:03 [32minfo[39m [ToolRegistry] 🧠 执行工具: test_tool | 风险=low

      at Console.log (node_modules/winston/lib/winston/transports/console.js:87:23)

    console.log
      12:25:03 [32minfo[39m [ToolRegistry] 🔧 注册工具: test_tool [system] 风险=low

      at Console.log (node_modules/winston/lib/winston/transports/console.js:87:23)

    console.log
      12:25:03 [32minfo[39m [ToolRegistry] 🧠 执行工具: test_tool | 风险=low

      at Console.log (node_modules/winston/lib/winston/transports/console.js:87:23)

    console.log
      12:25:03 [32minfo[39m [Executor] 🔄 工具 test_tool 执行失败(可重试错误)，第1次重试...

      at Console.log (node_modules/winston/lib/winston/transports/console.js:87:23)

    console.log
      12:25:03 [32minfo[39m [ToolRegistry] 🧠 执行工具: test_tool | 风险=low

      at Console.log (node_modules/winston/lib/winston/transports/console.js:87:23)

    console.log
      12:25:03 [32minfo[39m [Executor] 🔄 工具 test_tool 执行失败(可重试错误)，第2次重试...

      at Console.log (node_modules/winston/lib/winston/transports/console.js:87:23)

    console.log
      12:25:04 [32minfo[39m [ToolRegistry] 🧠 执行工具: test_tool | 风险=low

      at Console.log (node_modules/winston/lib/winston/transports/console.js:87:23)

    console.log
      12:25:04 [32minfo[39m [ToolRegistry] 🔧 注册工具: test_tool [system] 风险=low

      at Console.log (node_modules/winston/lib/winston/transports/console.js:87:23)

    console.log
      12:25:04 [32minfo[39m [ToolRegistry] 🧠 执行工具: test_tool | 风险=low

      at Console.log (node_modules/winston/lib/winston/transports/console.js:87:23)

    console.log
      12:25:04 [32minfo[39m [Executor] 🔄 工具 test_tool 执行失败(可重试错误)，第1次重试...

      at Console.log (node_modules/winston/lib/winston/transports/console.js:87:23)

    console.log
      12:25:05 [32minfo[39m [ToolRegistry] 🧠 执行工具: test_tool | 风险=low

      at Console.log (node_modules/winston/lib/winston/transports/console.js:87:23)

    console.log
      12:25:05 [32minfo[39m [Executor] 🔄 工具 test_tool 执行失败(可重试错误)，第2次重试...

      at Console.log (node_modules/winston/lib/winston/transports/console.js:87:23)

    console.log
      12:25:06 [32minfo[39m [ToolRegistry] 🧠 执行工具: test_tool | 风险=low

      at Console.log (node_modules/winston/lib/winston/transports/console.js:87:23)

    console.log
      12:25:06 [32minfo[39m [ToolRegistry] 🔧 注册工具: test_tool [system] 风险=low

      at Console.log (node_modules/winston/lib/winston/transports/console.js:87:23)

    console.log
      12:25:06 [32minfo[39m [ToolRegistry] 🧠 执行工具: test_tool | 风险=low

      at Console.log (node_modules/winston/lib/winston/transports/console.js:87:23)

    console.log
      12:25:06 [32minfo[39m [Executor] 🔄 工具 test_tool 执行失败(可重试错误)，第1次重试...

      at Console.log (node_modules/winston/lib/winston/transports/console.js:87:23)

    console.log
      12:25:06 [32minfo[39m [ToolRegistry] 🧠 执行工具: test_tool | 风险=low

      at Console.log (node_modules/winston/lib/winston/transports/console.js:87:23)

    console.log
      12:25:06 [32minfo[39m [Executor] 🔄 工具 test_tool 执行失败(可重试错误)，第2次重试...

      at Console.log (node_modules/winston/lib/winston/transports/console.js:87:23)

    console.log
      12:25:07 [32minfo[39m [ToolRegistry] 🧠 执行工具: test_tool | 风险=low

      at Console.log (node_modules/winston/lib/winston/transports/console.js:87:23)

    console.log
      12:25:07 [32minfo[39m [ToolRegistry] 🔧 注册工具: test_tool [system] 风险=low

      at Console.log (node_modules/winston/lib/winston/transports/console.js:87:23)

    console.log
      12:25:07 [32minfo[39m [ToolRegistry] 🧠 执行工具: test_tool | 风险=low

      at Console.log (node_modules/winston/lib/winston/transports/console.js:87:23)

    console.log
      12:25:07 [32minfo[39m [Executor] 🔄 工具 test_tool 执行失败(可重试错误)，第1次重试...

      at Console.log (node_modules/winston/lib/winston/transports/console.js:87:23)

    console.log
      12:25:08 [32minfo[39m [ToolRegistry] 🧠 执行工具: test_tool | 风险=low

      at Console.log (node_modules/winston/lib/winston/transports/console.js:87:23)

    console.log
      12:25:08 [32minfo[39m [ToolRegistry] 🔧 注册工具: test_tool [system] 风险=low

      at Console.log (node_modules/winston/lib/winston/transports/console.js:87:23)

    console.log
      12:25:08 [32minfo[39m [ToolRegistry] 🧠 执行工具: test_tool | 风险=low

      at Console.log (node_modules/winston/lib/winston/transports/console.js:87:23)

    console.log
      12:25:08 [32minfo[39m [ToolRegistry] 🔧 注册工具: test_tool [system] 风险=low

      at Console.log (node_modules/winston/lib/winston/transports/console.js:87:23)

    console.log
      12:25:08 [32minfo[39m [ToolRegistry] 🧠 执行工具: test_tool | 风险=low

      at Console.log (node_modules/winston/lib/winston/transports/console.js:87:23)

    console.log
      12:25:08 [32minfo[39m [ToolRegistry] 🔧 注册工具: test_tool [system] 风险=low

      at Console.log (node_modules/winston/lib/winston/transports/console.js:87:23)

    console.log
      12:25:08 [32minfo[39m [ToolRegistry] 🧠 执行工具: test_tool | 风险=low

      at Console.log (node_modules/winston/lib/winston/transports/console.js:87:23)

    console.log
      12:25:08 [32minfo[39m [ToolRegistry] 🔧 注册工具: test_tool [system] 风险=low

      at Console.log (node_modules/winston/lib/winston/transports/console.js:87:23)

    console.log
      12:25:08 [32minfo[39m [ToolRegistry] 🧠 执行工具: test_tool | 风险=low

      at Console.log (node_modules/winston/lib/winston/transports/console.js:87:23)

    console.log
      12:25:08 [32minfo[39m [ToolRegistry] 🔧 注册工具: test_tool [system] 风险=low

      at Console.log (node_modules/winston/lib/winston/transports/console.js:87:23)

    console.log
      12:25:08 [32minfo[39m [ToolRegistry] 🧠 执行工具: test_tool | 风险=low

      at Console.log (node_modules/winston/lib/winston/transports/console.js:87:23)

    console.log
      12:25:08 [32minfo[39m [Executor] 🔄 工具 test_tool 执行失败(可重试错误)，第1次重试...

      at Console.log (node_modules/winston/lib/winston/transports/console.js:87:23)

    console.log
      12:25:08 [32minfo[39m [ToolRegistry] 🧠 执行工具: test_tool | 风险=low

      at Console.log (node_modules/winston/lib/winston/transports/console.js:87:23)

    console.log
      12:25:08 [32minfo[39m [Executor] 🔄 工具 test_tool 执行失败(可重试错误)，第2次重试...

      at Console.log (node_modules/winston/lib/winston/transports/console.js:87:23)

    console.log
      12:25:09 [32minfo[39m [ToolRegistry] 🧠 执行工具: test_tool | 风险=low

      at Console.log (node_modules/winston/lib/winston/transports/console.js:87:23)

    console.log
      12:25:09 [32minfo[39m [ToolRegistry] 🔧 注册工具: test_tool [system] 风险=low

      at Console.log (node_modules/winston/lib/winston/transports/console.js:87:23)

    console.log
      12:25:09 [32minfo[39m [ToolRegistry] 🧠 执行工具: test_tool | 风险=low

      at Console.log (node_modules/winston/lib/winston/transports/console.js:87:23)

    console.log
      12:25:09 [32minfo[39m [Executor] 🔄 工具 test_tool 执行失败(可重试错误)，第1次重试...

      at Console.log (node_modules/winston/lib/winston/transports/console.js:87:23)

    console.log
      12:25:10 [32minfo[39m [ToolRegistry] 🧠 执行工具: test_tool | 风险=low

      at Console.log (node_modules/winston/lib/winston/transports/console.js:87:23)

    console.log
      12:25:10 [32minfo[39m [Executor] 🔄 工具 test_tool 执行失败(可重试错误)，第2次重试...

      at Console.log (node_modules/winston/lib/winston/transports/console.js:87:23)

    console.log
      12:25:11 [32minfo[39m [ToolRegistry] 🧠 执行工具: test_tool | 风险=low

      at Console.log (node_modules/winston/lib/winston/transports/console.js:87:23)

PASS tests/harness/trajectory.test.ts
  ● Console

    console.log
      12:25:12 [32minfo[39m [TrajectoryDatabase] 💾 TrajectoryDatabase 初始化: :memory:

      at Console.log (node_modules/winston/lib/winston/transports/console.js:87:23)

    console.log
      12:25:12 [32minfo[39m [TrajectoryDatabase] 💾 TrajectoryDatabase 已关闭

      at Console.log (node_modules/winston/lib/winston/transports/console.js:87:23)

    console.log
      12:25:12 [32minfo[39m [TrajectoryDatabase] 💾 TrajectoryDatabase 初始化: :memory:

      at Console.log (node_modules/winston/lib/winston/transports/console.js:87:23)

    console.log
      12:25:12 [32minfo[39m [TrajectoryDatabase] 💾 TrajectoryDatabase 已关闭

      at Console.log (node_modules/winston/lib/winston/transports/console.js:87:23)

    console.log
      12:25:12 [32minfo[39m [TrajectoryDatabase] 💾 TrajectoryDatabase 初始化: :memory:

      at Console.log (node_modules/winston/lib/winston/transports/console.js:87:23)

    console.log
      12:25:12 [32minfo[39m [TrajectoryDatabase] 💾 TrajectoryDatabase 已关闭

      at Console.log (node_modules/winston/lib/winston/transports/console.js:87:23)

    console.log
      12:25:12 [32minfo[39m [TrajectoryDatabase] 💾 TrajectoryDatabase 初始化: :memory:

      at Console.log (node_modules/winston/lib/winston/transports/console.js:87:23)

    console.log
      12:25:12 [32minfo[39m [TrajectoryDatabase] 💾 TrajectoryDatabase 已关闭

      at Console.log (node_modules/winston/lib/winston/transports/console.js:87:23)

    console.log
      12:25:12 [32minfo[39m [TrajectoryDatabase] 💾 TrajectoryDatabase 初始化: :memory:

      at Console.log (node_modules/winston/lib/winston/transports/console.js:87:23)

    console.log
      12:25:12 [32minfo[39m [TrajectoryDatabase] 💾 TrajectoryDatabase 已关闭

      at Console.log (node_modules/winston/lib/winston/transports/console.js:87:23)

    console.log
      12:25:12 [32minfo[39m [TrajectoryDatabase] 💾 TrajectoryDatabase 初始化: :memory:

      at Console.log (node_modules/winston/lib/winston/transports/console.js:87:23)

    console.log
      12:25:12 [32minfo[39m [TrajectoryDatabase] 💾 TrajectoryDatabase 已关闭

      at Console.log (node_modules/winston/lib/winston/transports/console.js:87:23)

    console.log
      12:25:12 [32minfo[39m [TrajectoryDatabase] 💾 TrajectoryDatabase 初始化: :memory:

      at Console.log (node_modules/winston/lib/winston/transports/console.js:87:23)

    console.log
      12:25:12 [32minfo[39m [TrajectoryDatabase] 💾 TrajectoryDatabase 已关闭

      at Console.log (node_modules/winston/lib/winston/transports/console.js:87:23)

    console.log
      12:25:12 [32minfo[39m [TrajectoryDatabase] 💾 TrajectoryDatabase 初始化: :memory:

      at Console.log (node_modules/winston/lib/winston/transports/console.js:87:23)

    console.log
      12:25:12 [32minfo[39m [TrajectoryDatabase] 💾 TrajectoryDatabase 已关闭

      at Console.log (node_modules/winston/lib/winston/transports/console.js:87:23)

    console.log
      12:25:12 [32minfo[39m [TrajectoryDatabase] 💾 TrajectoryDatabase 初始化: :memory:

      at Console.log (node_modules/winston/lib/winston/transports/console.js:87:23)

    console.log
      12:25:12 [32minfo[39m [TrajectoryDatabase] 💾 TrajectoryDatabase 已关闭

      at Console.log (node_modules/winston/lib/winston/transports/console.js:87:23)

    console.log
      12:25:12 [32minfo[39m [TrajectoryDatabase] 💾 TrajectoryDatabase 初始化: :memory:

      at Console.log (node_modules/winston/lib/winston/transports/console.js:87:23)

    console.log
      12:25:12 [32minfo[39m [TrajectoryDatabase] 💾 TrajectoryDatabase 已关闭

      at Console.log (node_modules/winston/lib/winston/transports/console.js:87:23)

    console.log
      12:25:12 [32minfo[39m [TrajectoryDatabase] 💾 TrajectoryDatabase 初始化: :memory:

      at Console.log (node_modules/winston/lib/winston/transports/console.js:87:23)

    console.log
      12:25:12 [32minfo[39m [TrajectoryDatabase] 💾 TrajectoryDatabase 已关闭

      at Console.log (node_modules/winston/lib/winston/transports/console.js:87:23)

    console.log
      12:25:12 [32minfo[39m [TrajectoryDatabase] 💾 TrajectoryDatabase 初始化: :memory:

      at Console.log (node_modules/winston/lib/winston/transports/console.js:87:23)

    console.log
      12:25:12 [32minfo[39m [TrajectoryDatabase] 💾 TrajectoryDatabase 已关闭

      at Console.log (node_modules/winston/lib/winston/transports/console.js:87:23)

FAIL tests/harness/phase3-4-deep.test.ts
  ● Console

    console.log
      12:25:13 [32minfo[39m [AgentHarness] 🏗️ Agent Harness 初始化中...

      at Console.log (node_modules/winston/lib/winston/transports/console.js:87:23)

    console.log
      12:25:13 [32minfo[39m [ToolRegistry] 🔧 注册工具: memory_recall [memory] 风险=low

      at Console.log (node_modules/winston/lib/winston/transports/console.js:87:23)

    console.log
      12:25:13 [32minfo[39m [ToolRegistry] 🔧 注册工具: memory_store [memory] 风险=low

      at Console.log (node_modules/winston/lib/winston/transports/console.js:87:23)

    console.log
      12:25:13 [32minfo[39m [ToolRegistry] 🔧 注册工具: memory_search [memory] 风险=low

      at Console.log (node_modules/winston/lib/winston/transports/console.js:87:23)

    console.log
      12:25:13 [32minfo[39m [ToolRegistry] 🔧 注册工具: emotion_detect [cognition] 风险=low

      at Console.log (node_modules/winston/lib/winston/transports/console.js:87:23)

    console.log
      12:25:13 [32minfo[39m [ToolRegistry] 🔧 注册工具: analyze_scene [cognition] 风险=low

      at Console.log (node_modules/winston/lib/winston/transports/console.js:87:23)

    console.log
      12:25:13 [32minfo[39m [ToolRegistry] 🔧 注册工具: self_reflect [cognition] 风险=low

      at Console.log (node_modules/winston/lib/winston/transports/console.js:87:23)

    console.log
      12:25:13 [32minfo[39m [ToolRegistry] 🔧 注册工具: desktop_automate [desktop] 风险=high

      at Console.log (node_modules/winston/lib/winston/transports/console.js:87:23)

    console.log
      12:25:13 [32minfo[39m [ToolRegistry] 🔧 注册工具: desktop_screenshot [desktop] 风险=high

      at Console.log (node_modules/winston/lib/winston/transports/console.js:87:23)

    console.log
      12:25:13 [32minfo[39m [ToolRegistry] 🔧 注册工具: ask_clarification [system] 风险=low

      at Console.log (node_modules/winston/lib/winston/transports/console.js:87:23)

    console.log
      12:25:13 [32minfo[39m [ToolRegistry] 🔧 注册工具: preview_execution [system] 风险=low

      at Console.log (node_modules/winston/lib/winston/transports/console.js:87:23)

    console.log
      12:25:13 [32minfo[39m [ToolRegistry] 🔧 注册工具: rollback_changes [system] 风险=medium

      at Console.log (node_modules/winston/lib/winston/transports/console.js:87:23)

    console.log
      12:25:13 [32minfo[39m [ToolRegistry] 🔧 注册工具: get_active_file [file] 风险=low

      at Console.log (node_modules/winston/lib/winston/transports/console.js:87:23)

    console.log
      12:25:13 [32minfo[39m [ToolRegistry] 🔧 注册工具: incremental_edit [file] 风险=medium

      at Console.log (node_modules/winston/lib/winston/transports/console.js:87:23)

    console.log
      12:25:13 [32minfo[39m [ToolRegistry] 🔧 注册工具: multi_file_edit [file] 风险=high

      at Console.log (node_modules/winston/lib/winston/transports/console.js:87:23)

    console.log
      12:25:13 [32minfo[39m [ToolRegistry] 🔧 注册工具: file_search [file] 风险=low

      at Console.log (node_modules/winston/lib/winston/transports/console.js:87:23)

    console.log
      12:25:13 [32minfo[39m [ToolRegistry] 🔧 注册工具: file_list [file] 风险=low

      at Console.log (node_modules/winston/lib/winston/transports/console.js:87:23)

    console.log
      12:25:13 [32minfo[39m [ToolRegistry] 🔧 注册工具: code_generate [code] 风险=medium

      at Console.log (node_modules/winston/lib/winston/transports/console.js:87:23)

    console.log
      12:25:13 [32minfo[39m [ToolRegistry] 🔧 注册工具: code_analyze [code] 风险=low

      at Console.log (node_modules/winston/lib/winston/transports/console.js:87:23)

    console.log
      12:25:13 [32minfo[39m [ToolRegistry] 🔧 注册工具: code_fix [code] 风险=medium

      at Console.log (node_modules/winston/lib/winston/transports/console.js:87:23)

    console.log
      12:25:13 [32minfo[39m [ToolRegistry] 🔧 注册工具: task_manage [daily] 风险=low

      at Console.log (node_modules/winston/lib/winston/transports/console.js:87:23)

    console.log
      12:25:13 [32minfo[39m [ToolRegistry] 🔧 注册工具: reminder_set [daily] 风险=low

      at Console.log (node_modules/winston/lib/winston/transports/console.js:87:23)

    console.log
      12:25:13 [32minfo[39m [ToolRegistry] 🔧 注册工具: note_take [daily] 风险=low

      at Console.log (node_modules/winston/lib/winston/transports/console.js:87:23)

    console.log
      12:25:13 [32minfo[39m [ToolRegistry] 🔧 注册工具: system_status [daily] 风险=low

      at Console.log (node_modules/winston/lib/winston/transports/console.js:87:23)

    console.log
      12:25:13 [32minfo[39m [ToolRegistry] 🔧 注册工具: web_search [network] 风险=low

      at Console.log (node_modules/winston/lib/winston/transports/console.js:87:23)

    console.log
      12:25:13 [32minfo[39m [ToolRegistry] 🔧 注册工具: skill_create [network] 风险=medium

      at Console.log (node_modules/winston/lib/winston/transports/console.js:87:23)

    console.log
      12:25:13 [32minfo[39m [HarnessToolRegistrar] 🔧 Harness 工具注册完成: 25 个工具

      at Console.log (node_modules/winston/lib/winston/transports/console.js:87:23)

    console.log
      12:25:13 [32minfo[39m [AgentHarness]   🔧 工具层: 启用 (25 个工具)

      at Console.log (node_modules/winston/lib/winston/transports/console.js:87:23)

    console.log
      12:25:13 [32minfo[39m [AgentHarness]   🛡️ 约束层: 启用

      at Console.log (node_modules/winston/lib/winston/transports/console.js:87:23)

    console.log
      12:25:13 [32minfo[39m [AgentHarness]   ✅ 验证层: 启用

      at Console.log (node_modules/winston/lib/winston/transports/console.js:87:23)

    console.log
      12:25:13 [32minfo[39m [PersistenceService] 💾 PersistenceService 初始化

      at Console.log (node_modules/winston/lib/winston/transports/console.js:87:23)

    console.log
      12:25:13 [32minfo[39m [PersistenceService] 💾 已从磁盘加载 410 个任务状态

      at Console.log (node_modules/winston/lib/winston/transports/console.js:87:23)

    console.log
      12:25:13 [32minfo[39m [PersistenceService] 💾 已从磁盘加载 6 条进化指标

      at Console.log (node_modules/winston/lib/winston/transports/console.js:87:23)

    console.log
      12:25:13 [32minfo[39m [AgentHarness]   💾 持久化层: 启用

      at Console.log (node_modules/winston/lib/winston/transports/console.js:87:23)

    console.log
      12:25:13 [32minfo[39m [AgentHarness]   📋 独立评估服务: 启用

      at Console.log (node_modules/winston/lib/winston/transports/console.js:87:23)

    console.log
      12:25:13 [32minfo[39m [TrajectoryDatabase] 💾 TrajectoryDatabase 初始化: C:\zy\jiabaixing\data\trajectory\trajecto
ry.db

      at Console.log (node_modules/winston/lib/winston/transports/console.js:87:23)

    console.log
      12:25:13 [32minfo[39m [AgentHarness]   📊 轨迹持久化: 启用

      at Console.log (node_modules/winston/lib/winston/transports/console.js:87:23)

    console.log
      12:25:13 [32minfo[39m [AgentHarness]   📋 上下文层: 启用

      at Console.log (node_modules/winston/lib/winston/transports/console.js:87:23)

    console.log
      12:25:13 [32minfo[39m [AgentHarness]   🔄 循环层: 启用

      at Console.log (node_modules/winston/lib/winston/transports/console.js:87:23)

    console.log
      12:25:13 [32minfo[39m [AgentHarness] ✅ Agent Harness 初始化完成

      at Console.log (node_modules/winston/lib/winston/transports/console.js:87:23)

    console.log
      12:25:13 [32minfo[39m [AgentHarness] 🏗️ Agent Harness 初始化中...

      at Console.log (node_modules/winston/lib/winston/transports/console.js:87:23)

    console.log
      12:25:13 [32minfo[39m [ToolRegistry] 🔧 注册工具: memory_recall [memory] 风险=low

      at Console.log (node_modules/winston/lib/winston/transports/console.js:87:23)

    console.log
      12:25:13 [32minfo[39m [ToolRegistry] 🔧 注册工具: memory_store [memory] 风险=low

      at Console.log (node_modules/winston/lib/winston/transports/console.js:87:23)

    console.log
      12:25:13 [32minfo[39m [ToolRegistry] 🔧 注册工具: memory_search [memory] 风险=low

      at Console.log (node_modules/winston/lib/winston/transports/console.js:87:23)

    console.log
      12:25:13 [32minfo[39m [ToolRegistry] 🔧 注册工具: emotion_detect [cognition] 风险=low

      at Console.log (node_modules/winston/lib/winston/transports/console.js:87:23)

    console.log
      12:25:13 [32minfo[39m [ToolRegistry] 🔧 注册工具: analyze_scene [cognition] 风险=low

      at Console.log (node_modules/winston/lib/winston/transports/console.js:87:23)

    console.log
      12:25:13 [32minfo[39m [ToolRegistry] 🔧 注册工具: self_reflect [cognition] 风险=low

      at Console.log (node_modules/winston/lib/winston/transports/console.js:87:23)

    console.log
      12:25:13 [32minfo[39m [ToolRegistry] 🔧 注册工具: desktop_automate [desktop] 风险=high

      at Console.log (node_modules/winston/lib/winston/transports/console.js:87:23)

    console.log
      12:25:13 [32minfo[39m [ToolRegistry] 🔧 注册工具: desktop_screenshot [desktop] 风险=high

      at Console.log (node_modules/winston/lib/winston/transports/console.js:87:23)

    console.log
      12:25:13 [32minfo[39m [ToolRegistry] 🔧 注册工具: ask_clarification [system] 风险=low

      at Console.log (node_modules/winston/lib/winston/transports/console.js:87:23)

    console.log
      12:25:14 [32minfo[39m [ToolRegistry] 🔧 注册工具: preview_execution [system] 风险=low

      at Console.log (node_modules/winston/lib/winston/transports/console.js:87:23)

    console.log
      12:25:14 [32minfo[39m [ToolRegistry] 🔧 注册工具: rollback_changes [system] 风险=medium

      at Console.log (node_modules/winston/lib/winston/transports/console.js:87:23)

    console.log
      12:25:14 [32minfo[39m [ToolRegistry] 🔧 注册工具: get_active_file [file] 风险=low

      at Console.log (node_modules/winston/lib/winston/transports/console.js:87:23)

    console.log
      12:25:14 [32minfo[39m [ToolRegistry] 🔧 注册工具: incremental_edit [file] 风险=medium

      at Console.log (node_modules/winston/lib/winston/transports/console.js:87:23)

    console.log
      12:25:14 [32minfo[39m [ToolRegistry] 🔧 注册工具: multi_file_edit [file] 风险=high

      at Console.log (node_modules/winston/lib/winston/transports/console.js:87:23)

    console.log
      12:25:14 [32minfo[39m [ToolRegistry] 🔧 注册工具: file_search [file] 风险=low

      at Console.log (node_modules/winston/lib/winston/transports/console.js:87:23)

    console.log
      12:25:14 [32minfo[39m [ToolRegistry] 🔧 注册工具: file_list [file] 风险=low

      at Console.log (node_modules/winston/lib/winston/transports/console.js:87:23)

    console.log
      12:25:14 [32minfo[39m [ToolRegistry] 🔧 注册工具: code_generate [code] 风险=medium

      at Console.log (node_modules/winston/lib/winston/transports/console.js:87:23)

    console.log
      12:25:14 [32minfo[39m [ToolRegistry] 🔧 注册工具: code_analyze [code] 风险=low

      at Console.log (node_modules/winston/lib/winston/transports/console.js:87:23)

    console.log
      12:25:14 [32minfo[39m [ToolRegistry] 🔧 注册工具: code_fix [code] 风险=medium

      at Console.log (node_modules/winston/lib/winston/transports/console.js:87:23)

    console.log
      12:25:14 [32minfo[39m [ToolRegistry] 🔧 注册工具: task_manage [daily] 风险=low

      at Console.log (node_modules/winston/lib/winston/transports/console.js:87:23)

    console.log
      12:25:14 [32minfo[39m [ToolRegistry] 🔧 注册工具: reminder_set [daily] 风险=low

      at Console.log (node_modules/winston/lib/winston/transports/console.js:87:23)

    console.log
      12:25:14 [32minfo[39m [ToolRegistry] 🔧 注册工具: note_take [daily] 风险=low

      at Console.log (node_modules/winston/lib/winston/transports/console.js:87:23)

    console.log
      12:25:14 [32minfo[39m [ToolRegistry] 🔧 注册工具: system_status [daily] 风险=low

      at Console.log (node_modules/winston/lib/winston/transports/console.js:87:23)

    console.log
      12:25:14 [32minfo[39m [ToolRegistry] 🔧 注册工具: web_search [network] 风险=low

      at Console.log (node_modules/winston/lib/winston/transports/console.js:87:23)

    console.log
      12:25:14 [32minfo[39m [ToolRegistry] 🔧 注册工具: skill_create [network] 风险=medium

      at Console.log (node_modules/winston/lib/winston/transports/console.js:87:23)

    console.log
      12:25:14 [32minfo[39m [HarnessToolRegistrar] 🔧 Harness 工具注册完成: 25 个工具

      at Console.log (node_modules/winston/lib/winston/transports/console.js:87:23)

    console.log
      12:25:14 [32minfo[39m [AgentHarness]   🔧 工具层: 启用 (25 个工具)

      at Console.log (node_modules/winston/lib/winston/transports/console.js:87:23)

    console.log
      12:25:14 [32minfo[39m [AgentHarness]   🛡️ 约束层: 启用

      at Console.log (node_modules/winston/lib/winston/transports/console.js:87:23)

    console.log
      12:25:14 [32minfo[39m [AgentHarness]   ✅ 验证层: 启用

      at Console.log (node_modules/winston/lib/winston/transports/console.js:87:23)

    console.log
      12:25:14 [32minfo[39m [PersistenceService] 💾 PersistenceService 初始化

      at Console.log (node_modules/winston/lib/winston/transports/console.js:87:23)

    console.log
      12:25:14 [32minfo[39m [PersistenceService] 💾 已从磁盘加载 410 个任务状态

      at Console.log (node_modules/winston/lib/winston/transports/console.js:87:23)

    console.log
      12:25:14 [32minfo[39m [PersistenceService] 💾 已从磁盘加载 6 条进化指标

      at Console.log (node_modules/winston/lib/winston/transports/console.js:87:23)

    console.log
      12:25:14 [32minfo[39m [AgentHarness]   💾 持久化层: 启用

      at Console.log (node_modules/winston/lib/winston/transports/console.js:87:23)

    console.log
      12:25:14 [32minfo[39m [AgentHarness]   📋 独立评估服务: 启用

      at Console.log (node_modules/winston/lib/winston/transports/console.js:87:23)

    console.log
      12:25:14 [32minfo[39m [TrajectoryDatabase] 💾 TrajectoryDatabase 初始化: C:\zy\jiabaixing\data\trajectory\trajecto
ry.db

      at Console.log (node_modules/winston/lib/winston/transports/console.js:87:23)

    console.log
      12:25:14 [32minfo[39m [AgentHarness]   📊 轨迹持久化: 启用

      at Console.log (node_modules/winston/lib/winston/transports/console.js:87:23)

    console.log
      12:25:14 [32minfo[39m [AgentHarness]   📋 上下文层: 启用

      at Console.log (node_modules/winston/lib/winston/transports/console.js:87:23)

    console.log
      12:25:14 [32minfo[39m [AgentHarness]   🔄 循环层: 启用

      at Console.log (node_modules/winston/lib/winston/transports/console.js:87:23)

    console.log
      12:25:14 [32minfo[39m [AgentHarness] ✅ Agent Harness 初始化完成

      at Console.log (node_modules/winston/lib/winston/transports/console.js:87:23)

    console.log
      12:25:14 [32minfo[39m [AgentHarness] 🏗️ Agent Harness 初始化中...

      at Console.log (node_modules/winston/lib/winston/transports/console.js:87:23)

    console.log
      12:25:14 [32minfo[39m [ToolRegistry] 🔧 注册工具: memory_recall [memory] 风险=low

      at Console.log (node_modules/winston/lib/winston/transports/console.js:87:23)

    console.log
      12:25:14 [32minfo[39m [ToolRegistry] 🔧 注册工具: memory_store [memory] 风险=low

      at Console.log (node_modules/winston/lib/winston/transports/console.js:87:23)

    console.log
      12:25:14 [32minfo[39m [ToolRegistry] 🔧 注册工具: memory_search [memory] 风险=low

      at Console.log (node_modules/winston/lib/winston/transports/console.js:87:23)

    console.log
      12:25:14 [32minfo[39m [ToolRegistry] 🔧 注册工具: emotion_detect [cognition] 风险=low

      at Console.log (node_modules/winston/lib/winston/transports/console.js:87:23)

    console.log
      12:25:14 [32minfo[39m [ToolRegistry] 🔧 注册工具: analyze_scene [cognition] 风险=low

      at Console.log (node_modules/winston/lib/winston/transports/console.js:87:23)

    console.log
      12:25:14 [32minfo[39m [ToolRegistry] 🔧 注册工具: self_reflect [cognition] 风险=low

      at Console.log (node_modules/winston/lib/winston/transports/console.js:87:23)

    console.log
      12:25:14 [32minfo[39m [ToolRegistry] 🔧 注册工具: desktop_automate [desktop] 风险=high

      at Console.log (node_modules/winston/lib/winston/transports/console.js:87:23)

    console.log
      12:25:14 [32minfo[39m [ToolRegistry] 🔧 注册工具: desktop_screenshot [desktop] 风险=high

      at Console.log (node_modules/winston/lib/winston/transports/console.js:87:23)

    console.log
      12:25:14 [32minfo[39m [ToolRegistry] 🔧 注册工具: ask_clarification [system] 风险=low

      at Console.log (node_modules/winston/lib/winston/transports/console.js:87:23)

    console.log
      12:25:14 [32minfo[39m [ToolRegistry] 🔧 注册工具: preview_execution [system] 风险=low

      at Console.log (node_modules/winston/lib/winston/transports/console.js:87:23)

    console.log
      12:25:14 [32minfo[39m [ToolRegistry] 🔧 注册工具: rollback_changes [system] 风险=medium

      at Console.log (node_modules/winston/lib/winston/transports/console.js:87:23)

    console.log
      12:25:14 [32minfo[39m [ToolRegistry] 🔧 注册工具: get_active_file [file] 风险=low

      at Console.log (node_modules/winston/lib/winston/transports/console.js:87:23)

    console.log
      12:25:14 [32minfo[39m [ToolRegistry] 🔧 注册工具: incremental_edit [file] 风险=medium

      at Console.log (node_modules/winston/lib/winston/transports/console.js:87:23)

    console.log
      12:25:14 [32minfo[39m [ToolRegistry] 🔧 注册工具: multi_file_edit [file] 风险=high

      at Console.log (node_modules/winston/lib/winston/transports/console.js:87:23)

    console.log
      12:25:14 [32minfo[39m [ToolRegistry] 🔧 注册工具: file_search [file] 风险=low

      at Console.log (node_modules/winston/lib/winston/transports/console.js:87:23)

    console.log
      12:25:14 [32minfo[39m [ToolRegistry] 🔧 注册工具: file_list [file] 风险=low

      at Console.log (node_modules/winston/lib/winston/transports/console.js:87:23)

    console.log
      12:25:14 [32minfo[39m [ToolRegistry] 🔧 注册工具: code_generate [code] 风险=medium

      at Console.log (node_modules/winston/lib/winston/transports/console.js:87:23)

    console.log
      12:25:14 [32minfo[39m [ToolRegistry] 🔧 注册工具: code_analyze [code] 风险=low

      at Console.log (node_modules/winston/lib/winston/transports/console.js:87:23)

    console.log
      12:25:14 [32minfo[39m [ToolRegistry] 🔧 注册工具: code_fix [code] 风险=medium

      at Console.log (node_modules/winston/lib/winston/transports/console.js:87:23)

    console.log
      12:25:14 [32minfo[39m [ToolRegistry] 🔧 注册工具: task_manage [daily] 风险=low

      at Console.log (node_modules/winston/lib/winston/transports/console.js:87:23)

    console.log
      12:25:14 [32minfo[39m [ToolRegistry] 🔧 注册工具: reminder_set [daily] 风险=low

      at Console.log (node_modules/winston/lib/winston/transports/console.js:87:23)

    console.log
      12:25:14 [32minfo[39m [ToolRegistry] 🔧 注册工具: note_take [daily] 风险=low

      at Console.log (node_modules/winston/lib/winston/transports/console.js:87:23)

    console.log
      12:25:14 [32minfo[39m [ToolRegistry] 🔧 注册工具: system_status [daily] 风险=low

      at Console.log (node_modules/winston/lib/winston/transports/console.js:87:23)

    console.log
      12:25:14 [32minfo[39m [ToolRegistry] 🔧 注册工具: web_search [network] 风险=low

      at Console.log (node_modules/winston/lib/winston/transports/console.js:87:23)

    console.log
      12:25:14 [32minfo[39m [ToolRegistry] 🔧 注册工具: skill_create [network] 风险=medium

      at Console.log (node_modules/winston/lib/winston/transports/console.js:87:23)

    console.log
      12:25:14 [32minfo[39m [HarnessToolRegistrar] 🔧 Harness 工具注册完成: 25 个工具

      at Console.log (node_modules/winston/lib/winston/transports/console.js:87:23)

    console.log
      12:25:14 [32minfo[39m [AgentHarness]   🔧 工具层: 启用 (25 个工具)

      at Console.log (node_modules/winston/lib/winston/transports/console.js:87:23)

    console.log
      12:25:14 [32minfo[39m [AgentHarness]   🛡️ 约束层: 启用

      at Console.log (node_modules/winston/lib/winston/transports/console.js:87:23)

    console.log
      12:25:14 [32minfo[39m [AgentHarness]   ✅ 验证层: 启用

      at Console.log (node_modules/winston/lib/winston/transports/console.js:87:23)

    console.log
      12:25:14 [32minfo[39m [PersistenceService] 💾 PersistenceService 初始化

      at Console.log (node_modules/winston/lib/winston/transports/console.js:87:23)

    console.log
      12:25:14 [32minfo[39m [PersistenceService] 💾 已从磁盘加载 410 个任务状态

      at Console.log (node_modules/winston/lib/winston/transports/console.js:87:23)

    console.log
      12:25:14 [32minfo[39m [PersistenceService] 💾 已从磁盘加载 6 条进化指标

      at Console.log (node_modules/winston/lib/winston/transports/console.js:87:23)

    console.log
      12:25:14 [32minfo[39m [AgentHarness]   💾 持久化层: 启用

      at Console.log (node_modules/winston/lib/winston/transports/console.js:87:23)

    console.log
      12:25:14 [32minfo[39m [AgentHarness]   📋 独立评估服务: 启用

      at Console.log (node_modules/winston/lib/winston/transports/console.js:87:23)

    console.log
      12:25:14 [32minfo[39m [TrajectoryDatabase] 💾 TrajectoryDatabase 初始化: C:\zy\jiabaixing\data\trajectory\trajecto
ry.db

      at Console.log (node_modules/winston/lib/winston/transports/console.js:87:23)

    console.log
      12:25:14 [32minfo[39m [AgentHarness]   📊 轨迹持久化: 启用

      at Console.log (node_modules/winston/lib/winston/transports/console.js:87:23)

    console.log
      12:25:14 [32minfo[39m [AgentHarness]   📋 上下文层: 启用

      at Console.log (node_modules/winston/lib/winston/transports/console.js:87:23)

    console.log
      12:25:14 [32minfo[39m [AgentHarness]   🔄 循环层: 启用

      at Console.log (node_modules/winston/lib/winston/transports/console.js:87:23)

    console.log
      12:25:14 [32minfo[39m [AgentHarness] ✅ Agent Harness 初始化完成

      at Console.log (node_modules/winston/lib/winston/transports/console.js:87:23)

    console.log
      12:25:14 [32minfo[39m [AgentHarness] 🏗️ Agent Harness 初始化中...

      at Console.log (node_modules/winston/lib/winston/transports/console.js:87:23)

    console.log
      12:25:14 [32minfo[39m [ToolRegistry] 🔧 注册工具: memory_recall [memory] 风险=low

      at Console.log (node_modules/winston/lib/winston/transports/console.js:87:23)

    console.log
      12:25:14 [32minfo[39m [ToolRegistry] 🔧 注册工具: memory_store [memory] 风险=low

      at Console.log (node_modules/winston/lib/winston/transports/console.js:87:23)

    console.log
      12:25:14 [32minfo[39m [ToolRegistry] 🔧 注册工具: memory_search [memory] 风险=low

      at Console.log (node_modules/winston/lib/winston/transports/console.js:87:23)

    console.log
      12:25:14 [32minfo[39m [ToolRegistry] 🔧 注册工具: emotion_detect [cognition] 风险=low

      at Console.log (node_modules/winston/lib/winston/transports/console.js:87:23)

    console.log
      12:25:14 [32minfo[39m [ToolRegistry] 🔧 注册工具: analyze_scene [cognition] 风险=low

      at Console.log (node_modules/winston/lib/winston/transports/console.js:87:23)

    console.log
      12:25:14 [32minfo[39m [ToolRegistry] 🔧 注册工具: self_reflect [cognition] 风险=low

      at Console.log (node_modules/winston/lib/winston/transports/console.js:87:23)

    console.log
      12:25:14 [32minfo[39m [ToolRegistry] 🔧 注册工具: desktop_automate [desktop] 风险=high

      at Console.log (node_modules/winston/lib/winston/transports/console.js:87:23)

    console.log
      12:25:14 [32minfo[39m [ToolRegistry] 🔧 注册工具: desktop_screenshot [desktop] 风险=high

      at Console.log (node_modules/winston/lib/winston/transports/console.js:87:23)

    console.log
      12:25:14 [32minfo[39m [ToolRegistry] 🔧 注册工具: ask_clarification [system] 风险=low

      at Console.log (node_modules/winston/lib/winston/transports/console.js:87:23)

    console.log
      12:25:14 [32minfo[39m [ToolRegistry] 🔧 注册工具: preview_execution [system] 风险=low

      at Console.log (node_modules/winston/lib/winston/transports/console.js:87:23)

    console.log
      12:25:14 [32minfo[39m [ToolRegistry] 🔧 注册工具: rollback_changes [system] 风险=medium

      at Console.log (node_modules/winston/lib/winston/transports/console.js:87:23)

    console.log
      12:25:14 [32minfo[39m [ToolRegistry] 🔧 注册工具: get_active_file [file] 风险=low

      at Console.log (node_modules/winston/lib/winston/transports/console.js:87:23)

    console.log
      12:25:14 [32minfo[39m [ToolRegistry] 🔧 注册工具: incremental_edit [file] 风险=medium

      at Console.log (node_modules/winston/lib/winston/transports/console.js:87:23)

    console.log
      12:25:14 [32minfo[39m [ToolRegistry] 🔧 注册工具: multi_file_edit [file] 风险=high

      at Console.log (node_modules/winston/lib/winston/transports/console.js:87:23)

    console.log
      12:25:14 [32minfo[39m [ToolRegistry] 🔧 注册工具: file_search [file] 风险=low

      at Console.log (node_modules/winston/lib/winston/transports/console.js:87:23)

    console.log
      12:25:14 [32minfo[39m [ToolRegistry] 🔧 注册工具: file_list [file] 风险=low

      at Console.log (node_modules/winston/lib/winston/transports/console.js:87:23)

    console.log
      12:25:14 [32minfo[39m [ToolRegistry] 🔧 注册工具: code_generate [code] 风险=medium

      at Console.log (node_modules/winston/lib/winston/transports/console.js:87:23)

    console.log
      12:25:14 [32minfo[39m [ToolRegistry] 🔧 注册工具: code_analyze [code] 风险=low

      at Console.log (node_modules/winston/lib/winston/transports/console.js:87:23)

    console.log
      12:25:14 [32minfo[39m [ToolRegistry] 🔧 注册工具: code_fix [code] 风险=medium

      at Console.log (node_modules/winston/lib/winston/transports/console.js:87:23)

    console.log
      12:25:14 [32minfo[39m [ToolRegistry] 🔧 注册工具: task_manage [daily] 风险=low

      at Console.log (node_modules/winston/lib/winston/transports/console.js:87:23)

    console.log
      12:25:14 [32minfo[39m [ToolRegistry] 🔧 注册工具: reminder_set [daily] 风险=low

      at Console.log (node_modules/winston/lib/winston/transports/console.js:87:23)

    console.log
      12:25:14 [32minfo[39m [ToolRegistry] 🔧 注册工具: note_take [daily] 风险=low

      at Console.log (node_modules/winston/lib/winston/transports/console.js:87:23)

    console.log
      12:25:14 [32minfo[39m [ToolRegistry] 🔧 注册工具: system_status [daily] 风险=low

      at Console.log (node_modules/winston/lib/winston/transports/console.js:87:23)

    console.log
      12:25:14 [32minfo[39m [ToolRegistry] 🔧 注册工具: web_search [network] 风险=low

      at Console.log (node_modules/winston/lib/winston/transports/console.js:87:23)

    console.log
      12:25:14 [32minfo[39m [ToolRegistry] 🔧 注册工具: skill_create [network] 风险=medium

      at Console.log (node_modules/winston/lib/winston/transports/console.js:87:23)

    console.log
      12:25:14 [32minfo[39m [HarnessToolRegistrar] 🔧 Harness 工具注册完成: 25 个工具

      at Console.log (node_modules/winston/lib/winston/transports/console.js:87:23)

    console.log
      12:25:14 [32minfo[39m [AgentHarness]   🔧 工具层: 启用 (25 个工具)

      at Console.log (node_modules/winston/lib/winston/transports/console.js:87:23)

    console.log
      12:25:14 [32minfo[39m [AgentHarness]   🛡️ 约束层: 启用

      at Console.log (node_modules/winston/lib/winston/transports/console.js:87:23)

    console.log
      12:25:14 [32minfo[39m [AgentHarness]   ✅ 验证层: 启用

      at Console.log (node_modules/winston/lib/winston/transports/console.js:87:23)

    console.log
      12:25:14 [32minfo[39m [PersistenceService] 💾 PersistenceService 初始化

      at Console.log (node_modules/winston/lib/winston/transports/console.js:87:23)

    console.log
      12:25:14 [32minfo[39m [PersistenceService] 💾 已从磁盘加载 410 个任务状态

      at Console.log (node_modules/winston/lib/winston/transports/console.js:87:23)

    console.log
      12:25:14 [32minfo[39m [PersistenceService] 💾 已从磁盘加载 6 条进化指标

      at Console.log (node_modules/winston/lib/winston/transports/console.js:87:23)

    console.log
      12:25:14 [32minfo[39m [AgentHarness]   💾 持久化层: 启用

      at Console.log (node_modules/winston/lib/winston/transports/console.js:87:23)

    console.log
      12:25:14 [32minfo[39m [AgentHarness]   📋 独立评估服务: 启用

      at Console.log (node_modules/winston/lib/winston/transports/console.js:87:23)

    console.log
      12:25:14 [32minfo[39m [TrajectoryDatabase] 💾 TrajectoryDatabase 初始化: C:\zy\jiabaixing\data\trajectory\trajecto
ry.db

      at Console.log (node_modules/winston/lib/winston/transports/console.js:87:23)

    console.log
      12:25:14 [32minfo[39m [AgentHarness]   📊 轨迹持久化: 启用

      at Console.log (node_modules/winston/lib/winston/transports/console.js:87:23)

  ● 持久化层深度集成 › 进化指标记录和查询

    expect(received).toHaveLength(expected)

    Expected length: 6
    Received length: 12
    Received array:  [{"metadata": {"inputLength": 25, "responseLength": 69, "traceId": ""}, "metricType": "feedback", 
"timestamp": 1779852423526, "value": 1}, {"metadata": {"inputLength": 25, "responseLength": 69, "traceId": "trace_mpni6
drw_x8m4zi23j"}, "metricType": "feedback", "timestamp": 1779852423538, "value": 1}, {"metadata": {"inputLength": 19, "r
esponseLength": 106, "traceId": ""}, "metricType": "feedback", "timestamp": 1779852430144, "value": 1}, {"metadata": {"
inputLength": 19, "responseLength": 106, "traceId": "trace_mpni6h5s_bcj0slnv0"}, "metricType": "feedback", "timestamp":
 1779852430153, "value": 1}, {"metadata": {"inputLength": 18, "responseLength": 213, "traceId": ""}, "metricType": "fee
dback", "timestamp": 1779852496427, "value": 1}, {"metadata": {"inputLength": 18, "responseLength": 213, "traceId": "tr
ace_mpni7x3v_ll951fwfi"}, "metricType": "feedback", "timestamp": 1779852496439, "value": 1}, {"metricType": "tool_succe
ss_rate", "timestamp": 1779855914212, "value": 0.9}, {"metricType": "tool_success_rate", "timestamp": 1779855915212, "v
alue": 0.92}, {"metricType": "tool_success_rate", "timestamp": 1779855916212, "value": 0.9400000000000001}, {"metricTyp
e": "tool_success_rate", "timestamp": 1779855917212, "value": 0.96}, …]

      512 |
      513 |     const allMetrics = persistence.getEvolutionMetrics();
    > 514 |     expect(allMetrics).toHaveLength(6);
          |                        ^
      515 |
      516 |     const limitedMetrics = persistence.getEvolutionMetrics(undefined, 3);
      517 |     expect(limitedMetrics).toHaveLength(3);

      at Object.<anonymous> (tests/harness/phase3-4-deep.test.ts:514:24)

PASS tests/harness/comprehensive-coverage.test.ts (10.337 s)
  ● Console

    console.log
      12:25:14 [32minfo[39m [ToolRegistry] 🔧 注册工具: memory_recall [memory] 风险=low

      at Console.log (node_modules/winston/lib/winston/transports/console.js:87:23)

    console.log
      12:25:14 [32minfo[39m [ToolRegistry] 🔧 注册工具: memory_store [memory] 风险=low

      at Console.log (node_modules/winston/lib/winston/transports/console.js:87:23)

    console.log
      12:25:14 [32minfo[39m [ToolRegistry] 🔧 注册工具: memory_search [memory] 风险=low

      at Console.log (node_modules/winston/lib/winston/transports/console.js:87:23)

    console.log
      12:25:14 [32minfo[39m [ToolRegistry] 🔧 注册工具: emotion_detect [cognition] 风险=low

      at Console.log (node_modules/winston/lib/winston/transports/console.js:87:23)

    console.log
      12:25:14 [32minfo[39m [ToolRegistry] 🔧 注册工具: analyze_scene [cognition] 风险=low

      at Console.log (node_modules/winston/lib/winston/transports/console.js:87:23)

    console.log
      12:25:14 [32minfo[39m [ToolRegistry] 🔧 注册工具: self_reflect [cognition] 风险=low

      at Console.log (node_modules/winston/lib/winston/transports/console.js:87:23)

    console.log
      12:25:14 [32minfo[39m [ToolRegistry] 🔧 注册工具: desktop_automate [desktop] 风险=high

      at Console.log (node_modules/winston/lib/winston/transports/console.js:87:23)

    console.log
      12:25:14 [32minfo[39m [ToolRegistry] 🔧 注册工具: desktop_screenshot [desktop] 风险=high

      at Console.log (node_modules/winston/lib/winston/transports/console.js:87:23)

    console.log
      12:25:14 [32minfo[39m [ToolRegistry] 🔧 注册工具: ask_clarification [system] 风险=low

      at Console.log (node_modules/winston/lib/winston/transports/console.js:87:23)

    console.log
      12:25:14 [32minfo[39m [ToolRegistry] 🔧 注册工具: preview_execution [system] 风险=low

      at Console.log (node_modules/winston/lib/winston/transports/console.js:87:23)

    console.log
      12:25:14 [32minfo[39m [ToolRegistry] 🔧 注册工具: rollback_changes [system] 风险=medium

      at Console.log (node_modules/winston/lib/winston/transports/console.js:87:23)

    console.log
      12:25:14 [32minfo[39m [ToolRegistry] 🔧 注册工具: get_active_file [file] 风险=low

      at Console.log (node_modules/winston/lib/winston/transports/console.js:87:23)

    console.log
      12:25:14 [32minfo[39m [ToolRegistry] 🔧 注册工具: incremental_edit [file] 风险=medium

      at Console.log (node_modules/winston/lib/winston/transports/console.js:87:23)

    console.log
      12:25:14 [32minfo[39m [ToolRegistry] 🔧 注册工具: multi_file_edit [file] 风险=high

      at Console.log (node_modules/winston/lib/winston/transports/console.js:87:23)

    console.log
      12:25:14 [32minfo[39m [ToolRegistry] 🔧 注册工具: file_search [file] 风险=low

      at Console.log (node_modules/winston/lib/winston/transports/console.js:87:23)

    console.log
      12:25:14 [32minfo[39m [ToolRegistry] 🔧 注册工具: file_list [file] 风险=low

      at Console.log (node_modules/winston/lib/winston/transports/console.js:87:23)

    console.log
      12:25:14 [32minfo[39m [ToolRegistry] 🔧 注册工具: code_generate [code] 风险=medium

      at Console.log (node_modules/winston/lib/winston/transports/console.js:87:23)

    console.log
      12:25:14 [32minfo[39m [ToolRegistry] 🔧 注册工具: code_analyze [code] 风险=low

      at Console.log (node_modules/winston/lib/winston/transports/console.js:87:23)

    console.log
      12:25:14 [32minfo[39m [ToolRegistry] 🔧 注册工具: code_fix [code] 风险=medium

      at Console.log (node_modules/winston/lib/winston/transports/console.js:87:23)

    console.log
      12:25:14 [32minfo[39m [ToolRegistry] 🔧 注册工具: task_manage [daily] 风险=low

      at Console.log (node_modules/winston/lib/winston/transports/console.js:87:23)

    console.log
      12:25:14 [32minfo[39m [ToolRegistry] 🔧 注册工具: reminder_set [daily] 风险=low

      at Console.log (node_modules/winston/lib/winston/transports/console.js:87:23)

    console.log
      12:25:14 [32minfo[39m [ToolRegistry] 🔧 注册工具: note_take [daily] 风险=low

      at Console.log (node_modules/winston/lib/winston/transports/console.js:87:23)

    console.log
      12:25:14 [32minfo[39m [ToolRegistry] 🔧 注册工具: system_status [daily] 风险=low

      at Console.log (node_modules/winston/lib/winston/transports/console.js:87:23)

    console.log
      12:25:14 [32minfo[39m [ToolRegistry] 🔧 注册工具: web_search [network] 风险=low

      at Console.log (node_modules/winston/lib/winston/transports/console.js:87:23)

    console.log
      12:25:14 [32minfo[39m [ToolRegistry] 🔧 注册工具: skill_create [network] 风险=medium

      at Console.log (node_modules/winston/lib/winston/transports/console.js:87:23)

    console.log
      12:25:14 [32minfo[39m [HarnessToolRegistrar] 🔧 Harness 工具注册完成: 25 个工具

      at Console.log (node_modules/winston/lib/winston/transports/console.js:87:23)

    console.log
      12:25:14 [32minfo[39m [ToolRegistry] 🔧 注册工具: memory_recall [memory] 风险=low

      at Console.log (node_modules/winston/lib/winston/transports/console.js:87:23)

    console.log
      12:25:14 [32minfo[39m [ToolRegistry] 🔧 注册工具: memory_store [memory] 风险=low

      at Console.log (node_modules/winston/lib/winston/transports/console.js:87:23)

    console.log
      12:25:14 [32minfo[39m [ToolRegistry] 🔧 注册工具: memory_search [memory] 风险=low

      at Console.log (node_modules/winston/lib/winston/transports/console.js:87:23)

    console.log
      12:25:14 [32minfo[39m [ToolRegistry] 🔧 注册工具: emotion_detect [cognition] 风险=low

      at Console.log (node_modules/winston/lib/winston/transports/console.js:87:23)

    console.log
      12:25:14 [32minfo[39m [ToolRegistry] 🔧 注册工具: analyze_scene [cognition] 风险=low

      at Console.log (node_modules/winston/lib/winston/transports/console.js:87:23)

    console.log
      12:25:14 [32minfo[39m [ToolRegistry] 🔧 注册工具: self_reflect [cognition] 风险=low

      at Console.log (node_modules/winston/lib/winston/transports/console.js:87:23)

    console.log
      12:25:14 [32minfo[39m [ToolRegistry] 🔧 注册工具: desktop_automate [desktop] 风险=high

      at Console.log (node_modules/winston/lib/winston/transports/console.js:87:23)

    console.log
      12:25:14 [32minfo[39m [ToolRegistry] 🔧 注册工具: desktop_screenshot [desktop] 风险=high

      at Console.log (node_modules/winston/lib/winston/transports/console.js:87:23)

    console.log
      12:25:14 [32minfo[39m [ToolRegistry] 🔧 注册工具: ask_clarification [system] 风险=low

      at Console.log (node_modules/winston/lib/winston/transports/console.js:87:23)

    console.log
      12:25:14 [32minfo[39m [ToolRegistry] 🔧 注册工具: preview_execution [system] 风险=low

      at Console.log (node_modules/winston/lib/winston/transports/console.js:87:23)

    console.log
      12:25:14 [32minfo[39m [ToolRegistry] 🔧 注册工具: rollback_changes [system] 风险=medium

      at Console.log (node_modules/winston/lib/winston/transports/console.js:87:23)

    console.log
      12:25:14 [32minfo[39m [ToolRegistry] 🔧 注册工具: get_active_file [file] 风险=low

      at Console.log (node_modules/winston/lib/winston/transports/console.js:87:23)

    console.log
      12:25:14 [32minfo[39m [ToolRegistry] 🔧 注册工具: incremental_edit [file] 风险=medium

      at Console.log (node_modules/winston/lib/winston/transports/console.js:87:23)

    console.log
      12:25:14 [32minfo[39m [ToolRegistry] 🔧 注册工具: multi_file_edit [file] 风险=high

      at Console.log (node_modules/winston/lib/winston/transports/console.js:87:23)

    console.log
      12:25:14 [32minfo[39m [ToolRegistry] 🔧 注册工具: file_search [file] 风险=low

      at Console.log (node_modules/winston/lib/winston/transports/console.js:87:23)

    console.log
      12:25:14 [32minfo[39m [ToolRegistry] 🔧 注册工具: file_list [file] 风险=low

      at Console.log (node_modules/winston/lib/winston/transports/console.js:87:23)

    console.log
      12:25:14 [32minfo[39m [ToolRegistry] 🔧 注册工具: code_generate [code] 风险=medium

      at Console.log (node_modules/winston/lib/winston/transports/console.js:87:23)

    console.log
      12:25:14 [32minfo[39m [ToolRegistry] 🔧 注册工具: code_analyze [code] 风险=low

      at Console.log (node_modules/winston/lib/winston/transports/console.js:87:23)

    console.log
      12:25:14 [32minfo[39m [ToolRegistry] 🔧 注册工具: code_fix [code] 风险=medium

      at Console.log (node_modules/winston/lib/winston/transports/console.js:87:23)

    console.log
      12:25:14 [32minfo[39m [ToolRegistry] 🔧 注册工具: task_manage [daily] 风险=low

      at Console.log (node_modules/winston/lib/winston/transports/console.js:87:23)

    console.log
      12:25:14 [32minfo[39m [ToolRegistry] 🔧 注册工具: reminder_set [daily] 风险=low

      at Console.log (node_modules/winston/lib/winston/transports/console.js:87:23)

    console.log
      12:25:14 [32minfo[39m [ToolRegistry] 🔧 注册工具: note_take [daily] 风险=low

      at Console.log (node_modules/winston/lib/winston/transports/console.js:87:23)

    console.log
      12:25:14 [32minfo[39m [ToolRegistry] 🔧 注册工具: system_status [daily] 风险=low

      at Console.log (node_modules/winston/lib/winston/transports/console.js:87:23)

    console.log
      12:25:14 [32minfo[39m [ToolRegistry] 🔧 注册工具: web_search [network] 风险=low

      at Console.log (node_modules/winston/lib/winston/transports/console.js:87:23)

    console.log
      12:25:14 [32minfo[39m [ToolRegistry] 🔧 注册工具: skill_create [network] 风险=medium

      at Console.log (node_modules/winston/lib/winston/transports/console.js:87:23)

    console.log
      12:25:14 [32minfo[39m [HarnessToolRegistrar] 🔧 Harness 工具注册完成: 25 个工具

      at Console.log (node_modules/winston/lib/winston/transports/console.js:87:23)

    console.log
      12:25:14 [32minfo[39m [ToolRegistry] 🔧 注册工具: memory_recall [memory] 风险=low

      at Console.log (node_modules/winston/lib/winston/transports/console.js:87:23)

    console.log
      12:25:14 [32minfo[39m [ToolRegistry] 🔧 注册工具: memory_store [memory] 风险=low

      at Console.log (node_modules/winston/lib/winston/transports/console.js:87:23)

    console.log
      12:25:14 [32minfo[39m [ToolRegistry] 🔧 注册工具: memory_search [memory] 风险=low

      at Console.log (node_modules/winston/lib/winston/transports/console.js:87:23)

    console.log
      12:25:14 [32minfo[39m [ToolRegistry] 🔧 注册工具: emotion_detect [cognition] 风险=low

      at Console.log (node_modules/winston/lib/winston/transports/console.js:87:23)

    console.log
      12:25:14 [32minfo[39m [ToolRegistry] 🔧 注册工具: analyze_scene [cognition] 风险=low

      at Console.log (node_modules/winston/lib/winston/transports/console.js:87:23)

    console.log
      12:25:14 [32minfo[39m [ToolRegistry] 🔧 注册工具: self_reflect [cognition] 风险=low

      at Console.log (node_modules/winston/lib/winston/transports/console.js:87:23)

    console.log
      12:25:14 [32minfo[39m [ToolRegistry] 🔧 注册工具: desktop_automate [desktop] 风险=high

      at Console.log (node_modules/winston/lib/winston/transports/console.js:87:23)

    console.log
      12:25:14 [32minfo[39m [ToolRegistry] 🔧 注册工具: desktop_screenshot [desktop] 风险=high

      at Console.log (node_modules/winston/lib/winston/transports/console.js:87:23)

    console.log
      12:25:14 [32minfo[39m [ToolRegistry] 🔧 注册工具: ask_clarification [system] 风险=low

      at Console.log (node_modules/winston/lib/winston/transports/console.js:87:23)

    console.log
      12:25:14 [32minfo[39m [ToolRegistry] 🔧 注册工具: preview_execution [system] 风险=low

      at Console.log (node_modules/winston/lib/winston/transports/console.js:87:23)

    console.log
      12:25:14 [32minfo[39m [ToolRegistry] 🔧 注册工具: rollback_changes [system] 风险=medium

      at Console.log (node_modules/winston/lib/winston/transports/console.js:87:23)

    console.log
      12:25:14 [32minfo[39m [ToolRegistry] 🔧 注册工具: get_active_file [file] 风险=low

      at Console.log (node_modules/winston/lib/winston/transports/console.js:87:23)

    console.log
      12:25:14 [32minfo[39m [ToolRegistry] 🔧 注册工具: incremental_edit [file] 风险=medium

      at Console.log (node_modules/winston/lib/winston/transports/console.js:87:23)

    console.log
      12:25:14 [32minfo[39m [ToolRegistry] 🔧 注册工具: multi_file_edit [file] 风险=high

      at Console.log (node_modules/winston/lib/winston/transports/console.js:87:23)

    console.log
      12:25:14 [32minfo[39m [ToolRegistry] 🔧 注册工具: file_search [file] 风险=low

      at Console.log (node_modules/winston/lib/winston/transports/console.js:87:23)

    console.log
      12:25:14 [32minfo[39m [ToolRegistry] 🔧 注册工具: file_list [file] 风险=low

      at Console.log (node_modules/winston/lib/winston/transports/console.js:87:23)

    console.log
      12:25:14 [32minfo[39m [ToolRegistry] 🔧 注册工具: code_generate [code] 风险=medium

      at Console.log (node_modules/winston/lib/winston/transports/console.js:87:23)

    console.log
      12:25:14 [32minfo[39m [ToolRegistry] 🔧 注册工具: code_analyze [code] 风险=low

      at Console.log (node_modules/winston/lib/winston/transports/console.js:87:23)

    console.log
      12:25:14 [32minfo[39m [ToolRegistry] 🔧 注册工具: code_fix [code] 风险=medium

      at Console.log (node_modules/winston/lib/winston/transports/console.js:87:23)

    console.log
      12:25:14 [32minfo[39m [ToolRegistry] 🔧 注册工具: task_manage [daily] 风险=low

      at Console.log (node_modules/winston/lib/winston/transports/console.js:87:23)

    console.log
      12:25:14 [32minfo[39m [ToolRegistry] 🔧 注册工具: reminder_set [daily] 风险=low

      at Console.log (node_modules/winston/lib/winston/transports/console.js:87:23)

    console.log
      12:25:14 [32minfo[39m [ToolRegistry] 🔧 注册工具: note_take [daily] 风险=low

      at Console.log (node_modules/winston/lib/winston/transports/console.js:87:23)

    console.log
      12:25:14 [32minfo[39m [ToolRegistry] 🔧 注册工具: system_status [daily] 风险=low

      at Console.log (node_modules/winston/lib/winston/transports/console.js:87:23)

    console.log
      12:25:14 [32minfo[39m [ToolRegistry] 🔧 注册工具: web_search [network] 风险=low

      at Console.log (node_modules/winston/lib/winston/transports/console.js:87:23)

    console.log
      12:25:14 [32minfo[39m [ToolRegistry] 🔧 注册工具: skill_create [network] 风险=medium

      at Console.log (node_modules/winston/lib/winston/transports/console.js:87:23)

    console.log
      12:25:14 [32minfo[39m [HarnessToolRegistrar] 🔧 Harness 工具注册完成: 25 个工具

      at Console.log (node_modules/winston/lib/winston/transports/console.js:87:23)

    console.log
      12:25:14 [32minfo[39m [ToolRegistry] 🔧 注册工具: memory_recall [memory] 风险=low

      at Console.log (node_modules/winston/lib/winston/transports/console.js:87:23)

    console.log
      12:25:14 [32minfo[39m [ToolRegistry] 🔧 注册工具: memory_store [memory] 风险=low

      at Console.log (node_modules/winston/lib/winston/transports/console.js:87:23)

    console.log
      12:25:14 [32minfo[39m [ToolRegistry] 🔧 注册工具: memory_search [memory] 风险=low

      at Console.log (node_modules/winston/lib/winston/transports/console.js:87:23)

    console.log
      12:25:14 [32minfo[39m [ToolRegistry] 🔧 注册工具: emotion_detect [cognition] 风险=low

      at Console.log (node_modules/winston/lib/winston/transports/console.js:87:23)

    console.log
      12:25:14 [32minfo[39m [ToolRegistry] 🔧 注册工具: analyze_scene [cognition] 风险=low

      at Console.log (node_modules/winston/lib/winston/transports/console.js:87:23)

    console.log
      12:25:14 [32minfo[39m [ToolRegistry] 🔧 注册工具: self_reflect [cognition] 风险=low

      at Console.log (node_modules/winston/lib/winston/transports/console.js:87:23)

    console.log
      12:25:14 [32minfo[39m [ToolRegistry] 🔧 注册工具: desktop_automate [desktop] 风险=high

      at Console.log (node_modules/winston/lib/winston/transports/console.js:87:23)

    console.log
      12:25:14 [32minfo[39m [ToolRegistry] 🔧 注册工具: desktop_screenshot [desktop] 风险=high

      at Console.log (node_modules/winston/lib/winston/transports/console.js:87:23)

    console.log
      12:25:14 [32minfo[39m [ToolRegistry] 🔧 注册工具: ask_clarification [system] 风险=low

      at Console.log (node_modules/winston/lib/winston/transports/console.js:87:23)

    console.log
      12:25:14 [32minfo[39m [ToolRegistry] 🔧 注册工具: preview_execution [system] 风险=low

      at Console.log (node_modules/winston/lib/winston/transports/console.js:87:23)

    console.log
      12:25:14 [32minfo[39m [ToolRegistry] 🔧 注册工具: rollback_changes [system] 风险=medium

      at Console.log (node_modules/winston/lib/winston/transports/console.js:87:23)

    console.log
      12:25:14 [32minfo[39m [ToolRegistry] 🔧 注册工具: get_active_file [file] 风险=low

      at Console.log (node_modules/winston/lib/winston/transports/console.js:87:23)

    console.log
      12:25:14 [32minfo[39m [ToolRegistry] 🔧 注册工具: incremental_edit [file] 风险=medium

      at Console.log (node_modules/winston/lib/winston/transports/console.js:87:23)

    console.log
      12:25:14 [32minfo[39m [ToolRegistry] 🔧 注册工具: multi_file_edit [file] 风险=high

      at Console.log (node_modules/winston/lib/winston/transports/console.js:87:23)

    console.log
      12:25:14 [32minfo[39m [ToolRegistry] 🔧 注册工具: file_search [file] 风险=low

      at Console.log (node_modules/winston/lib/winston/transports/console.js:87:23)

    console.log
      12:25:14 [32minfo[39m [ToolRegistry] 🔧 注册工具: file_list [file] 风险=low

      at Console.log (node_modules/winston/lib/winston/transports/console.js:87:23)

    console.log
      12:25:14 [32minfo[39m [ToolRegistry] 🔧 注册工具: code_generate [code] 风险=medium

      at Console.log (node_modules/winston/lib/winston/transports/console.js:87:23)

    console.log
      12:25:14 [32minfo[39m [ToolRegistry] 🔧 注册工具: code_analyze [code] 风险=low

      at Console.log (node_modules/winston/lib/winston/transports/console.js:87:23)

    console.log
      12:25:14 [32minfo[39m [ToolRegistry] 🔧 注册工具: code_fix [code] 风险=medium

      at Console.log (node_modules/winston/lib/winston/transports/console.js:87:23)

    console.log
      12:25:14 [32minfo[39m [ToolRegistry] 🔧 注册工具: task_manage [daily] 风险=low

      at Console.log (node_modules/winston/lib/winston/transports/console.js:87:23)

    console.log
      12:25:14 [32minfo[39m [ToolRegistry] 🔧 注册工具: reminder_set [daily] 风险=low

      at Console.log (node_modules/winston/lib/winston/transports/console.js:87:23)

    console.log
      12:25:14 [32minfo[39m [ToolRegistry] 🔧 注册工具: note_take [daily] 风险=low

      at Console.log (node_modules/winston/lib/winston/transports/console.js:87:23)

    console.log
      12:25:14 [32minfo[39m [ToolRegistry] 🔧 注册工具: system_status [daily] 风险=low

      at Console.log (node_modules/winston/lib/winston/transports/console.js:87:23)

    console.log
      12:25:14 [32minfo[39m [ToolRegistry] 🔧 注册工具: web_search [network] 风险=low

      at Console.log (node_modules/winston/lib/winston/transports/console.js:87:23)

    console.log
      12:25:14 [32minfo[39m [ToolRegistry] 🔧 注册工具: skill_create [network] 风险=medium

      at Console.log (node_modules/winston/lib/winston/transports/console.js:87:23)

    console.log
      12:25:14 [32minfo[39m [HarnessToolRegistrar] 🔧 Harness 工具注册完成: 25 个工具

      at Console.log (node_modules/winston/lib/winston/transports/console.js:87:23)

    console.log
      12:25:14 [32minfo[39m [ToolRegistry] 🔧 注册工具: memory_recall [memory] 风险=low

      at Console.log (node_modules/winston/lib/winston/transports/console.js:87:23)

    console.log
      12:25:14 [32minfo[39m [ToolRegistry] 🔧 注册工具: memory_store [memory] 风险=low

      at Console.log (node_modules/winston/lib/winston/transports/console.js:87:23)

    console.log
      12:25:14 [32minfo[39m [ToolRegistry] 🔧 注册工具: memory_search [memory] 风险=low

      at Console.log (node_modules/winston/lib/winston/transports/console.js:87:23)

    console.log
      12:25:14 [32minfo[39m [ToolRegistry] 🔧 注册工具: emotion_detect [cognition] 风险=low

      at Console.log (node_modules/winston/lib/winston/transports/console.js:87:23)

    console.log
      12:25:14 [32minfo[39m [ToolRegistry] 🔧 注册工具: analyze_scene [cognition] 风险=low

      at Console.log (node_modules/winston/lib/winston/transports/console.js:87:23)

    console.log
      12:25:14 [32minfo[39m [ToolRegistry] 🔧 注册工具: self_reflect [cognition] 风险=low

      at Console.log (node_modules/winston/lib/winston/transports/console.js:87:23)

    console.log
      12:25:14 [32minfo[39m [ToolRegistry] 🔧 注册工具: desktop_automate [desktop] 风险=high

      at Console.log (node_modules/winston/lib/winston/transports/console.js:87:23)

    console.log
      12:25:14 [32minfo[39m [ToolRegistry] 🔧 注册工具: desktop_screenshot [desktop] 风险=high

      at Console.log (node_modules/winston/lib/winston/transports/console.js:87:23)

    console.log
      12:25:14 [32minfo[39m [ToolRegistry] 🔧 注册工具: ask_clarification [system] 风险=low

      at Console.log (node_modules/winston/lib/winston/transports/console.js:87:23)

    console.log
      12:25:14 [32minfo[39m [ToolRegistry] 🔧 注册工具: preview_execution [system] 风险=low

      at Console.log (node_modules/winston/lib/winston/transports/console.js:87:23)

    console.log
      12:25:14 [32minfo[39m [ToolRegistry] 🔧 注册工具: rollback_changes [system] 风险=medium

      at Console.log (node_modules/winston/lib/winston/transports/console.js:87:23)

    console.log
      12:25:14 [32minfo[39m [ToolRegistry] 🔧 注册工具: get_active_file [file] 风险=low

      at Console.log (node_modules/winston/lib/winston/transports/console.js:87:23)

    console.log
      12:25:14 [32minfo[39m [ToolRegistry] 🔧 注册工具: incremental_edit [file] 风险=medium

      at Console.log (node_modules/winston/lib/winston/transports/console.js:87:23)

    console.log
      12:25:14 [32minfo[39m [ToolRegistry] 🔧 注册工具: multi_file_edit [file] 风险=high

      at Console.log (node_modules/winston/lib/winston/transports/console.js:87:23)

    console.log
      12:25:14 [32minfo[39m [ToolRegistry] 🔧 注册工具: file_search [file] 风险=low

      at Console.log (node_modules/winston/lib/winston/transports/console.js:87:23)

    console.log
      12:25:14 [32minfo[39m [ToolRegistry] 🔧 注册工具: file_list [file] 风险=low

      at Console.log (node_modules/winston/lib/winston/transports/console.js:87:23)

    console.log
      12:25:14 [32minfo[39m [ToolRegistry] 🔧 注册工具: code_generate [code] 风险=medium

      at Console.log (node_modules/winston/lib/winston/transports/console.js:87:23)

    console.log
      12:25:14 [32minfo[39m [ToolRegistry] 🔧 注册工具: code_analyze [code] 风险=low

      at Console.log (node_modules/winston/lib/winston/transports/console.js:87:23)

    console.log
      12:25:14 [32minfo[39m [ToolRegistry] 🔧 注册工具: code_fix [code] 风险=medium

      at Console.log (node_modules/winston/lib/winston/transports/console.js:87:23)

    console.log
      12:25:14 [32minfo[39m [ToolRegistry] 🔧 注册工具: task_manage [daily] 风险=low

      at Console.log (node_modules/winston/lib/winston/transports/console.js:87:23)

    console.log
      12:25:14 [32minfo[39m [ToolRegistry] 🔧 注册工具: reminder_set [daily] 风险=low

      at Console.log (node_modules/winston/lib/winston/transports/console.js:87:23)

    console.log
      12:25:14 [32minfo[39m [ToolRegistry] 🔧 注册工具: note_take [daily] 风险=low

      at Console.log (node_modules/winston/lib/winston/transports/console.js:87:23)

    console.log
      12:25:14 [32minfo[39m [ToolRegistry] 🔧 注册工具: system_status [daily] 风险=low

      at Console.log (node_modules/winston/lib/winston/transports/console.js:87:23)

    console.log
      12:25:14 [32minfo[39m [ToolRegistry] 🔧 注册工具: web_search [network] 风险=low

      at Console.log (node_modules/winston/lib/winston/transports/console.js:87:23)

    console.log
      12:25:14 [32minfo[39m [ToolRegistry] 🔧 注册工具: skill_create [network] 风险=medium

      at Console.log (node_modules/winston/lib/winston/transports/console.js:87:23)

    console.log
      12:25:14 [32minfo[39m [HarnessToolRegistrar] 🔧 Harness 工具注册完成: 25 个工具

      at Console.log (node_modules/winston/lib/winston/transports/console.js:87:23)

    console.log
      12:25:14 [32minfo[39m [ToolRegistry] 🔧 注册工具: memory_recall [memory] 风险=low

      at Console.log (node_modules/winston/lib/winston/transports/console.js:87:23)

    console.log
      12:25:14 [32minfo[39m [ToolRegistry] 🔧 注册工具: memory_store [memory] 风险=low

      at Console.log (node_modules/winston/lib/winston/transports/console.js:87:23)

    console.log
      12:25:14 [32minfo[39m [ToolRegistry] 🔧 注册工具: memory_search [memory] 风险=low

      at Console.log (node_modules/winston/lib/winston/transports/console.js:87:23)

    console.log
      12:25:14 [32minfo[39m [ToolRegistry] 🔧 注册工具: emotion_detect [cognition] 风险=low

      at Console.log (node_modules/winston/lib/winston/transports/console.js:87:23)

    console.log
      12:25:14 [32minfo[39m [ToolRegistry] 🔧 注册工具: analyze_scene [cognition] 风险=low

      at Console.log (node_modules/winston/lib/winston/transports/console.js:87:23)

    console.log
      12:25:14 [32minfo[39m [ToolRegistry] 🔧 注册工具: self_reflect [cognition] 风险=low

      at Console.log (node_modules/winston/lib/winston/transports/console.js:87:23)

    console.log
      12:25:14 [32minfo[39m [ToolRegistry] 🔧 注册工具: desktop_automate [desktop] 风险=high

      at Console.log (node_modules/winston/lib/winston/transports/console.js:87:23)

    console.log
      12:25:14 [32minfo[39m [ToolRegistry] 🔧 注册工具: desktop_screenshot [desktop] 风险=high

      at Console.log (node_modules/winston/lib/winston/transports/console.js:87:23)

    console.log
      12:25:14 [32minfo[39m [ToolRegistry] 🔧 注册工具: ask_clarification [system] 风险=low

      at Console.log (node_modules/winston/lib/winston/transports/console.js:87:23)

    console.log
      12:25:14 [32minfo[39m [ToolRegistry] 🔧 注册工具: preview_execution [system] 风险=low

      at Console.log (node_modules/winston/lib/winston/transports/console.js:87:23)

    console.log
      12:25:14 [32minfo[39m [ToolRegistry] 🔧 注册工具: rollback_changes [system] 风险=medium

      at Console.log (node_modules/winston/lib/winston/transports/console.js:87:23)

    console.log
      12:25:14 [32minfo[39m [ToolRegistry] 🔧 注册工具: get_active_file [file] 风险=low

      at Console.log (node_modules/winston/lib/winston/transports/console.js:87:23)

    console.log
      12:25:14 [32minfo[39m [ToolRegistry] 🔧 注册工具: incremental_edit [file] 风险=medium

      at Console.log (node_modules/winston/lib/winston/transports/console.js:87:23)

    console.log
      12:25:14 [32minfo[39m [ToolRegistry] 🔧 注册工具: multi_file_edit [file] 风险=high

      at Console.log (node_modules/winston/lib/winston/transports/console.js:87:23)

    console.log
      12:25:14 [32minfo[39m [ToolRegistry] 🔧 注册工具: file_search [file] 风险=low

      at Console.log (node_modules/winston/lib/winston/transports/console.js:87:23)

    console.log
      12:25:14 [32minfo[39m [ToolRegistry] 🔧 注册工具: file_list [file] 风险=low

      at Console.log (node_modules/winston/lib/winston/transports/console.js:87:23)

    console.log
      12:25:14 [32minfo[39m [ToolRegistry] 🔧 注册工具: code_generate [code] 风险=medium

      at Console.log (node_modules/winston/lib/winston/transports/console.js:87:23)

    console.log
      12:25:14 [32minfo[39m [ToolRegistry] 🔧 注册工具: code_analyze [code] 风险=low

      at Console.log (node_modules/winston/lib/winston/transports/console.js:87:23)

    console.log
      12:25:14 [32minfo[39m [ToolRegistry] 🔧 注册工具: code_fix [code] 风险=medium

      at Console.log (node_modules/winston/lib/winston/transports/console.js:87:23)

    console.log
      12:25:14 [32minfo[39m [ToolRegistry] 🔧 注册工具: task_manage [daily] 风险=low

      at Console.log (node_modules/winston/lib/winston/transports/console.js:87:23)

    console.log
      12:25:14 [32minfo[39m [ToolRegistry] 🔧 注册工具: reminder_set [daily] 风险=low

      at Console.log (node_modules/winston/lib/winston/transports/console.js:87:23)

    console.log
      12:25:14 [32minfo[39m [ToolRegistry] 🔧 注册工具: note_take [daily] 风险=low

      at Console.log (node_modules/winston/lib/winston/transports/console.js:87:23)

    console.log
      12:25:14 [32minfo[39m [ToolRegistry] 🔧 注册工具: system_status [daily] 风险=low

      at Console.log (node_modules/winston/lib/winston/transports/console.js:87:23)

    console.log
      12:25:14 [32minfo[39m [ToolRegistry] 🔧 注册工具: web_search [network] 风险=low

      at Console.log (node_modules/winston/lib/winston/transports/console.js:87:23)

    console.log
      12:25:14 [32minfo[39m [ToolRegistry] 🔧 注册工具: skill_create [network] 风险=medium

      at Console.log (node_modules/winston/lib/winston/transports/console.js:87:23)

PASS tests/harness/integration.test.ts
  ● Console

    console.log
      12:25:16 [32minfo[39m [AgentHarness] 🏗️ Agent Harness 初始化中...

      at Console.log (node_modules/winston/lib/winston/transports/console.js:87:23)

    console.log
      12:25:16 [33mwarn[39m [AgentHarness] ⚠️ 未注入依赖，部分功能不可用

      at Console.log (node_modules/winston/lib/winston/transports/console.js:87:23)

    console.log
      12:25:16 [32minfo[39m [ToolRegistry] 🔧 注册工具: memory_recall [memory] 风险=low

      at Console.log (node_modules/winston/lib/winston/transports/console.js:87:23)

    console.log
      12:25:16 [32minfo[39m [ToolRegistry] 🔧 注册工具: memory_store [memory] 风险=low

      at Console.log (node_modules/winston/lib/winston/transports/console.js:87:23)

    console.log
      12:25:16 [32minfo[39m [ToolRegistry] 🔧 注册工具: memory_search [memory] 风险=low

      at Console.log (node_modules/winston/lib/winston/transports/console.js:87:23)

    console.log
      12:25:16 [32minfo[39m [ToolRegistry] 🔧 注册工具: emotion_detect [cognition] 风险=low

      at Console.log (node_modules/winston/lib/winston/transports/console.js:87:23)

    console.log
      12:25:16 [32minfo[39m [ToolRegistry] 🔧 注册工具: analyze_scene [cognition] 风险=low

      at Console.log (node_modules/winston/lib/winston/transports/console.js:87:23)

    console.log
      12:25:16 [32minfo[39m [ToolRegistry] 🔧 注册工具: self_reflect [cognition] 风险=low

      at Console.log (node_modules/winston/lib/winston/transports/console.js:87:23)

    console.log
      12:25:16 [32minfo[39m [ToolRegistry] 🔧 注册工具: desktop_automate [desktop] 风险=high

      at Console.log (node_modules/winston/lib/winston/transports/console.js:87:23)

    console.log
      12:25:16 [32minfo[39m [ToolRegistry] 🔧 注册工具: desktop_screenshot [desktop] 风险=high

      at Console.log (node_modules/winston/lib/winston/transports/console.js:87:23)

    console.log
      12:25:16 [32minfo[39m [ToolRegistry] 🔧 注册工具: ask_clarification [system] 风险=low

      at Console.log (node_modules/winston/lib/winston/transports/console.js:87:23)

    console.log
      12:25:16 [32minfo[39m [ToolRegistry] 🔧 注册工具: preview_execution [system] 风险=low

      at Console.log (node_modules/winston/lib/winston/transports/console.js:87:23)

    console.log
      12:25:16 [32minfo[39m [ToolRegistry] 🔧 注册工具: rollback_changes [system] 风险=medium

      at Console.log (node_modules/winston/lib/winston/transports/console.js:87:23)

    console.log
      12:25:16 [32minfo[39m [ToolRegistry] 🔧 注册工具: get_active_file [file] 风险=low

      at Console.log (node_modules/winston/lib/winston/transports/console.js:87:23)

    console.log
      12:25:16 [32minfo[39m [ToolRegistry] 🔧 注册工具: incremental_edit [file] 风险=medium

      at Console.log (node_modules/winston/lib/winston/transports/console.js:87:23)

    console.log
      12:25:16 [32minfo[39m [ToolRegistry] 🔧 注册工具: multi_file_edit [file] 风险=high

      at Console.log (node_modules/winston/lib/winston/transports/console.js:87:23)

    console.log
      12:25:16 [32minfo[39m [ToolRegistry] 🔧 注册工具: file_search [file] 风险=low

      at Console.log (node_modules/winston/lib/winston/transports/console.js:87:23)

    console.log
      12:25:16 [32minfo[39m [ToolRegistry] 🔧 注册工具: file_list [file] 风险=low

      at Console.log (node_modules/winston/lib/winston/transports/console.js:87:23)

    console.log
      12:25:16 [32minfo[39m [ToolRegistry] 🔧 注册工具: code_generate [code] 风险=medium

      at Console.log (node_modules/winston/lib/winston/transports/console.js:87:23)

    console.log
      12:25:16 [32minfo[39m [ToolRegistry] 🔧 注册工具: code_analyze [code] 风险=low

      at Console.log (node_modules/winston/lib/winston/transports/console.js:87:23)

    console.log
      12:25:16 [32minfo[39m [ToolRegistry] 🔧 注册工具: code_fix [code] 风险=medium

      at Console.log (node_modules/winston/lib/winston/transports/console.js:87:23)

    console.log
      12:25:16 [32minfo[39m [ToolRegistry] 🔧 注册工具: task_manage [daily] 风险=low

      at Console.log (node_modules/winston/lib/winston/transports/console.js:87:23)

    console.log
      12:25:16 [32minfo[39m [ToolRegistry] 🔧 注册工具: reminder_set [daily] 风险=low

      at Console.log (node_modules/winston/lib/winston/transports/console.js:87:23)

    console.log
      12:25:16 [32minfo[39m [ToolRegistry] 🔧 注册工具: note_take [daily] 风险=low

      at Console.log (node_modules/winston/lib/winston/transports/console.js:87:23)

    console.log
      12:25:16 [32minfo[39m [ToolRegistry] 🔧 注册工具: system_status [daily] 风险=low

      at Console.log (node_modules/winston/lib/winston/transports/console.js:87:23)

    console.log
      12:25:16 [32minfo[39m [ToolRegistry] 🔧 注册工具: web_search [network] 风险=low

      at Console.log (node_modules/winston/lib/winston/transports/console.js:87:23)

    console.log
      12:25:16 [32minfo[39m [ToolRegistry] 🔧 注册工具: skill_create [network] 风险=medium

      at Console.log (node_modules/winston/lib/winston/transports/console.js:87:23)

    console.log
      12:25:16 [32minfo[39m [HarnessToolRegistrar] 🔧 Harness 工具注册完成: 25 个工具

      at Console.log (node_modules/winston/lib/winston/transports/console.js:87:23)

    console.log
      12:25:16 [32minfo[39m [AgentHarness]   🔧 工具层: 启用 (25 个工具)

      at Console.log (node_modules/winston/lib/winston/transports/console.js:87:23)

    console.log
      12:25:16 [32minfo[39m [AgentHarness]   🛡️ 约束层: 启用

      at Console.log (node_modules/winston/lib/winston/transports/console.js:87:23)

    console.log
      12:25:16 [32minfo[39m [AgentHarness]   ✅ 验证层: 启用

      at Console.log (node_modules/winston/lib/winston/transports/console.js:87:23)

    console.log
      12:25:16 [32minfo[39m [PersistenceService] 💾 PersistenceService 初始化

      at Console.log (node_modules/winston/lib/winston/transports/console.js:87:23)

    console.log
      12:25:16 [32minfo[39m [PersistenceService] 💾 已从磁盘加载 419 个任务状态

      at Console.log (node_modules/winston/lib/winston/transports/console.js:87:23)

    console.log
      12:25:16 [32minfo[39m [PersistenceService] 💾 已从磁盘加载 6 条进化指标

      at Console.log (node_modules/winston/lib/winston/transports/console.js:87:23)

    console.log
      12:25:16 [32minfo[39m [AgentHarness]   💾 持久化层: 启用

      at Console.log (node_modules/winston/lib/winston/transports/console.js:87:23)

    console.log
      12:25:16 [32minfo[39m [TrajectoryDatabase] 💾 TrajectoryDatabase 初始化: C:\zy\jiabaixing\data\trajectory\trajecto
ry.db

      at Console.log (node_modules/winston/lib/winston/transports/console.js:87:23)

    console.log
      12:25:16 [32minfo[39m [AgentHarness]   📊 轨迹持久化: 启用

      at Console.log (node_modules/winston/lib/winston/transports/console.js:87:23)

    console.log
      12:25:16 [32minfo[39m [AgentHarness] ✅ Agent Harness 初始化完成

      at Console.log (node_modules/winston/lib/winston/transports/console.js:87:23)

    console.log
      12:25:16 [32minfo[39m [AgentHarness] 🏗️ Agent Harness 初始化中...

      at Console.log (node_modules/winston/lib/winston/transports/console.js:87:23)

    console.log
      12:25:16 [32minfo[39m [ToolRegistry] 🔧 注册工具: memory_recall [memory] 风险=low

      at Console.log (node_modules/winston/lib/winston/transports/console.js:87:23)

    console.log
      12:25:16 [32minfo[39m [ToolRegistry] 🔧 注册工具: memory_store [memory] 风险=low

      at Console.log (node_modules/winston/lib/winston/transports/console.js:87:23)

    console.log
      12:25:16 [32minfo[39m [ToolRegistry] 🔧 注册工具: memory_search [memory] 风险=low

      at Console.log (node_modules/winston/lib/winston/transports/console.js:87:23)

    console.log
      12:25:16 [32minfo[39m [ToolRegistry] 🔧 注册工具: emotion_detect [cognition] 风险=low

      at Console.log (node_modules/winston/lib/winston/transports/console.js:87:23)

    console.log
      12:25:16 [32minfo[39m [ToolRegistry] 🔧 注册工具: analyze_scene [cognition] 风险=low

      at Console.log (node_modules/winston/lib/winston/transports/console.js:87:23)

    console.log
      12:25:16 [32minfo[39m [ToolRegistry] 🔧 注册工具: self_reflect [cognition] 风险=low

      at Console.log (node_modules/winston/lib/winston/transports/console.js:87:23)

    console.log
      12:25:16 [32minfo[39m [ToolRegistry] 🔧 注册工具: desktop_automate [desktop] 风险=high

      at Console.log (node_modules/winston/lib/winston/transports/console.js:87:23)

    console.log
      12:25:16 [32minfo[39m [ToolRegistry] 🔧 注册工具: desktop_screenshot [desktop] 风险=high

      at Console.log (node_modules/winston/lib/winston/transports/console.js:87:23)

    console.log
      12:25:16 [32minfo[39m [ToolRegistry] 🔧 注册工具: ask_clarification [system] 风险=low

      at Console.log (node_modules/winston/lib/winston/transports/console.js:87:23)

    console.log
      12:25:16 [32minfo[39m [ToolRegistry] 🔧 注册工具: preview_execution [system] 风险=low

      at Console.log (node_modules/winston/lib/winston/transports/console.js:87:23)

    console.log
      12:25:16 [32minfo[39m [ToolRegistry] 🔧 注册工具: rollback_changes [system] 风险=medium

      at Console.log (node_modules/winston/lib/winston/transports/console.js:87:23)

    console.log
      12:25:16 [32minfo[39m [ToolRegistry] 🔧 注册工具: get_active_file [file] 风险=low

      at Console.log (node_modules/winston/lib/winston/transports/console.js:87:23)

    console.log
      12:25:16 [32minfo[39m [ToolRegistry] 🔧 注册工具: incremental_edit [file] 风险=medium

      at Console.log (node_modules/winston/lib/winston/transports/console.js:87:23)

    console.log
      12:25:16 [32minfo[39m [ToolRegistry] 🔧 注册工具: multi_file_edit [file] 风险=high

      at Console.log (node_modules/winston/lib/winston/transports/console.js:87:23)

    console.log
      12:25:16 [32minfo[39m [ToolRegistry] 🔧 注册工具: file_search [file] 风险=low

      at Console.log (node_modules/winston/lib/winston/transports/console.js:87:23)

    console.log
      12:25:16 [32minfo[39m [ToolRegistry] 🔧 注册工具: file_list [file] 风险=low

      at Console.log (node_modules/winston/lib/winston/transports/console.js:87:23)

    console.log
      12:25:16 [32minfo[39m [ToolRegistry] 🔧 注册工具: code_generate [code] 风险=medium

      at Console.log (node_modules/winston/lib/winston/transports/console.js:87:23)

    console.log
      12:25:16 [32minfo[39m [ToolRegistry] 🔧 注册工具: code_analyze [code] 风险=low

      at Console.log (node_modules/winston/lib/winston/transports/console.js:87:23)

    console.log
      12:25:16 [32minfo[39m [ToolRegistry] 🔧 注册工具: code_fix [code] 风险=medium

      at Console.log (node_modules/winston/lib/winston/transports/console.js:87:23)

    console.log
      12:25:16 [32minfo[39m [ToolRegistry] 🔧 注册工具: task_manage [daily] 风险=low

      at Console.log (node_modules/winston/lib/winston/transports/console.js:87:23)

    console.log
      12:25:16 [32minfo[39m [ToolRegistry] 🔧 注册工具: reminder_set [daily] 风险=low

      at Console.log (node_modules/winston/lib/winston/transports/console.js:87:23)

    console.log
      12:25:16 [32minfo[39m [ToolRegistry] 🔧 注册工具: note_take [daily] 风险=low

      at Console.log (node_modules/winston/lib/winston/transports/console.js:87:23)

    console.log
      12:25:16 [32minfo[39m [ToolRegistry] 🔧 注册工具: system_status [daily] 风险=low

      at Console.log (node_modules/winston/lib/winston/transports/console.js:87:23)

    console.log
      12:25:16 [32minfo[39m [ToolRegistry] 🔧 注册工具: web_search [network] 风险=low

      at Console.log (node_modules/winston/lib/winston/transports/console.js:87:23)

    console.log
      12:25:16 [32minfo[39m [ToolRegistry] 🔧 注册工具: skill_create [network] 风险=medium

      at Console.log (node_modules/winston/lib/winston/transports/console.js:87:23)

    console.log
      12:25:16 [32minfo[39m [HarnessToolRegistrar] 🔧 Harness 工具注册完成: 25 个工具

      at Console.log (node_modules/winston/lib/winston/transports/console.js:87:23)

    console.log
      12:25:16 [32minfo[39m [AgentHarness]   🔧 工具层: 启用 (25 个工具)

      at Console.log (node_modules/winston/lib/winston/transports/console.js:87:23)

    console.log
      12:25:16 [32minfo[39m [AgentHarness]   🛡️ 约束层: 启用

      at Console.log (node_modules/winston/lib/winston/transports/console.js:87:23)

    console.log
      12:25:16 [32minfo[39m [AgentHarness]   ✅ 验证层: 启用

      at Console.log (node_modules/winston/lib/winston/transports/console.js:87:23)

    console.log
      12:25:16 [32minfo[39m [PersistenceService] 💾 PersistenceService 初始化

      at Console.log (node_modules/winston/lib/winston/transports/console.js:87:23)

    console.log
      12:25:16 [32minfo[39m [PersistenceService] 💾 已从磁盘加载 419 个任务状态

      at Console.log (node_modules/winston/lib/winston/transports/console.js:87:23)

    console.log
      12:25:16 [32minfo[39m [PersistenceService] 💾 已从磁盘加载 6 条进化指标

      at Console.log (node_modules/winston/lib/winston/transports/console.js:87:23)

    console.log
      12:25:16 [32minfo[39m [AgentHarness]   💾 持久化层: 启用

      at Console.log (node_modules/winston/lib/winston/transports/console.js:87:23)

    console.log
      12:25:16 [32minfo[39m [AgentHarness]   📋 独立评估服务: 启用

      at Console.log (node_modules/winston/lib/winston/transports/console.js:87:23)

    console.log
      12:25:16 [32minfo[39m [TrajectoryDatabase] 💾 TrajectoryDatabase 初始化: C:\zy\jiabaixing\data\trajectory\trajecto
ry.db

      at Console.log (node_modules/winston/lib/winston/transports/console.js:87:23)

    console.log
      12:25:16 [32minfo[39m [AgentHarness]   📊 轨迹持久化: 启用

      at Console.log (node_modules/winston/lib/winston/transports/console.js:87:23)

    console.log
      12:25:16 [32minfo[39m [AgentHarness]   📋 上下文层: 启用

      at Console.log (node_modules/winston/lib/winston/transports/console.js:87:23)

    console.log
      12:25:16 [32minfo[39m [AgentHarness]   🔄 循环层: 启用

      at Console.log (node_modules/winston/lib/winston/transports/console.js:87:23)

    console.log
      12:25:16 [32minfo[39m [AgentHarness] ✅ Agent Harness 初始化完成

      at Console.log (node_modules/winston/lib/winston/transports/console.js:87:23)

    console.log
      12:25:16 [32minfo[39m [AgentHarness] 🏗️ Agent Harness 初始化中...

      at Console.log (node_modules/winston/lib/winston/transports/console.js:87:23)

    console.log
      12:25:16 [32minfo[39m [ToolRegistry] 🔧 注册工具: memory_recall [memory] 风险=low

      at Console.log (node_modules/winston/lib/winston/transports/console.js:87:23)

    console.log
      12:25:16 [32minfo[39m [ToolRegistry] 🔧 注册工具: memory_store [memory] 风险=low

      at Console.log (node_modules/winston/lib/winston/transports/console.js:87:23)

    console.log
      12:25:16 [32minfo[39m [ToolRegistry] 🔧 注册工具: memory_search [memory] 风险=low

      at Console.log (node_modules/winston/lib/winston/transports/console.js:87:23)

    console.log
      12:25:16 [32minfo[39m [ToolRegistry] 🔧 注册工具: emotion_detect [cognition] 风险=low

      at Console.log (node_modules/winston/lib/winston/transports/console.js:87:23)

    console.log
      12:25:16 [32minfo[39m [ToolRegistry] 🔧 注册工具: analyze_scene [cognition] 风险=low

      at Console.log (node_modules/winston/lib/winston/transports/console.js:87:23)

    console.log
      12:25:16 [32minfo[39m [ToolRegistry] 🔧 注册工具: self_reflect [cognition] 风险=low

      at Console.log (node_modules/winston/lib/winston/transports/console.js:87:23)

    console.log
      12:25:16 [32minfo[39m [ToolRegistry] 🔧 注册工具: desktop_automate [desktop] 风险=high

      at Console.log (node_modules/winston/lib/winston/transports/console.js:87:23)

    console.log
      12:25:16 [32minfo[39m [ToolRegistry] 🔧 注册工具: desktop_screenshot [desktop] 风险=high

      at Console.log (node_modules/winston/lib/winston/transports/console.js:87:23)

    console.log
      12:25:16 [32minfo[39m [ToolRegistry] 🔧 注册工具: ask_clarification [system] 风险=low

      at Console.log (node_modules/winston/lib/winston/transports/console.js:87:23)

    console.log
      12:25:16 [32minfo[39m [ToolRegistry] 🔧 注册工具: preview_execution [system] 风险=low

      at Console.log (node_modules/winston/lib/winston/transports/console.js:87:23)

    console.log
      12:25:16 [32minfo[39m [ToolRegistry] 🔧 注册工具: rollback_changes [system] 风险=medium

      at Console.log (node_modules/winston/lib/winston/transports/console.js:87:23)

    console.log
      12:25:16 [32minfo[39m [ToolRegistry] 🔧 注册工具: get_active_file [file] 风险=low

      at Console.log (node_modules/winston/lib/winston/transports/console.js:87:23)

    console.log
      12:25:16 [32minfo[39m [ToolRegistry] 🔧 注册工具: incremental_edit [file] 风险=medium

      at Console.log (node_modules/winston/lib/winston/transports/console.js:87:23)

    console.log
      12:25:16 [32minfo[39m [ToolRegistry] 🔧 注册工具: multi_file_edit [file] 风险=high

      at Console.log (node_modules/winston/lib/winston/transports/console.js:87:23)

    console.log
      12:25:16 [32minfo[39m [ToolRegistry] 🔧 注册工具: file_search [file] 风险=low

      at Console.log (node_modules/winston/lib/winston/transports/console.js:87:23)

    console.log
      12:25:16 [32minfo[39m [ToolRegistry] 🔧 注册工具: file_list [file] 风险=low

      at Console.log (node_modules/winston/lib/winston/transports/console.js:87:23)

    console.log
      12:25:16 [32minfo[39m [ToolRegistry] 🔧 注册工具: code_generate [code] 风险=medium

      at Console.log (node_modules/winston/lib/winston/transports/console.js:87:23)

    console.log
      12:25:16 [32minfo[39m [ToolRegistry] 🔧 注册工具: code_analyze [code] 风险=low

      at Console.log (node_modules/winston/lib/winston/transports/console.js:87:23)

    console.log
      12:25:16 [32minfo[39m [ToolRegistry] 🔧 注册工具: code_fix [code] 风险=medium

      at Console.log (node_modules/winston/lib/winston/transports/console.js:87:23)

    console.log
      12:25:16 [32minfo[39m [ToolRegistry] 🔧 注册工具: task_manage [daily] 风险=low

      at Console.log (node_modules/winston/lib/winston/transports/console.js:87:23)

    console.log
      12:25:16 [32minfo[39m [ToolRegistry] 🔧 注册工具: reminder_set [daily] 风险=low

      at Console.log (node_modules/winston/lib/winston/transports/console.js:87:23)

    console.log
      12:25:16 [32minfo[39m [ToolRegistry] 🔧 注册工具: note_take [daily] 风险=low

      at Console.log (node_modules/winston/lib/winston/transports/console.js:87:23)

    console.log
      12:25:16 [32minfo[39m [ToolRegistry] 🔧 注册工具: system_status [daily] 风险=low

      at Console.log (node_modules/winston/lib/winston/transports/console.js:87:23)

    console.log
      12:25:16 [32minfo[39m [ToolRegistry] 🔧 注册工具: web_search [network] 风险=low

      at Console.log (node_modules/winston/lib/winston/transports/console.js:87:23)

    console.log
      12:25:16 [32minfo[39m [ToolRegistry] 🔧 注册工具: skill_create [network] 风险=medium

      at Console.log (node_modules/winston/lib/winston/transports/console.js:87:23)

    console.log
      12:25:16 [32minfo[39m [HarnessToolRegistrar] 🔧 Harness 工具注册完成: 25 个工具

      at Console.log (node_modules/winston/lib/winston/transports/console.js:87:23)

    console.log
      12:25:16 [32minfo[39m [AgentHarness]   🔧 工具层: 启用 (25 个工具)

      at Console.log (node_modules/winston/lib/winston/transports/console.js:87:23)

    console.log
      12:25:16 [32minfo[39m [AgentHarness]   🛡️ 约束层: 启用

      at Console.log (node_modules/winston/lib/winston/transports/console.js:87:23)

    console.log
      12:25:16 [32minfo[39m [AgentHarness]   ✅ 验证层: 启用

      at Console.log (node_modules/winston/lib/winston/transports/console.js:87:23)

    console.log
      12:25:16 [32minfo[39m [PersistenceService] 💾 PersistenceService 初始化

      at Console.log (node_modules/winston/lib/winston/transports/console.js:87:23)

    console.log
      12:25:16 [32minfo[39m [PersistenceService] 💾 已从磁盘加载 419 个任务状态

      at Console.log (node_modules/winston/lib/winston/transports/console.js:87:23)

    console.log
      12:25:16 [32minfo[39m [PersistenceService] 💾 已从磁盘加载 6 条进化指标

      at Console.log (node_modules/winston/lib/winston/transports/console.js:87:23)

    console.log
      12:25:16 [32minfo[39m [AgentHarness]   💾 持久化层: 启用

      at Console.log (node_modules/winston/lib/winston/transports/console.js:87:23)

    console.log
      12:25:16 [32minfo[39m [AgentHarness]   📋 独立评估服务: 启用

      at Console.log (node_modules/winston/lib/winston/transports/console.js:87:23)

    console.log
      12:25:16 [32minfo[39m [TrajectoryDatabase] 💾 TrajectoryDatabase 初始化: C:\zy\jiabaixing\data\trajectory\trajecto
ry.db

      at Console.log (node_modules/winston/lib/winston/transports/console.js:87:23)

    console.log
      12:25:16 [32minfo[39m [AgentHarness]   📊 轨迹持久化: 启用

      at Console.log (node_modules/winston/lib/winston/transports/console.js:87:23)

    console.log
      12:25:16 [32minfo[39m [AgentHarness]   📋 上下文层: 启用

      at Console.log (node_modules/winston/lib/winston/transports/console.js:87:23)

    console.log
      12:25:16 [32minfo[39m [AgentHarness]   🔄 循环层: 启用

      at Console.log (node_modules/winston/lib/winston/transports/console.js:87:23)

    console.log
      12:25:16 [32minfo[39m [AgentHarness] ✅ Agent Harness 初始化完成

      at Console.log (node_modules/winston/lib/winston/transports/console.js:87:23)

    console.log
      12:25:16 [32minfo[39m [AgentHarness] 🏗️ Agent Harness 初始化中...

      at Console.log (node_modules/winston/lib/winston/transports/console.js:87:23)

    console.log
      12:25:16 [32minfo[39m [ToolRegistry] 🔧 注册工具: memory_recall [memory] 风险=low

      at Console.log (node_modules/winston/lib/winston/transports/console.js:87:23)

    console.log
      12:25:16 [32minfo[39m [ToolRegistry] 🔧 注册工具: memory_store [memory] 风险=low

      at Console.log (node_modules/winston/lib/winston/transports/console.js:87:23)

    console.log
      12:25:16 [32minfo[39m [ToolRegistry] 🔧 注册工具: memory_search [memory] 风险=low

      at Console.log (node_modules/winston/lib/winston/transports/console.js:87:23)

    console.log
      12:25:16 [32minfo[39m [ToolRegistry] 🔧 注册工具: emotion_detect [cognition] 风险=low

      at Console.log (node_modules/winston/lib/winston/transports/console.js:87:23)

    console.log
      12:25:16 [32minfo[39m [ToolRegistry] 🔧 注册工具: analyze_scene [cognition] 风险=low

      at Console.log (node_modules/winston/lib/winston/transports/console.js:87:23)

    console.log
      12:25:16 [32minfo[39m [ToolRegistry] 🔧 注册工具: self_reflect [cognition] 风险=low

      at Console.log (node_modules/winston/lib/winston/transports/console.js:87:23)

    console.log
      12:25:16 [32minfo[39m [ToolRegistry] 🔧 注册工具: desktop_automate [desktop] 风险=high

      at Console.log (node_modules/winston/lib/winston/transports/console.js:87:23)

    console.log
      12:25:16 [32minfo[39m [ToolRegistry] 🔧 注册工具: desktop_screenshot [desktop] 风险=high

      at Console.log (node_modules/winston/lib/winston/transports/console.js:87:23)

    console.log
      12:25:16 [32minfo[39m [ToolRegistry] 🔧 注册工具: ask_clarification [system] 风险=low

      at Console.log (node_modules/winston/lib/winston/transports/console.js:87:23)

    console.log
      12:25:16 [32minfo[39m [ToolRegistry] 🔧 注册工具: preview_execution [system] 风险=low

      at Console.log (node_modules/winston/lib/winston/transports/console.js:87:23)

    console.log
      12:25:16 [32minfo[39m [ToolRegistry] 🔧 注册工具: rollback_changes [system] 风险=medium

      at Console.log (node_modules/winston/lib/winston/transports/console.js:87:23)

    console.log
      12:25:16 [32minfo[39m [ToolRegistry] 🔧 注册工具: get_active_file [file] 风险=low

      at Console.log (node_modules/winston/lib/winston/transports/console.js:87:23)

    console.log
      12:25:16 [32minfo[39m [ToolRegistry] 🔧 注册工具: incremental_edit [file] 风险=medium

      at Console.log (node_modules/winston/lib/winston/transports/console.js:87:23)

    console.log
      12:25:16 [32minfo[39m [ToolRegistry] 🔧 注册工具: multi_file_edit [file] 风险=high

      at Console.log (node_modules/winston/lib/winston/transports/console.js:87:23)

    console.log
      12:25:16 [32minfo[39m [ToolRegistry] 🔧 注册工具: file_search [file] 风险=low

      at Console.log (node_modules/winston/lib/winston/transports/console.js:87:23)

    console.log
      12:25:16 [32minfo[39m [ToolRegistry] 🔧 注册工具: file_list [file] 风险=low

      at Console.log (node_modules/winston/lib/winston/transports/console.js:87:23)

    console.log
      12:25:16 [32minfo[39m [ToolRegistry] 🔧 注册工具: code_generate [code] 风险=medium

      at Console.log (node_modules/winston/lib/winston/transports/console.js:87:23)

    console.log
      12:25:16 [32minfo[39m [ToolRegistry] 🔧 注册工具: code_analyze [code] 风险=low

      at Console.log (node_modules/winston/lib/winston/transports/console.js:87:23)

    console.log
      12:25:16 [32minfo[39m [ToolRegistry] 🔧 注册工具: code_fix [code] 风险=medium

      at Console.log (node_modules/winston/lib/winston/transports/console.js:87:23)

    console.log
      12:25:16 [32minfo[39m [ToolRegistry] 🔧 注册工具: task_manage [daily] 风险=low

      at Console.log (node_modules/winston/lib/winston/transports/console.js:87:23)

    console.log
      12:25:16 [32minfo[39m [ToolRegistry] 🔧 注册工具: reminder_set [daily] 风险=low

      at Console.log (node_modules/winston/lib/winston/transports/console.js:87:23)

    console.log
      12:25:16 [32minfo[39m [ToolRegistry] 🔧 注册工具: note_take [daily] 风险=low

      at Console.log (node_modules/winston/lib/winston/transports/console.js:87:23)

    console.log
      12:25:16 [32minfo[39m [ToolRegistry] 🔧 注册工具: system_status [daily] 风险=low

      at Console.log (node_modules/winston/lib/winston/transports/console.js:87:23)

    console.log
      12:25:16 [32minfo[39m [ToolRegistry] 🔧 注册工具: web_search [network] 风险=low

      at Console.log (node_modules/winston/lib/winston/transports/console.js:87:23)

    console.log
      12:25:16 [32minfo[39m [ToolRegistry] 🔧 注册工具: skill_create [network] 风险=medium

      at Console.log (node_modules/winston/lib/winston/transports/console.js:87:23)

    console.log
      12:25:16 [32minfo[39m [HarnessToolRegistrar] 🔧 Harness 工具注册完成: 25 个工具

      at Console.log (node_modules/winston/lib/winston/transports/console.js:87:23)

    console.log
      12:25:16 [32minfo[39m [AgentHarness]   🔧 工具层: 启用 (25 个工具)

      at Console.log (node_modules/winston/lib/winston/transports/console.js:87:23)

    console.log
      12:25:16 [32minfo[39m [AgentHarness]   📋 独立评估服务: 启用

      at Console.log (node_modules/winston/lib/winston/transports/console.js:87:23)

    console.log
      12:25:16 [32minfo[39m [TrajectoryDatabase] 💾 TrajectoryDatabase 初始化: C:\zy\jiabaixing\data\trajectory\trajecto
ry.db

      at Console.log (node_modules/winston/lib/winston/transports/console.js:87:23)

    console.log
      12:25:16 [32minfo[39m [AgentHarness]   📊 轨迹持久化: 启用

      at Console.log (node_modules/winston/lib/winston/transports/console.js:87:23)

    console.log
      12:25:16 [32minfo[39m [AgentHarness] ✅ Agent Harness 初始化完成

      at Console.log (node_modules/winston/lib/winston/transports/console.js:87:23)

    console.log
      12:25:16 [32minfo[39m [AgentHarness] 🏗️ Agent Harness 初始化中...

      at Console.log (node_modules/winston/lib/winston/transports/console.js:87:23)

    console.log
      12:25:16 [32minfo[39m [ToolRegistry] 🔧 注册工具: memory_recall [memory] 风险=low

      at Console.log (node_modules/winston/lib/winston/transports/console.js:87:23)

    console.log
      12:25:16 [32minfo[39m [ToolRegistry] 🔧 注册工具: memory_store [memory] 风险=low

      at Console.log (node_modules/winston/lib/winston/transports/console.js:87:23)

    console.log
      12:25:16 [32minfo[39m [ToolRegistry] 🔧 注册工具: memory_search [memory] 风险=low

      at Console.log (node_modules/winston/lib/winston/transports/console.js:87:23)

    console.log
      12:25:16 [32minfo[39m [ToolRegistry] 🔧 注册工具: emotion_detect [cognition] 风险=low

      at Console.log (node_modules/winston/lib/winston/transports/console.js:87:23)

    console.log
      12:25:16 [32minfo[39m [ToolRegistry] 🔧 注册工具: analyze_scene [cognition] 风险=low

      at Console.log (node_modules/winston/lib/winston/transports/console.js:87:23)

    console.log
      12:25:16 [32minfo[39m [ToolRegistry] 🔧 注册工具: self_reflect [cognition] 风险=low

      at Console.log (node_modules/winston/lib/winston/transports/console.js:87:23)

PASS tests/harness/full-pipeline.test.ts
  ● Console

    console.log
      12:25:17 [32minfo[39m [AgentHarness] 🏗️ Agent Harness 初始化中...

      at Console.log (node_modules/winston/lib/winston/transports/console.js:87:23)

    console.log
      12:25:17 [32minfo[39m [ToolRegistry] 🔧 注册工具: memory_recall [memory] 风险=low

      at Console.log (node_modules/winston/lib/winston/transports/console.js:87:23)

    console.log
      12:25:17 [32minfo[39m [ToolRegistry] 🔧 注册工具: memory_store [memory] 风险=low

      at Console.log (node_modules/winston/lib/winston/transports/console.js:87:23)

    console.log
      12:25:17 [32minfo[39m [ToolRegistry] 🔧 注册工具: memory_search [memory] 风险=low

      at Console.log (node_modules/winston/lib/winston/transports/console.js:87:23)

    console.log
      12:25:17 [32minfo[39m [ToolRegistry] 🔧 注册工具: emotion_detect [cognition] 风险=low

      at Console.log (node_modules/winston/lib/winston/transports/console.js:87:23)

    console.log
      12:25:17 [32minfo[39m [ToolRegistry] 🔧 注册工具: analyze_scene [cognition] 风险=low

      at Console.log (node_modules/winston/lib/winston/transports/console.js:87:23)

    console.log
      12:25:17 [32minfo[39m [ToolRegistry] 🔧 注册工具: self_reflect [cognition] 风险=low

      at Console.log (node_modules/winston/lib/winston/transports/console.js:87:23)

    console.log
      12:25:17 [32minfo[39m [ToolRegistry] 🔧 注册工具: desktop_automate [desktop] 风险=high

      at Console.log (node_modules/winston/lib/winston/transports/console.js:87:23)

    console.log
      12:25:17 [32minfo[39m [ToolRegistry] 🔧 注册工具: desktop_screenshot [desktop] 风险=high

      at Console.log (node_modules/winston/lib/winston/transports/console.js:87:23)

    console.log
      12:25:17 [32minfo[39m [ToolRegistry] 🔧 注册工具: ask_clarification [system] 风险=low

      at Console.log (node_modules/winston/lib/winston/transports/console.js:87:23)

    console.log
      12:25:17 [32minfo[39m [ToolRegistry] 🔧 注册工具: preview_execution [system] 风险=low

      at Console.log (node_modules/winston/lib/winston/transports/console.js:87:23)

    console.log
      12:25:17 [32minfo[39m [ToolRegistry] 🔧 注册工具: rollback_changes [system] 风险=medium

      at Console.log (node_modules/winston/lib/winston/transports/console.js:87:23)

    console.log
      12:25:17 [32minfo[39m [ToolRegistry] 🔧 注册工具: get_active_file [file] 风险=low

      at Console.log (node_modules/winston/lib/winston/transports/console.js:87:23)

    console.log
      12:25:17 [32minfo[39m [ToolRegistry] 🔧 注册工具: incremental_edit [file] 风险=medium

      at Console.log (node_modules/winston/lib/winston/transports/console.js:87:23)

    console.log
      12:25:17 [32minfo[39m [ToolRegistry] 🔧 注册工具: multi_file_edit [file] 风险=high

      at Console.log (node_modules/winston/lib/winston/transports/console.js:87:23)

    console.log
      12:25:17 [32minfo[39m [ToolRegistry] 🔧 注册工具: file_search [file] 风险=low

      at Console.log (node_modules/winston/lib/winston/transports/console.js:87:23)

    console.log
      12:25:17 [32minfo[39m [ToolRegistry] 🔧 注册工具: file_list [file] 风险=low

      at Console.log (node_modules/winston/lib/winston/transports/console.js:87:23)

    console.log
      12:25:17 [32minfo[39m [ToolRegistry] 🔧 注册工具: code_generate [code] 风险=medium

      at Console.log (node_modules/winston/lib/winston/transports/console.js:87:23)

    console.log
      12:25:17 [32minfo[39m [ToolRegistry] 🔧 注册工具: code_analyze [code] 风险=low

      at Console.log (node_modules/winston/lib/winston/transports/console.js:87:23)

    console.log
      12:25:17 [32minfo[39m [ToolRegistry] 🔧 注册工具: code_fix [code] 风险=medium

      at Console.log (node_modules/winston/lib/winston/transports/console.js:87:23)

    console.log
      12:25:17 [32minfo[39m [ToolRegistry] 🔧 注册工具: task_manage [daily] 风险=low

      at Console.log (node_modules/winston/lib/winston/transports/console.js:87:23)

    console.log
      12:25:17 [32minfo[39m [ToolRegistry] 🔧 注册工具: reminder_set [daily] 风险=low

      at Console.log (node_modules/winston/lib/winston/transports/console.js:87:23)

    console.log
      12:25:17 [32minfo[39m [ToolRegistry] 🔧 注册工具: note_take [daily] 风险=low

      at Console.log (node_modules/winston/lib/winston/transports/console.js:87:23)

    console.log
      12:25:17 [32minfo[39m [ToolRegistry] 🔧 注册工具: system_status [daily] 风险=low

      at Console.log (node_modules/winston/lib/winston/transports/console.js:87:23)

    console.log
      12:25:17 [32minfo[39m [ToolRegistry] 🔧 注册工具: web_search [network] 风险=low

      at Console.log (node_modules/winston/lib/winston/transports/console.js:87:23)

    console.log
      12:25:17 [32minfo[39m [ToolRegistry] 🔧 注册工具: skill_create [network] 风险=medium

      at Console.log (node_modules/winston/lib/winston/transports/console.js:87:23)

    console.log
      12:25:17 [32minfo[39m [HarnessToolRegistrar] 🔧 Harness 工具注册完成: 25 个工具

      at Console.log (node_modules/winston/lib/winston/transports/console.js:87:23)

    console.log
      12:25:17 [32minfo[39m [AgentHarness]   🔧 工具层: 启用 (25 个工具)

      at Console.log (node_modules/winston/lib/winston/transports/console.js:87:23)

    console.log
      12:25:17 [32minfo[39m [AgentHarness]   🛡️ 约束层: 启用

      at Console.log (node_modules/winston/lib/winston/transports/console.js:87:23)

    console.log
      12:25:17 [32minfo[39m [AgentHarness]   ✅ 验证层: 启用

      at Console.log (node_modules/winston/lib/winston/transports/console.js:87:23)

    console.log
      12:25:17 [32minfo[39m [PersistenceService] 💾 PersistenceService 初始化

      at Console.log (node_modules/winston/lib/winston/transports/console.js:87:23)

    console.log
      12:25:17 [32minfo[39m [PersistenceService] 💾 已从磁盘加载 419 个任务状态

      at Console.log (node_modules/winston/lib/winston/transports/console.js:87:23)

    console.log
      12:25:17 [32minfo[39m [PersistenceService] 💾 已从磁盘加载 6 条进化指标

      at Console.log (node_modules/winston/lib/winston/transports/console.js:87:23)

    console.log
      12:25:17 [32minfo[39m [AgentHarness]   💾 持久化层: 启用

      at Console.log (node_modules/winston/lib/winston/transports/console.js:87:23)

    console.log
      12:25:17 [32minfo[39m [AgentHarness]   📋 独立评估服务: 启用

      at Console.log (node_modules/winston/lib/winston/transports/console.js:87:23)

    console.log
      12:25:17 [32minfo[39m [TrajectoryDatabase] 💾 TrajectoryDatabase 初始化: C:\zy\jiabaixing\data\trajectory\trajecto
ry.db

      at Console.log (node_modules/winston/lib/winston/transports/console.js:87:23)

    console.log
      12:25:17 [32minfo[39m [AgentHarness]   📊 轨迹持久化: 启用

      at Console.log (node_modules/winston/lib/winston/transports/console.js:87:23)

    console.log
      12:25:17 [32minfo[39m [AgentHarness]   📋 上下文层: 启用

      at Console.log (node_modules/winston/lib/winston/transports/console.js:87:23)

    console.log
      12:25:17 [32minfo[39m [AgentHarness]   🔄 循环层: 启用

      at Console.log (node_modules/winston/lib/winston/transports/console.js:87:23)

    console.log
      12:25:17 [32minfo[39m [AgentHarness] ✅ Agent Harness 初始化完成

      at Console.log (node_modules/winston/lib/winston/transports/console.js:87:23)

    console.log
      12:25:17 [32minfo[39m [AgentHarness] 🏗️ Agent Harness 初始化中...

      at Console.log (node_modules/winston/lib/winston/transports/console.js:87:23)

    console.log
      12:25:17 [32minfo[39m [ToolRegistry] 🔧 注册工具: memory_recall [memory] 风险=low

      at Console.log (node_modules/winston/lib/winston/transports/console.js:87:23)

    console.log
      12:25:17 [32minfo[39m [ToolRegistry] 🔧 注册工具: memory_store [memory] 风险=low

      at Console.log (node_modules/winston/lib/winston/transports/console.js:87:23)

    console.log
      12:25:17 [32minfo[39m [ToolRegistry] 🔧 注册工具: memory_search [memory] 风险=low

      at Console.log (node_modules/winston/lib/winston/transports/console.js:87:23)

    console.log
      12:25:17 [32minfo[39m [ToolRegistry] 🔧 注册工具: emotion_detect [cognition] 风险=low

      at Console.log (node_modules/winston/lib/winston/transports/console.js:87:23)

    console.log
      12:25:17 [32minfo[39m [ToolRegistry] 🔧 注册工具: analyze_scene [cognition] 风险=low

      at Console.log (node_modules/winston/lib/winston/transports/console.js:87:23)

    console.log
      12:25:17 [32minfo[39m [ToolRegistry] 🔧 注册工具: self_reflect [cognition] 风险=low

      at Console.log (node_modules/winston/lib/winston/transports/console.js:87:23)

    console.log
      12:25:17 [32minfo[39m [ToolRegistry] 🔧 注册工具: desktop_automate [desktop] 风险=high

      at Console.log (node_modules/winston/lib/winston/transports/console.js:87:23)

    console.log
      12:25:17 [32minfo[39m [ToolRegistry] 🔧 注册工具: desktop_screenshot [desktop] 风险=high

      at Console.log (node_modules/winston/lib/winston/transports/console.js:87:23)

    console.log
      12:25:17 [32minfo[39m [ToolRegistry] 🔧 注册工具: ask_clarification [system] 风险=low

      at Console.log (node_modules/winston/lib/winston/transports/console.js:87:23)

    console.log
      12:25:17 [32minfo[39m [ToolRegistry] 🔧 注册工具: preview_execution [system] 风险=low

      at Console.log (node_modules/winston/lib/winston/transports/console.js:87:23)

    console.log
      12:25:17 [32minfo[39m [ToolRegistry] 🔧 注册工具: rollback_changes [system] 风险=medium

      at Console.log (node_modules/winston/lib/winston/transports/console.js:87:23)

    console.log
      12:25:17 [32minfo[39m [ToolRegistry] 🔧 注册工具: get_active_file [file] 风险=low

      at Console.log (node_modules/winston/lib/winston/transports/console.js:87:23)

    console.log
      12:25:17 [32minfo[39m [ToolRegistry] 🔧 注册工具: incremental_edit [file] 风险=medium

      at Console.log (node_modules/winston/lib/winston/transports/console.js:87:23)

    console.log
      12:25:17 [32minfo[39m [ToolRegistry] 🔧 注册工具: multi_file_edit [file] 风险=high

      at Console.log (node_modules/winston/lib/winston/transports/console.js:87:23)

    console.log
      12:25:17 [32minfo[39m [ToolRegistry] 🔧 注册工具: file_search [file] 风险=low

      at Console.log (node_modules/winston/lib/winston/transports/console.js:87:23)

    console.log
      12:25:17 [32minfo[39m [ToolRegistry] 🔧 注册工具: file_list [file] 风险=low

      at Console.log (node_modules/winston/lib/winston/transports/console.js:87:23)

    console.log
      12:25:17 [32minfo[39m [ToolRegistry] 🔧 注册工具: code_generate [code] 风险=medium

      at Console.log (node_modules/winston/lib/winston/transports/console.js:87:23)

    console.log
      12:25:17 [32minfo[39m [ToolRegistry] 🔧 注册工具: code_analyze [code] 风险=low

      at Console.log (node_modules/winston/lib/winston/transports/console.js:87:23)

    console.log
      12:25:17 [32minfo[39m [ToolRegistry] 🔧 注册工具: code_fix [code] 风险=medium

      at Console.log (node_modules/winston/lib/winston/transports/console.js:87:23)

    console.log
      12:25:17 [32minfo[39m [ToolRegistry] 🔧 注册工具: task_manage [daily] 风险=low

      at Console.log (node_modules/winston/lib/winston/transports/console.js:87:23)

    console.log
      12:25:17 [32minfo[39m [ToolRegistry] 🔧 注册工具: reminder_set [daily] 风险=low

      at Console.log (node_modules/winston/lib/winston/transports/console.js:87:23)

    console.log
      12:25:17 [32minfo[39m [ToolRegistry] 🔧 注册工具: note_take [daily] 风险=low

      at Console.log (node_modules/winston/lib/winston/transports/console.js:87:23)

    console.log
      12:25:17 [32minfo[39m [ToolRegistry] 🔧 注册工具: system_status [daily] 风险=low

      at Console.log (node_modules/winston/lib/winston/transports/console.js:87:23)

    console.log
      12:25:17 [32minfo[39m [ToolRegistry] 🔧 注册工具: web_search [network] 风险=low

      at Console.log (node_modules/winston/lib/winston/transports/console.js:87:23)

    console.log
      12:25:17 [32minfo[39m [ToolRegistry] 🔧 注册工具: skill_create [network] 风险=medium

      at Console.log (node_modules/winston/lib/winston/transports/console.js:87:23)

    console.log
      12:25:17 [32minfo[39m [HarnessToolRegistrar] 🔧 Harness 工具注册完成: 25 个工具

      at Console.log (node_modules/winston/lib/winston/transports/console.js:87:23)

    console.log
      12:25:17 [32minfo[39m [AgentHarness]   🔧 工具层: 启用 (25 个工具)

      at Console.log (node_modules/winston/lib/winston/transports/console.js:87:23)

    console.log
      12:25:17 [32minfo[39m [AgentHarness]   🛡️ 约束层: 启用

      at Console.log (node_modules/winston/lib/winston/transports/console.js:87:23)

    console.log
      12:25:17 [32minfo[39m [AgentHarness]   ✅ 验证层: 启用

      at Console.log (node_modules/winston/lib/winston/transports/console.js:87:23)

    console.log
      12:25:17 [32minfo[39m [PersistenceService] 💾 PersistenceService 初始化

      at Console.log (node_modules/winston/lib/winston/transports/console.js:87:23)

    console.log
      12:25:17 [32minfo[39m [PersistenceService] 💾 已从磁盘加载 419 个任务状态

      at Console.log (node_modules/winston/lib/winston/transports/console.js:87:23)

    console.log
      12:25:17 [32minfo[39m [PersistenceService] 💾 已从磁盘加载 6 条进化指标

      at Console.log (node_modules/winston/lib/winston/transports/console.js:87:23)

    console.log
      12:25:17 [32minfo[39m [AgentHarness]   💾 持久化层: 启用

      at Console.log (node_modules/winston/lib/winston/transports/console.js:87:23)

    console.log
      12:25:17 [32minfo[39m [AgentHarness]   📋 独立评估服务: 启用

      at Console.log (node_modules/winston/lib/winston/transports/console.js:87:23)

    console.log
      12:25:17 [32minfo[39m [TrajectoryDatabase] 💾 TrajectoryDatabase 初始化: C:\zy\jiabaixing\data\trajectory\trajecto
ry.db

      at Console.log (node_modules/winston/lib/winston/transports/console.js:87:23)

    console.log
      12:25:17 [32minfo[39m [AgentHarness]   📊 轨迹持久化: 启用

      at Console.log (node_modules/winston/lib/winston/transports/console.js:87:23)

    console.log
      12:25:17 [32minfo[39m [AgentHarness]   📋 上下文层: 启用

      at Console.log (node_modules/winston/lib/winston/transports/console.js:87:23)

    console.log
      12:25:17 [32minfo[39m [AgentHarness]   🔄 循环层: 启用

      at Console.log (node_modules/winston/lib/winston/transports/console.js:87:23)

    console.log
      12:25:17 [32minfo[39m [AgentHarness] ✅ Agent Harness 初始化完成

      at Console.log (node_modules/winston/lib/winston/transports/console.js:87:23)

    console.log
      12:25:17 [32minfo[39m [ContextManager] 📋 上下文构建完成: 6 条消息, 4 个上下文条目

      at Console.log (node_modules/winston/lib/winston/transports/console.js:87:23)

    console.log
      12:25:17 [32minfo[39m [LoopController] 🔄 LoopController 启动 [test-trace-1779855917237]

      at Console.log (node_modules/winston/lib/winston/transports/console.js:87:23)

    console.log
      12:25:17 [32minfo[39m [PersistenceService] 💾 任务状态保存: test-trace-1779855917237 status=in_progress

      at Console.log (node_modules/winston/lib/winston/transports/console.js:87:23)

    console.log
      12:25:17 [32minfo[39m [Planner] 📋 简单任务: "帮我查看文件"

      at Console.log (node_modules/winston/lib/winston/transports/console.js:87:23)

    console.log
      12:25:17 [32minfo[39m [LoopController] 📋 简单任务，跳过规划直接执行

      at Console.log (node_modules/winston/lib/winston/transports/console.js:87:23)

    console.log
      12:25:17 [32minfo[39m [LoopController] 📊 第 1 轮: 进度=100% 动作=continue

      at Console.log (node_modules/winston/lib/winston/transports/console.js:87:23)

    console.log
      12:25:17 [32minfo[39m [LoopController] ✅ 目标已基本达成，结束循环

      at Console.log (node_modules/winston/lib/winston/transports/console.js:87:23)

    console.log
      12:25:17 [32minfo[39m [Reporter] 📊 质量评分: 1.00 (准确=0.90 有用=0.95 效率=1.00)

      at Console.log (node_modules/winston/lib/winston/transports/console.js:87:23)

    console.log
      12:25:17 [32minfo[39m [LoopController] ✅ LoopController 完成 [test-trace-1779855917237] 耗时=25ms 轮次=1 工具=0次

      at Console.log (node_modules/winston/lib/winston/transports/console.js:87:23)

    console.log
      12:25:17 [32minfo[39m [AgentHarness] 🏗️ Agent Harness 初始化中...

      at Console.log (node_modules/winston/lib/winston/transports/console.js:87:23)

    console.log
      12:25:17 [32minfo[39m [ToolRegistry] 🔧 注册工具: memory_recall [memory] 风险=low

      at Console.log (node_modules/winston/lib/winston/transports/console.js:87:23)

    console.log
      12:25:17 [32minfo[39m [ToolRegistry] 🔧 注册工具: memory_store [memory] 风险=low

      at Console.log (node_modules/winston/lib/winston/transports/console.js:87:23)

    console.log
      12:25:17 [32minfo[39m [ToolRegistry] 🔧 注册工具: memory_search [memory] 风险=low

      at Console.log (node_modules/winston/lib/winston/transports/console.js:87:23)

    console.log
      12:25:17 [32minfo[39m [ToolRegistry] 🔧 注册工具: emotion_detect [cognition] 风险=low

      at Console.log (node_modules/winston/lib/winston/transports/console.js:87:23)

    console.log
      12:25:17 [32minfo[39m [ToolRegistry] 🔧 注册工具: analyze_scene [cognition] 风险=low

      at Console.log (node_modules/winston/lib/winston/transports/console.js:87:23)

    console.log
      12:25:17 [32minfo[39m [ToolRegistry] 🔧 注册工具: self_reflect [cognition] 风险=low

      at Console.log (node_modules/winston/lib/winston/transports/console.js:87:23)

    console.log
      12:25:17 [32minfo[39m [ToolRegistry] 🔧 注册工具: desktop_automate [desktop] 风险=high

      at Console.log (node_modules/winston/lib/winston/transports/console.js:87:23)

    console.log
      12:25:17 [32minfo[39m [ToolRegistry] 🔧 注册工具: desktop_screenshot [desktop] 风险=high

      at Console.log (node_modules/winston/lib/winston/transports/console.js:87:23)

    console.log
      12:25:17 [32minfo[39m [ToolRegistry] 🔧 注册工具: ask_clarification [system] 风险=low

      at Console.log (node_modules/winston/lib/winston/transports/console.js:87:23)

    console.log
      12:25:17 [32minfo[39m [ToolRegistry] 🔧 注册工具: preview_execution [system] 风险=low

      at Console.log (node_modules/winston/lib/winston/transports/console.js:87:23)

    console.log
      12:25:17 [32minfo[39m [ToolRegistry] 🔧 注册工具: rollback_changes [system] 风险=medium

      at Console.log (node_modules/winston/lib/winston/transports/console.js:87:23)

    console.log
      12:25:17 [32minfo[39m [ToolRegistry] 🔧 注册工具: get_active_file [file] 风险=low

      at Console.log (node_modules/winston/lib/winston/transports/console.js:87:23)

    console.log
      12:25:17 [32minfo[39m [ToolRegistry] 🔧 注册工具: incremental_edit [file] 风险=medium

      at Console.log (node_modules/winston/lib/winston/transports/console.js:87:23)

    console.log
      12:25:17 [32minfo[39m [ToolRegistry] 🔧 注册工具: multi_file_edit [file] 风险=high

      at Console.log (node_modules/winston/lib/winston/transports/console.js:87:23)

    console.log
      12:25:17 [32minfo[39m [ToolRegistry] 🔧 注册工具: file_search [file] 风险=low

      at Console.log (node_modules/winston/lib/winston/transports/console.js:87:23)

    console.log
      12:25:17 [32minfo[39m [ToolRegistry] 🔧 注册工具: file_list [file] 风险=low

      at Console.log (node_modules/winston/lib/winston/transports/console.js:87:23)

    console.log
      12:25:17 [32minfo[39m [ToolRegistry] 🔧 注册工具: code_generate [code] 风险=medium

      at Console.log (node_modules/winston/lib/winston/transports/console.js:87:23)

    console.log
      12:25:17 [32minfo[39m [ToolRegistry] 🔧 注册工具: code_analyze [code] 风险=low

      at Console.log (node_modules/winston/lib/winston/transports/console.js:87:23)

    console.log
      12:25:17 [32minfo[39m [ToolRegistry] 🔧 注册工具: code_fix [code] 风险=medium

      at Console.log (node_modules/winston/lib/winston/transports/console.js:87:23)

    console.log
      12:25:17 [32minfo[39m [ToolRegistry] 🔧 注册工具: task_manage [daily] 风险=low

      at Console.log (node_modules/winston/lib/winston/transports/console.js:87:23)

    console.log
      12:25:17 [32minfo[39m [ToolRegistry] 🔧 注册工具: reminder_set [daily] 风险=low

      at Console.log (node_modules/winston/lib/winston/transports/console.js:87:23)

    console.log
      12:25:17 [32minfo[39m [ToolRegistry] 🔧 注册工具: note_take [daily] 风险=low

      at Console.log (node_modules/winston/lib/winston/transports/console.js:87:23)

    console.log
      12:25:17 [32minfo[39m [ToolRegistry] 🔧 注册工具: system_status [daily] 风险=low

      at Console.log (node_modules/winston/lib/winston/transports/console.js:87:23)

    console.log
      12:25:17 [32minfo[39m [ToolRegistry] 🔧 注册工具: web_search [network] 风险=low

      at Console.log (node_modules/winston/lib/winston/transports/console.js:87:23)

    console.log
      12:25:17 [32minfo[39m [ToolRegistry] 🔧 注册工具: skill_create [network] 风险=medium

      at Console.log (node_modules/winston/lib/winston/transports/console.js:87:23)

    console.log
      12:25:17 [32minfo[39m [HarnessToolRegistrar] 🔧 Harness 工具注册完成: 25 个工具

      at Console.log (node_modules/winston/lib/winston/transports/console.js:87:23)

    console.log
      12:25:17 [32minfo[39m [AgentHarness]   🔧 工具层: 启用 (25 个工具)

      at Console.log (node_modules/winston/lib/winston/transports/console.js:87:23)

    console.log
      12:25:17 [32minfo[39m [AgentHarness]   🛡️ 约束层: 启用

      at Console.log (node_modules/winston/lib/winston/transports/console.js:87:23)

    console.log
      12:25:17 [32minfo[39m [AgentHarness]   ✅ 验证层: 启用

      at Console.log (node_modules/winston/lib/winston/transports/console.js:87:23)

    console.log
      12:25:17 [32minfo[39m [PersistenceService] 💾 PersistenceService 初始化

      at Console.log (node_modules/winston/lib/winston/transports/console.js:87:23)

    console.log
      12:25:17 [32minfo[39m [PersistenceService] 💾 已从磁盘加载 420 个任务状态

      at Console.log (node_modules/winston/lib/winston/transports/console.js:87:23)

    console.log
      12:25:17 [32minfo[39m [PersistenceService] 💾 已从磁盘加载 6 条进化指标

      at Console.log (node_modules/winston/lib/winston/transports/console.js:87:23)

    console.log
      12:25:17 [32minfo[39m [AgentHarness]   💾 持久化层: 启用

      at Console.log (node_modules/winston/lib/winston/transports/console.js:87:23)

    console.log
      12:25:17 [32minfo[39m [AgentHarness]   📋 独立评估服务: 启用

      at Console.log (node_modules/winston/lib/winston/transports/console.js:87:23)

    console.log
      12:25:17 [32minfo[39m [TrajectoryDatabase] 💾 TrajectoryDatabase 初始化: C:\zy\jiabaixing\data\trajectory\trajecto
ry.db

      at Console.log (node_modules/winston/lib/winston/transports/console.js:87:23)

    console.log
      12:25:17 [32minfo[39m [AgentHarness]   📊 轨迹持久化: 启用

      at Console.log (node_modules/winston/lib/winston/transports/console.js:87:23)

    console.log
      12:25:17 [32minfo[39m [AgentHarness]   📋 上下文层: 启用

      at Console.log (node_modules/winston/lib/winston/transports/console.js:87:23)

    console.log
      12:25:17 [32minfo[39m [AgentHarness]   🔄 循环层: 启用

      at Console.log (node_modules/winston/lib/winston/transports/console.js:87:23)

    console.log
      12:25:17 [32minfo[39m [AgentHarness] ✅ Agent Harness 初始化完成

      at Console.log (node_modules/winston/lib/winston/transports/console.js:87:23)

    console.log
      12:25:17 [32minfo[39m [AgentHarness] 🏗️ Agent Harness 初始化中...

      at Console.log (node_modules/winston/lib/winston/transports/console.js:87:23)

    console.log
      12:25:17 [32minfo[39m [ToolRegistry] 🔧 注册工具: memory_recall [memory] 风险=low

      at Console.log (node_modules/winston/lib/winston/transports/console.js:87:23)

    console.log
      12:25:17 [32minfo[39m [ToolRegistry] 🔧 注册工具: memory_store [memory] 风险=low

      at Console.log (node_modules/winston/lib/winston/transports/console.js:87:23)

    console.log
      12:25:17 [32minfo[39m [ToolRegistry] 🔧 注册工具: memory_search [memory] 风险=low

      at Console.log (node_modules/winston/lib/winston/transports/console.js:87:23)

    console.log
      12:25:17 [32minfo[39m [ToolRegistry] 🔧 注册工具: emotion_detect [cognition] 风险=low

      at Console.log (node_modules/winston/lib/winston/transports/console.js:87:23)

    console.log
      12:25:17 [32minfo[39m [ToolRegistry] 🔧 注册工具: analyze_scene [cognition] 风险=low

      at Console.log (node_modules/winston/lib/winston/transports/console.js:87:23)

    console.log
      12:25:17 [32minfo[39m [ToolRegistry] 🔧 注册工具: self_reflect [cognition] 风险=low

      at Console.log (node_modules/winston/lib/winston/transports/console.js:87:23)

    console.log
      12:25:17 [32minfo[39m [ToolRegistry] 🔧 注册工具: desktop_automate [desktop] 风险=high

      at Console.log (node_modules/winston/lib/winston/transports/console.js:87:23)

    console.log
      12:25:17 [32minfo[39m [ToolRegistry] 🔧 注册工具: desktop_screenshot [desktop] 风险=high

      at Console.log (node_modules/winston/lib/winston/transports/console.js:87:23)

    console.log
      12:25:17 [32minfo[39m [ToolRegistry] 🔧 注册工具: ask_clarification [system] 风险=low

      at Console.log (node_modules/winston/lib/winston/transports/console.js:87:23)

    console.log
      12:25:17 [32minfo[39m [ToolRegistry] 🔧 注册工具: preview_execution [system] 风险=low

      at Console.log (node_modules/winston/lib/winston/transports/console.js:87:23)

    console.log
      12:25:17 [32minfo[39m [ToolRegistry] 🔧 注册工具: rollback_changes [system] 风险=medium

      at Console.log (node_modules/winston/lib/winston/transports/console.js:87:23)

    console.log
      12:25:17 [32minfo[39m [ToolRegistry] 🔧 注册工具: get_active_file [file] 风险=low

      at Console.log (node_modules/winston/lib/winston/transports/console.js:87:23)

    console.log
      12:25:17 [32minfo[39m [ToolRegistry] 🔧 注册工具: incremental_edit [file] 风险=medium

      at Console.log (node_modules/winston/lib/winston/transports/console.js:87:23)

    console.log
      12:25:17 [32minfo[39m [ToolRegistry] 🔧 注册工具: multi_file_edit [file] 风险=high

      at Console.log (node_modules/winston/lib/winston/transports/console.js:87:23)

    console.log
      12:25:17 [32minfo[39m [ToolRegistry] 🔧 注册工具: file_search [file] 风险=low

      at Console.log (node_modules/winston/lib/winston/transports/console.js:87:23)

    console.log
      12:25:17 [32minfo[39m [ToolRegistry] 🔧 注册工具: file_list [file] 风险=low

      at Console.log (node_modules/winston/lib/winston/transports/console.js:87:23)

    console.log
      12:25:17 [32minfo[39m [ToolRegistry] 🔧 注册工具: code_generate [code] 风险=medium

      at Console.log (node_modules/winston/lib/winston/transports/console.js:87:23)

    console.log
      12:25:17 [32minfo[39m [ToolRegistry] 🔧 注册工具: code_analyze [code] 风险=low

      at Console.log (node_modules/winston/lib/winston/transports/console.js:87:23)

    console.log
      12:25:17 [32minfo[39m [ToolRegistry] 🔧 注册工具: code_fix [code] 风险=medium

      at Console.log (node_modules/winston/lib/winston/transports/console.js:87:23)

    console.log
      12:25:17 [32minfo[39m [ToolRegistry] 🔧 注册工具: task_manage [daily] 风险=low

      at Console.log (node_modules/winston/lib/winston/transports/console.js:87:23)

    console.log
      12:25:17 [32minfo[39m [ToolRegistry] 🔧 注册工具: reminder_set [daily] 风险=low

      at Console.log (node_modules/winston/lib/winston/transports/console.js:87:23)

    console.log
      12:25:17 [32minfo[39m [ToolRegistry] 🔧 注册工具: note_take [daily] 风险=low

      at Console.log (node_modules/winston/lib/winston/transports/console.js:87:23)

    console.log
      12:25:17 [32minfo[39m [ToolRegistry] 🔧 注册工具: system_status [daily] 风险=low

      at Console.log (node_modules/winston/lib/winston/transports/console.js:87:23)

    console.log
      12:25:17 [32minfo[39m [ToolRegistry] 🔧 注册工具: web_search [network] 风险=low

      at Console.log (node_modules/winston/lib/winston/transports/console.js:87:23)

    console.log
      12:25:17 [32minfo[39m [ToolRegistry] 🔧 注册工具: skill_create [network] 风险=medium

      at Console.log (node_modules/winston/lib/winston/transports/console.js:87:23)

    console.log
      12:25:17 [32minfo[39m [HarnessToolRegistrar] 🔧 Harness 工具注册完成: 25 个工具

      at Console.log (node_modules/winston/lib/winston/transports/console.js:87:23)

    console.log
      12:25:17 [32minfo[39m [AgentHarness]   🔧 工具层: 启用 (25 个工具)

      at Console.log (node_modules/winston/lib/winston/transports/console.js:87:23)

PASS tests/harness/phase5-routing.test.ts
  ● Console

    console.log
      12:25:17 [32minfo[39m [AgentHarness] 🏗️ Agent Harness 初始化中...

      at Console.log (node_modules/winston/lib/winston/transports/console.js:87:23)

    console.log
      12:25:17 [32minfo[39m [ToolRegistry] 🔧 注册工具: memory_recall [memory] 风险=low

      at Console.log (node_modules/winston/lib/winston/transports/console.js:87:23)

    console.log
      12:25:17 [32minfo[39m [ToolRegistry] 🔧 注册工具: memory_store [memory] 风险=low

      at Console.log (node_modules/winston/lib/winston/transports/console.js:87:23)

    console.log
      12:25:17 [32minfo[39m [ToolRegistry] 🔧 注册工具: memory_search [memory] 风险=low

      at Console.log (node_modules/winston/lib/winston/transports/console.js:87:23)

    console.log
      12:25:17 [32minfo[39m [ToolRegistry] 🔧 注册工具: emotion_detect [cognition] 风险=low

      at Console.log (node_modules/winston/lib/winston/transports/console.js:87:23)

    console.log
      12:25:17 [32minfo[39m [ToolRegistry] 🔧 注册工具: analyze_scene [cognition] 风险=low

      at Console.log (node_modules/winston/lib/winston/transports/console.js:87:23)

    console.log
      12:25:17 [32minfo[39m [ToolRegistry] 🔧 注册工具: self_reflect [cognition] 风险=low

      at Console.log (node_modules/winston/lib/winston/transports/console.js:87:23)

    console.log
      12:25:17 [32minfo[39m [ToolRegistry] 🔧 注册工具: desktop_automate [desktop] 风险=high

      at Console.log (node_modules/winston/lib/winston/transports/console.js:87:23)

    console.log
      12:25:17 [32minfo[39m [ToolRegistry] 🔧 注册工具: desktop_screenshot [desktop] 风险=high

      at Console.log (node_modules/winston/lib/winston/transports/console.js:87:23)

    console.log
      12:25:17 [32minfo[39m [ToolRegistry] 🔧 注册工具: ask_clarification [system] 风险=low

      at Console.log (node_modules/winston/lib/winston/transports/console.js:87:23)

    console.log
      12:25:17 [32minfo[39m [ToolRegistry] 🔧 注册工具: preview_execution [system] 风险=low

      at Console.log (node_modules/winston/lib/winston/transports/console.js:87:23)

    console.log
      12:25:17 [32minfo[39m [ToolRegistry] 🔧 注册工具: rollback_changes [system] 风险=medium

      at Console.log (node_modules/winston/lib/winston/transports/console.js:87:23)

    console.log
      12:25:17 [32minfo[39m [ToolRegistry] 🔧 注册工具: get_active_file [file] 风险=low

      at Console.log (node_modules/winston/lib/winston/transports/console.js:87:23)

    console.log
      12:25:17 [32minfo[39m [ToolRegistry] 🔧 注册工具: incremental_edit [file] 风险=medium

      at Console.log (node_modules/winston/lib/winston/transports/console.js:87:23)

    console.log
      12:25:17 [32minfo[39m [ToolRegistry] 🔧 注册工具: multi_file_edit [file] 风险=high

      at Console.log (node_modules/winston/lib/winston/transports/console.js:87:23)

    console.log
      12:25:17 [32minfo[39m [ToolRegistry] 🔧 注册工具: file_search [file] 风险=low

      at Console.log (node_modules/winston/lib/winston/transports/console.js:87:23)

    console.log
      12:25:17 [32minfo[39m [ToolRegistry] 🔧 注册工具: file_list [file] 风险=low

      at Console.log (node_modules/winston/lib/winston/transports/console.js:87:23)

    console.log
      12:25:17 [32minfo[39m [ToolRegistry] 🔧 注册工具: code_generate [code] 风险=medium

      at Console.log (node_modules/winston/lib/winston/transports/console.js:87:23)

    console.log
      12:25:17 [32minfo[39m [ToolRegistry] 🔧 注册工具: code_analyze [code] 风险=low

      at Console.log (node_modules/winston/lib/winston/transports/console.js:87:23)

    console.log
      12:25:17 [32minfo[39m [ToolRegistry] 🔧 注册工具: code_fix [code] 风险=medium

      at Console.log (node_modules/winston/lib/winston/transports/console.js:87:23)

    console.log
      12:25:17 [32minfo[39m [ToolRegistry] 🔧 注册工具: task_manage [daily] 风险=low

      at Console.log (node_modules/winston/lib/winston/transports/console.js:87:23)

    console.log
      12:25:17 [32minfo[39m [ToolRegistry] 🔧 注册工具: reminder_set [daily] 风险=low

      at Console.log (node_modules/winston/lib/winston/transports/console.js:87:23)

    console.log
      12:25:17 [32minfo[39m [ToolRegistry] 🔧 注册工具: note_take [daily] 风险=low

      at Console.log (node_modules/winston/lib/winston/transports/console.js:87:23)

    console.log
      12:25:17 [32minfo[39m [ToolRegistry] 🔧 注册工具: system_status [daily] 风险=low

      at Console.log (node_modules/winston/lib/winston/transports/console.js:87:23)

    console.log
      12:25:17 [32minfo[39m [ToolRegistry] 🔧 注册工具: web_search [network] 风险=low

      at Console.log (node_modules/winston/lib/winston/transports/console.js:87:23)

    console.log
      12:25:17 [32minfo[39m [ToolRegistry] 🔧 注册工具: skill_create [network] 风险=medium

      at Console.log (node_modules/winston/lib/winston/transports/console.js:87:23)

    console.log
      12:25:17 [32minfo[39m [HarnessToolRegistrar] 🔧 Harness 工具注册完成: 25 个工具

      at Console.log (node_modules/winston/lib/winston/transports/console.js:87:23)

    console.log
      12:25:17 [32minfo[39m [AgentHarness]   🔧 工具层: 启用 (25 个工具)

      at Console.log (node_modules/winston/lib/winston/transports/console.js:87:23)

    console.log
      12:25:17 [32minfo[39m [AgentHarness]   🛡️ 约束层: 启用

      at Console.log (node_modules/winston/lib/winston/transports/console.js:87:23)

    console.log
      12:25:17 [32minfo[39m [AgentHarness]   ✅ 验证层: 启用

      at Console.log (node_modules/winston/lib/winston/transports/console.js:87:23)

    console.log
      12:25:17 [32minfo[39m [PersistenceService] 💾 PersistenceService 初始化

      at Console.log (node_modules/winston/lib/winston/transports/console.js:87:23)

    console.log
      12:25:17 [32minfo[39m [PersistenceService] 💾 已从磁盘加载 428 个任务状态

      at Console.log (node_modules/winston/lib/winston/transports/console.js:87:23)

    console.log
      12:25:17 [32minfo[39m [PersistenceService] 💾 已从磁盘加载 6 条进化指标

      at Console.log (node_modules/winston/lib/winston/transports/console.js:87:23)

    console.log
      12:25:17 [32minfo[39m [AgentHarness]   💾 持久化层: 启用

      at Console.log (node_modules/winston/lib/winston/transports/console.js:87:23)

    console.log
      12:25:17 [32minfo[39m [AgentHarness]   📋 独立评估服务: 启用

      at Console.log (node_modules/winston/lib/winston/transports/console.js:87:23)

    console.log
      12:25:17 [32minfo[39m [TrajectoryDatabase] 💾 TrajectoryDatabase 初始化: C:\zy\jiabaixing\data\trajectory\trajecto
ry.db

      at Console.log (node_modules/winston/lib/winston/transports/console.js:87:23)

    console.log
      12:25:17 [32minfo[39m [AgentHarness]   📊 轨迹持久化: 启用

      at Console.log (node_modules/winston/lib/winston/transports/console.js:87:23)

    console.log
      12:25:17 [32minfo[39m [AgentHarness]   📋 上下文层: 启用

      at Console.log (node_modules/winston/lib/winston/transports/console.js:87:23)

    console.log
      12:25:17 [32minfo[39m [AgentHarness]   🔄 循环层: 启用

      at Console.log (node_modules/winston/lib/winston/transports/console.js:87:23)

    console.log
      12:25:17 [32minfo[39m [AgentHarness] ✅ Agent Harness 初始化完成

      at Console.log (node_modules/winston/lib/winston/transports/console.js:87:23)

    console.log
      12:25:17 [32minfo[39m [ContextManager] 📋 上下文构建完成: 4 条消息, 4 个上下文条目

      at Console.log (node_modules/winston/lib/winston/transports/console.js:87:23)

    console.log
      12:25:17 [32minfo[39m [LoopController] 🔄 LoopController 启动 [route-test-1]

      at Console.log (node_modules/winston/lib/winston/transports/console.js:87:23)

    console.log
      12:25:18 [32minfo[39m [PersistenceService] 💾 任务状态保存: route-test-1 status=in_progress

      at Console.log (node_modules/winston/lib/winston/transports/console.js:87:23)

    console.log
      12:25:18 [32minfo[39m [Planner] 📋 简单任务: "你好"

      at Console.log (node_modules/winston/lib/winston/transports/console.js:87:23)

    console.log
      12:25:18 [32minfo[39m [LoopController] 📋 简单任务，跳过规划直接执行

      at Console.log (node_modules/winston/lib/winston/transports/console.js:87:23)

    console.log
      12:25:18 [32minfo[39m [LoopController] 📊 第 1 轮: 进度=100% 动作=continue

      at Console.log (node_modules/winston/lib/winston/transports/console.js:87:23)

    console.log
      12:25:18 [32minfo[39m [LoopController] ✅ 目标已基本达成，结束循环

      at Console.log (node_modules/winston/lib/winston/transports/console.js:87:23)

    console.log
      12:25:18 [32minfo[39m [Reporter] 📊 质量评分: 1.00 (准确=0.90 有用=0.95 效率=1.00)

      at Console.log (node_modules/winston/lib/winston/transports/console.js:87:23)

    console.log
      12:25:18 [32minfo[39m [LoopController] ✅ LoopController 完成 [route-test-1] 耗时=29ms 轮次=1 工具=0次

      at Console.log (node_modules/winston/lib/winston/transports/console.js:87:23)

    console.log
      12:25:18 [32minfo[39m [AgentHarness] 🏗️ Agent Harness 初始化中...

      at Console.log (node_modules/winston/lib/winston/transports/console.js:87:23)

    console.log
      12:25:18 [32minfo[39m [ToolRegistry] 🔧 注册工具: memory_recall [memory] 风险=low

      at Console.log (node_modules/winston/lib/winston/transports/console.js:87:23)

    console.log
      12:25:18 [32minfo[39m [ToolRegistry] 🔧 注册工具: memory_store [memory] 风险=low

      at Console.log (node_modules/winston/lib/winston/transports/console.js:87:23)

    console.log
      12:25:18 [32minfo[39m [ToolRegistry] 🔧 注册工具: memory_search [memory] 风险=low

      at Console.log (node_modules/winston/lib/winston/transports/console.js:87:23)

    console.log
      12:25:18 [32minfo[39m [ToolRegistry] 🔧 注册工具: emotion_detect [cognition] 风险=low

      at Console.log (node_modules/winston/lib/winston/transports/console.js:87:23)

    console.log
      12:25:18 [32minfo[39m [ToolRegistry] 🔧 注册工具: analyze_scene [cognition] 风险=low

      at Console.log (node_modules/winston/lib/winston/transports/console.js:87:23)

    console.log
      12:25:18 [32minfo[39m [ToolRegistry] 🔧 注册工具: self_reflect [cognition] 风险=low

      at Console.log (node_modules/winston/lib/winston/transports/console.js:87:23)

    console.log
      12:25:18 [32minfo[39m [ToolRegistry] 🔧 注册工具: desktop_automate [desktop] 风险=high

      at Console.log (node_modules/winston/lib/winston/transports/console.js:87:23)

    console.log
      12:25:18 [32minfo[39m [ToolRegistry] 🔧 注册工具: desktop_screenshot [desktop] 风险=high

      at Console.log (node_modules/winston/lib/winston/transports/console.js:87:23)

    console.log
      12:25:18 [32minfo[39m [ToolRegistry] 🔧 注册工具: ask_clarification [system] 风险=low

      at Console.log (node_modules/winston/lib/winston/transports/console.js:87:23)

    console.log
      12:25:18 [32minfo[39m [ToolRegistry] 🔧 注册工具: preview_execution [system] 风险=low

      at Console.log (node_modules/winston/lib/winston/transports/console.js:87:23)

    console.log
      12:25:18 [32minfo[39m [ToolRegistry] 🔧 注册工具: rollback_changes [system] 风险=medium

      at Console.log (node_modules/winston/lib/winston/transports/console.js:87:23)

    console.log
      12:25:18 [32minfo[39m [ToolRegistry] 🔧 注册工具: get_active_file [file] 风险=low

      at Console.log (node_modules/winston/lib/winston/transports/console.js:87:23)

    console.log
      12:25:18 [32minfo[39m [ToolRegistry] 🔧 注册工具: incremental_edit [file] 风险=medium

      at Console.log (node_modules/winston/lib/winston/transports/console.js:87:23)

    console.log
      12:25:18 [32minfo[39m [ToolRegistry] 🔧 注册工具: multi_file_edit [file] 风险=high

      at Console.log (node_modules/winston/lib/winston/transports/console.js:87:23)

    console.log
      12:25:18 [32minfo[39m [ToolRegistry] 🔧 注册工具: file_search [file] 风险=low

      at Console.log (node_modules/winston/lib/winston/transports/console.js:87:23)

    console.log
      12:25:18 [32minfo[39m [ToolRegistry] 🔧 注册工具: file_list [file] 风险=low

      at Console.log (node_modules/winston/lib/winston/transports/console.js:87:23)

    console.log
      12:25:18 [32minfo[39m [ToolRegistry] 🔧 注册工具: code_generate [code] 风险=medium

      at Console.log (node_modules/winston/lib/winston/transports/console.js:87:23)

    console.log
      12:25:18 [32minfo[39m [ToolRegistry] 🔧 注册工具: code_analyze [code] 风险=low

      at Console.log (node_modules/winston/lib/winston/transports/console.js:87:23)

    console.log
      12:25:18 [32minfo[39m [ToolRegistry] 🔧 注册工具: code_fix [code] 风险=medium

      at Console.log (node_modules/winston/lib/winston/transports/console.js:87:23)

    console.log
      12:25:18 [32minfo[39m [ToolRegistry] 🔧 注册工具: task_manage [daily] 风险=low

      at Console.log (node_modules/winston/lib/winston/transports/console.js:87:23)

    console.log
      12:25:18 [32minfo[39m [ToolRegistry] 🔧 注册工具: reminder_set [daily] 风险=low

      at Console.log (node_modules/winston/lib/winston/transports/console.js:87:23)

    console.log
      12:25:18 [32minfo[39m [ToolRegistry] 🔧 注册工具: note_take [daily] 风险=low

      at Console.log (node_modules/winston/lib/winston/transports/console.js:87:23)

    console.log
      12:25:18 [32minfo[39m [ToolRegistry] 🔧 注册工具: system_status [daily] 风险=low

      at Console.log (node_modules/winston/lib/winston/transports/console.js:87:23)

    console.log
      12:25:18 [32minfo[39m [ToolRegistry] 🔧 注册工具: web_search [network] 风险=low

      at Console.log (node_modules/winston/lib/winston/transports/console.js:87:23)

    console.log
      12:25:18 [32minfo[39m [ToolRegistry] 🔧 注册工具: skill_create [network] 风险=medium

      at Console.log (node_modules/winston/lib/winston/transports/console.js:87:23)

    console.log
      12:25:18 [32minfo[39m [HarnessToolRegistrar] 🔧 Harness 工具注册完成: 25 个工具

      at Console.log (node_modules/winston/lib/winston/transports/console.js:87:23)

    console.log
      12:25:18 [32minfo[39m [AgentHarness]   🔧 工具层: 启用 (25 个工具)

      at Console.log (node_modules/winston/lib/winston/transports/console.js:87:23)

    console.log
      12:25:18 [32minfo[39m [AgentHarness]   🛡️ 约束层: 启用

      at Console.log (node_modules/winston/lib/winston/transports/console.js:87:23)

    console.log
      12:25:18 [32minfo[39m [AgentHarness]   ✅ 验证层: 启用

      at Console.log (node_modules/winston/lib/winston/transports/console.js:87:23)

    console.log
      12:25:18 [32minfo[39m [PersistenceService] 💾 PersistenceService 初始化

      at Console.log (node_modules/winston/lib/winston/transports/console.js:87:23)

    console.log
      12:25:18 [32minfo[39m [PersistenceService] 💾 已从磁盘加载 428 个任务状态

      at Console.log (node_modules/winston/lib/winston/transports/console.js:87:23)

    console.log
      12:25:18 [32minfo[39m [PersistenceService] 💾 已从磁盘加载 6 条进化指标

      at Console.log (node_modules/winston/lib/winston/transports/console.js:87:23)

    console.log
      12:25:18 [32minfo[39m [AgentHarness]   💾 持久化层: 启用

      at Console.log (node_modules/winston/lib/winston/transports/console.js:87:23)

    console.log
      12:25:18 [32minfo[39m [AgentHarness]   📋 独立评估服务: 启用

      at Console.log (node_modules/winston/lib/winston/transports/console.js:87:23)

    console.log
      12:25:18 [32minfo[39m [TrajectoryDatabase] 💾 TrajectoryDatabase 初始化: C:\zy\jiabaixing\data\trajectory\trajecto
ry.db

      at Console.log (node_modules/winston/lib/winston/transports/console.js:87:23)

    console.log
      12:25:18 [32minfo[39m [AgentHarness]   📊 轨迹持久化: 启用

      at Console.log (node_modules/winston/lib/winston/transports/console.js:87:23)

    console.log
      12:25:18 [32minfo[39m [AgentHarness]   📋 上下文层: 启用

      at Console.log (node_modules/winston/lib/winston/transports/console.js:87:23)

    console.log
      12:25:18 [32minfo[39m [AgentHarness] ✅ Agent Harness 初始化完成

      at Console.log (node_modules/winston/lib/winston/transports/console.js:87:23)

    console.log
      12:25:18 [32minfo[39m [AgentHarness] 🏗️ Agent Harness 初始化中...

      at Console.log (node_modules/winston/lib/winston/transports/console.js:87:23)

    console.log
      12:25:18 [32minfo[39m [ToolRegistry] 🔧 注册工具: memory_recall [memory] 风险=low

      at Console.log (node_modules/winston/lib/winston/transports/console.js:87:23)

    console.log
      12:25:18 [32minfo[39m [ToolRegistry] 🔧 注册工具: memory_store [memory] 风险=low

      at Console.log (node_modules/winston/lib/winston/transports/console.js:87:23)

    console.log
      12:25:18 [32minfo[39m [ToolRegistry] 🔧 注册工具: memory_search [memory] 风险=low

      at Console.log (node_modules/winston/lib/winston/transports/console.js:87:23)

    console.log
      12:25:18 [32minfo[39m [ToolRegistry] 🔧 注册工具: emotion_detect [cognition] 风险=low

      at Console.log (node_modules/winston/lib/winston/transports/console.js:87:23)

    console.log
      12:25:18 [32minfo[39m [ToolRegistry] 🔧 注册工具: analyze_scene [cognition] 风险=low

      at Console.log (node_modules/winston/lib/winston/transports/console.js:87:23)

    console.log
      12:25:18 [32minfo[39m [ToolRegistry] 🔧 注册工具: self_reflect [cognition] 风险=low

      at Console.log (node_modules/winston/lib/winston/transports/console.js:87:23)

    console.log
      12:25:18 [32minfo[39m [ToolRegistry] 🔧 注册工具: desktop_automate [desktop] 风险=high

      at Console.log (node_modules/winston/lib/winston/transports/console.js:87:23)

    console.log
      12:25:18 [32minfo[39m [ToolRegistry] 🔧 注册工具: desktop_screenshot [desktop] 风险=high

      at Console.log (node_modules/winston/lib/winston/transports/console.js:87:23)

    console.log
      12:25:18 [32minfo[39m [ToolRegistry] 🔧 注册工具: ask_clarification [system] 风险=low

      at Console.log (node_modules/winston/lib/winston/transports/console.js:87:23)

    console.log
      12:25:18 [32minfo[39m [ToolRegistry] 🔧 注册工具: preview_execution [system] 风险=low

      at Console.log (node_modules/winston/lib/winston/transports/console.js:87:23)

    console.log
      12:25:18 [32minfo[39m [ToolRegistry] 🔧 注册工具: rollback_changes [system] 风险=medium

      at Console.log (node_modules/winston/lib/winston/transports/console.js:87:23)

    console.log
      12:25:18 [32minfo[39m [ToolRegistry] 🔧 注册工具: get_active_file [file] 风险=low

      at Console.log (node_modules/winston/lib/winston/transports/console.js:87:23)

    console.log
      12:25:18 [32minfo[39m [ToolRegistry] 🔧 注册工具: incremental_edit [file] 风险=medium

      at Console.log (node_modules/winston/lib/winston/transports/console.js:87:23)

    console.log
      12:25:18 [32minfo[39m [ToolRegistry] 🔧 注册工具: multi_file_edit [file] 风险=high

      at Console.log (node_modules/winston/lib/winston/transports/console.js:87:23)

    console.log
      12:25:18 [32minfo[39m [ToolRegistry] 🔧 注册工具: file_search [file] 风险=low

      at Console.log (node_modules/winston/lib/winston/transports/console.js:87:23)

    console.log
      12:25:18 [32minfo[39m [ToolRegistry] 🔧 注册工具: file_list [file] 风险=low

      at Console.log (node_modules/winston/lib/winston/transports/console.js:87:23)

    console.log
      12:25:18 [32minfo[39m [ToolRegistry] 🔧 注册工具: code_generate [code] 风险=medium

      at Console.log (node_modules/winston/lib/winston/transports/console.js:87:23)

    console.log
      12:25:18 [32minfo[39m [ToolRegistry] 🔧 注册工具: code_analyze [code] 风险=low

      at Console.log (node_modules/winston/lib/winston/transports/console.js:87:23)

    console.log
      12:25:18 [32minfo[39m [ToolRegistry] 🔧 注册工具: code_fix [code] 风险=medium

      at Console.log (node_modules/winston/lib/winston/transports/console.js:87:23)

    console.log
      12:25:18 [32minfo[39m [ToolRegistry] 🔧 注册工具: task_manage [daily] 风险=low

      at Console.log (node_modules/winston/lib/winston/transports/console.js:87:23)

    console.log
      12:25:18 [32minfo[39m [ToolRegistry] 🔧 注册工具: reminder_set [daily] 风险=low

      at Console.log (node_modules/winston/lib/winston/transports/console.js:87:23)

    console.log
      12:25:18 [32minfo[39m [ToolRegistry] 🔧 注册工具: note_take [daily] 风险=low

      at Console.log (node_modules/winston/lib/winston/transports/console.js:87:23)

    console.log
      12:25:18 [32minfo[39m [ToolRegistry] 🔧 注册工具: system_status [daily] 风险=low

      at Console.log (node_modules/winston/lib/winston/transports/console.js:87:23)

    console.log
      12:25:18 [32minfo[39m [ToolRegistry] 🔧 注册工具: web_search [network] 风险=low

      at Console.log (node_modules/winston/lib/winston/transports/console.js:87:23)

    console.log
      12:25:18 [32minfo[39m [ToolRegistry] 🔧 注册工具: skill_create [network] 风险=medium

      at Console.log (node_modules/winston/lib/winston/transports/console.js:87:23)

    console.log
      12:25:18 [32minfo[39m [HarnessToolRegistrar] 🔧 Harness 工具注册完成: 25 个工具

      at Console.log (node_modules/winston/lib/winston/transports/console.js:87:23)

    console.log
      12:25:18 [32minfo[39m [AgentHarness]   🔧 工具层: 启用 (25 个工具)

      at Console.log (node_modules/winston/lib/winston/transports/console.js:87:23)

    console.log
      12:25:18 [32minfo[39m [AgentHarness]   🛡️ 约束层: 启用

      at Console.log (node_modules/winston/lib/winston/transports/console.js:87:23)

    console.log
      12:25:18 [32minfo[39m [AgentHarness]   ✅ 验证层: 启用

      at Console.log (node_modules/winston/lib/winston/transports/console.js:87:23)

    console.log
      12:25:18 [32minfo[39m [PersistenceService] 💾 PersistenceService 初始化

      at Console.log (node_modules/winston/lib/winston/transports/console.js:87:23)

    console.log
      12:25:18 [32minfo[39m [PersistenceService] 💾 已从磁盘加载 428 个任务状态

      at Console.log (node_modules/winston/lib/winston/transports/console.js:87:23)

    console.log
      12:25:18 [32minfo[39m [PersistenceService] 💾 已从磁盘加载 6 条进化指标

      at Console.log (node_modules/winston/lib/winston/transports/console.js:87:23)

    console.log
      12:25:18 [32minfo[39m [AgentHarness]   💾 持久化层: 启用

      at Console.log (node_modules/winston/lib/winston/transports/console.js:87:23)

    console.log
      12:25:18 [32minfo[39m [AgentHarness]   📋 独立评估服务: 启用

      at Console.log (node_modules/winston/lib/winston/transports/console.js:87:23)

    console.log
      12:25:18 [32minfo[39m [TrajectoryDatabase] 💾 TrajectoryDatabase 初始化: C:\zy\jiabaixing\data\trajectory\trajecto
ry.db

      at Console.log (node_modules/winston/lib/winston/transports/console.js:87:23)

    console.log
      12:25:18 [32minfo[39m [AgentHarness]   📊 轨迹持久化: 启用

      at Console.log (node_modules/winston/lib/winston/transports/console.js:87:23)

    console.log
      12:25:18 [32minfo[39m [AgentHarness]   📋 上下文层: 启用

      at Console.log (node_modules/winston/lib/winston/transports/console.js:87:23)

    console.log
      12:25:18 [32minfo[39m [AgentHarness]   🔄 循环层: 启用

      at Console.log (node_modules/winston/lib/winston/transports/console.js:87:23)

    console.log
      12:25:18 [32minfo[39m [AgentHarness] ✅ Agent Harness 初始化完成

      at Console.log (node_modules/winston/lib/winston/transports/console.js:87:23)

    console.log
      12:25:18 [32minfo[39m [ContextManager] 📋 上下文构建完成: 4 条消息, 4 个上下文条目

      at Console.log (node_modules/winston/lib/winston/transports/console.js:87:23)

    console.log
      12:25:18 [32minfo[39m [LoopController] 🔄 LoopController 启动 [format-test]

      at Console.log (node_modules/winston/lib/winston/transports/console.js:87:23)

    console.log
      12:25:18 [32minfo[39m [PersistenceService] 💾 任务状态保存: format-test status=in_progress

      at Console.log (node_modules/winston/lib/winston/transports/console.js:87:23)

    console.log
      12:25:18 [32minfo[39m [Planner] 📋 简单任务: "帮我写一个函数"

      at Console.log (node_modules/winston/lib/winston/transports/console.js:87:23)

    console.log
      12:25:18 [32minfo[39m [LoopController] 📋 简单任务，跳过规划直接执行

      at Console.log (node_modules/winston/lib/winston/transports/console.js:87:23)

    console.log
      12:25:18 [32minfo[39m [LoopController] 📊 第 1 轮: 进度=100% 动作=continue

      at Console.log (node_modules/winston/lib/winston/transports/console.js:87:23)

    console.log
      12:25:18 [32minfo[39m [LoopController] ✅ 目标已基本达成，结束循环

      at Console.log (node_modules/winston/lib/winston/transports/console.js:87:23)

    console.log
      12:25:18 [32minfo[39m [Reporter] 📊 质量评分: 1.00 (准确=0.90 有用=0.95 效率=1.00)

      at Console.log (node_modules/winston/lib/winston/transports/console.js:87:23)

    console.log
      12:25:18 [32minfo[39m [LoopController] ✅ LoopController 完成 [format-test] 耗时=10ms 轮次=1 工具=0次

      at Console.log (node_modules/winston/lib/winston/transports/console.js:87:23)

    console.log
      12:25:18 [32minfo[39m [AgentHarness] 🏗️ Agent Harness 初始化中...

      at Console.log (node_modules/winston/lib/winston/transports/console.js:87:23)

    console.log
      12:25:18 [32minfo[39m [ToolRegistry] 🔧 注册工具: memory_recall [memory] 风险=low

      at Console.log (node_modules/winston/lib/winston/transports/console.js:87:23)

    console.log
      12:25:18 [32minfo[39m [ToolRegistry] 🔧 注册工具: memory_store [memory] 风险=low

      at Console.log (node_modules/winston/lib/winston/transports/console.js:87:23)

    console.log
      12:25:18 [32minfo[39m [ToolRegistry] 🔧 注册工具: memory_search [memory] 风险=low

      at Console.log (node_modules/winston/lib/winston/transports/console.js:87:23)

    console.log
      12:25:18 [32minfo[39m [ToolRegistry] 🔧 注册工具: emotion_detect [cognition] 风险=low

      at Console.log (node_modules/winston/lib/winston/transports/console.js:87:23)

    console.log
      12:25:18 [32minfo[39m [ToolRegistry] 🔧 注册工具: analyze_scene [cognition] 风险=low

      at Console.log (node_modules/winston/lib/winston/transports/console.js:87:23)

    console.log
      12:25:18 [32minfo[39m [ToolRegistry] 🔧 注册工具: self_reflect [cognition] 风险=low

      at Console.log (node_modules/winston/lib/winston/transports/console.js:87:23)

    console.log
      12:25:18 [32minfo[39m [ToolRegistry] 🔧 注册工具: desktop_automate [desktop] 风险=high

      at Console.log (node_modules/winston/lib/winston/transports/console.js:87:23)

    console.log
      12:25:18 [32minfo[39m [ToolRegistry] 🔧 注册工具: desktop_screenshot [desktop] 风险=high

      at Console.log (node_modules/winston/lib/winston/transports/console.js:87:23)

    console.log
      12:25:18 [32minfo[39m [ToolRegistry] 🔧 注册工具: ask_clarification [system] 风险=low

      at Console.log (node_modules/winston/lib/winston/transports/console.js:87:23)

    console.log
      12:25:18 [32minfo[39m [ToolRegistry] 🔧 注册工具: preview_execution [system] 风险=low

      at Console.log (node_modules/winston/lib/winston/transports/console.js:87:23)

    console.log
      12:25:18 [32minfo[39m [ToolRegistry] 🔧 注册工具: rollback_changes [system] 风险=medium

      at Console.log (node_modules/winston/lib/winston/transports/console.js:87:23)

    console.log
      12:25:18 [32minfo[39m [ToolRegistry] 🔧 注册工具: get_active_file [file] 风险=low

      at Console.log (node_modules/winston/lib/winston/transports/console.js:87:23)

    console.log
      12:25:18 [32minfo[39m [ToolRegistry] 🔧 注册工具: incremental_edit [file] 风险=medium

      at Console.log (node_modules/winston/lib/winston/transports/console.js:87:23)

    console.log
      12:25:18 [32minfo[39m [ToolRegistry] 🔧 注册工具: multi_file_edit [file] 风险=high

      at Console.log (node_modules/winston/lib/winston/transports/console.js:87:23)

    console.log
      12:25:18 [32minfo[39m [ToolRegistry] 🔧 注册工具: file_search [file] 风险=low

      at Console.log (node_modules/winston/lib/winston/transports/console.js:87:23)

    console.log
      12:25:18 [32minfo[39m [ToolRegistry] 🔧 注册工具: file_list [file] 风险=low

      at Console.log (node_modules/winston/lib/winston/transports/console.js:87:23)

    console.log
      12:25:18 [32minfo[39m [ToolRegistry] 🔧 注册工具: code_generate [code] 风险=medium

      at Console.log (node_modules/winston/lib/winston/transports/console.js:87:23)

    console.log
      12:25:18 [32minfo[39m [ToolRegistry] 🔧 注册工具: code_analyze [code] 风险=low

      at Console.log (node_modules/winston/lib/winston/transports/console.js:87:23)

    console.log
      12:25:18 [32minfo[39m [ToolRegistry] 🔧 注册工具: code_fix [code] 风险=medium

      at Console.log (node_modules/winston/lib/winston/transports/console.js:87:23)

    console.log
      12:25:18 [32minfo[39m [ToolRegistry] 🔧 注册工具: task_manage [daily] 风险=low

      at Console.log (node_modules/winston/lib/winston/transports/console.js:87:23)

PASS tests/harness/phase2-loop-context.test.ts
  ● Console

    console.log
      12:25:19 [32minfo[39m [AgentHarness] 🏗️ Agent Harness 初始化中...

      at Console.log (node_modules/winston/lib/winston/transports/console.js:87:23)

    console.log
      12:25:19 [32minfo[39m [ToolRegistry] 🔧 注册工具: memory_recall [memory] 风险=low

      at Console.log (node_modules/winston/lib/winston/transports/console.js:87:23)

    console.log
      12:25:19 [32minfo[39m [ToolRegistry] 🔧 注册工具: memory_store [memory] 风险=low

      at Console.log (node_modules/winston/lib/winston/transports/console.js:87:23)

    console.log
      12:25:19 [32minfo[39m [ToolRegistry] 🔧 注册工具: memory_search [memory] 风险=low

      at Console.log (node_modules/winston/lib/winston/transports/console.js:87:23)

    console.log
      12:25:19 [32minfo[39m [ToolRegistry] 🔧 注册工具: emotion_detect [cognition] 风险=low

      at Console.log (node_modules/winston/lib/winston/transports/console.js:87:23)

    console.log
      12:25:19 [32minfo[39m [ToolRegistry] 🔧 注册工具: analyze_scene [cognition] 风险=low

      at Console.log (node_modules/winston/lib/winston/transports/console.js:87:23)

    console.log
      12:25:19 [32minfo[39m [ToolRegistry] 🔧 注册工具: self_reflect [cognition] 风险=low

      at Console.log (node_modules/winston/lib/winston/transports/console.js:87:23)

    console.log
      12:25:19 [32minfo[39m [ToolRegistry] 🔧 注册工具: desktop_automate [desktop] 风险=high

      at Console.log (node_modules/winston/lib/winston/transports/console.js:87:23)

    console.log
      12:25:19 [32minfo[39m [ToolRegistry] 🔧 注册工具: desktop_screenshot [desktop] 风险=high

      at Console.log (node_modules/winston/lib/winston/transports/console.js:87:23)

    console.log
      12:25:19 [32minfo[39m [ToolRegistry] 🔧 注册工具: ask_clarification [system] 风险=low

      at Console.log (node_modules/winston/lib/winston/transports/console.js:87:23)

    console.log
      12:25:19 [32minfo[39m [ToolRegistry] 🔧 注册工具: preview_execution [system] 风险=low

      at Console.log (node_modules/winston/lib/winston/transports/console.js:87:23)

    console.log
      12:25:19 [32minfo[39m [ToolRegistry] 🔧 注册工具: rollback_changes [system] 风险=medium

      at Console.log (node_modules/winston/lib/winston/transports/console.js:87:23)

    console.log
      12:25:19 [32minfo[39m [ToolRegistry] 🔧 注册工具: get_active_file [file] 风险=low

      at Console.log (node_modules/winston/lib/winston/transports/console.js:87:23)

    console.log
      12:25:19 [32minfo[39m [ToolRegistry] 🔧 注册工具: incremental_edit [file] 风险=medium

      at Console.log (node_modules/winston/lib/winston/transports/console.js:87:23)

    console.log
      12:25:19 [32minfo[39m [ToolRegistry] 🔧 注册工具: multi_file_edit [file] 风险=high

      at Console.log (node_modules/winston/lib/winston/transports/console.js:87:23)

    console.log
      12:25:19 [32minfo[39m [ToolRegistry] 🔧 注册工具: file_search [file] 风险=low

      at Console.log (node_modules/winston/lib/winston/transports/console.js:87:23)

    console.log
      12:25:19 [32minfo[39m [ToolRegistry] 🔧 注册工具: file_list [file] 风险=low

      at Console.log (node_modules/winston/lib/winston/transports/console.js:87:23)

    console.log
      12:25:19 [32minfo[39m [ToolRegistry] 🔧 注册工具: code_generate [code] 风险=medium

      at Console.log (node_modules/winston/lib/winston/transports/console.js:87:23)

    console.log
      12:25:19 [32minfo[39m [ToolRegistry] 🔧 注册工具: code_analyze [code] 风险=low

      at Console.log (node_modules/winston/lib/winston/transports/console.js:87:23)

    console.log
      12:25:19 [32minfo[39m [ToolRegistry] 🔧 注册工具: code_fix [code] 风险=medium

      at Console.log (node_modules/winston/lib/winston/transports/console.js:87:23)

    console.log
      12:25:19 [32minfo[39m [ToolRegistry] 🔧 注册工具: task_manage [daily] 风险=low

      at Console.log (node_modules/winston/lib/winston/transports/console.js:87:23)

    console.log
      12:25:19 [32minfo[39m [ToolRegistry] 🔧 注册工具: reminder_set [daily] 风险=low

      at Console.log (node_modules/winston/lib/winston/transports/console.js:87:23)

    console.log
      12:25:19 [32minfo[39m [ToolRegistry] 🔧 注册工具: note_take [daily] 风险=low

      at Console.log (node_modules/winston/lib/winston/transports/console.js:87:23)

    console.log
      12:25:19 [32minfo[39m [ToolRegistry] 🔧 注册工具: system_status [daily] 风险=low

      at Console.log (node_modules/winston/lib/winston/transports/console.js:87:23)

    console.log
      12:25:19 [32minfo[39m [ToolRegistry] 🔧 注册工具: web_search [network] 风险=low

      at Console.log (node_modules/winston/lib/winston/transports/console.js:87:23)

    console.log
      12:25:20 [32minfo[39m [ToolRegistry] 🔧 注册工具: skill_create [network] 风险=medium

      at Console.log (node_modules/winston/lib/winston/transports/console.js:87:23)

    console.log
      12:25:20 [32minfo[39m [HarnessToolRegistrar] 🔧 Harness 工具注册完成: 25 个工具

      at Console.log (node_modules/winston/lib/winston/transports/console.js:87:23)

    console.log
      12:25:20 [32minfo[39m [AgentHarness]   🔧 工具层: 启用 (25 个工具)

      at Console.log (node_modules/winston/lib/winston/transports/console.js:87:23)

    console.log
      12:25:20 [32minfo[39m [AgentHarness]   🛡️ 约束层: 启用

      at Console.log (node_modules/winston/lib/winston/transports/console.js:87:23)

    console.log
      12:25:20 [32minfo[39m [AgentHarness]   ✅ 验证层: 启用

      at Console.log (node_modules/winston/lib/winston/transports/console.js:87:23)

    console.log
      12:25:20 [32minfo[39m [PersistenceService] 💾 PersistenceService 初始化

      at Console.log (node_modules/winston/lib/winston/transports/console.js:87:23)

    console.log
      12:25:20 [32minfo[39m [PersistenceService] 💾 已从磁盘加载 436 个任务状态

      at Console.log (node_modules/winston/lib/winston/transports/console.js:87:23)

    console.log
      12:25:20 [32minfo[39m [PersistenceService] 💾 已从磁盘加载 6 条进化指标

      at Console.log (node_modules/winston/lib/winston/transports/console.js:87:23)

    console.log
      12:25:20 [32minfo[39m [AgentHarness]   💾 持久化层: 启用

      at Console.log (node_modules/winston/lib/winston/transports/console.js:87:23)

    console.log
      12:25:20 [32minfo[39m [AgentHarness]   📋 独立评估服务: 启用

      at Console.log (node_modules/winston/lib/winston/transports/console.js:87:23)

    console.log
      12:25:20 [32minfo[39m [TrajectoryDatabase] 💾 TrajectoryDatabase 初始化: C:\zy\jiabaixing\data\trajectory\trajecto
ry.db

      at Console.log (node_modules/winston/lib/winston/transports/console.js:87:23)

    console.log
      12:25:20 [32minfo[39m [AgentHarness]   📊 轨迹持久化: 启用

      at Console.log (node_modules/winston/lib/winston/transports/console.js:87:23)

    console.log
      12:25:20 [32minfo[39m [AgentHarness]   📋 上下文层: 启用

      at Console.log (node_modules/winston/lib/winston/transports/console.js:87:23)

    console.log
      12:25:20 [32minfo[39m [AgentHarness]   🔄 循环层: 启用

      at Console.log (node_modules/winston/lib/winston/transports/console.js:87:23)

    console.log
      12:25:20 [32minfo[39m [AgentHarness] ✅ Agent Harness 初始化完成

      at Console.log (node_modules/winston/lib/winston/transports/console.js:87:23)

    console.log
      12:25:20 [32minfo[39m [ContextManager] 📋 上下文构建完成: 6 条消息, 4 个上下文条目

      at Console.log (node_modules/winston/lib/winston/transports/console.js:87:23)

    console.log
      12:25:20 [32minfo[39m [AgentHarness] 🏗️ Agent Harness 初始化中...

      at Console.log (node_modules/winston/lib/winston/transports/console.js:87:23)

    console.log
      12:25:20 [32minfo[39m [ToolRegistry] 🔧 注册工具: memory_recall [memory] 风险=low

      at Console.log (node_modules/winston/lib/winston/transports/console.js:87:23)

    console.log
      12:25:20 [32minfo[39m [ToolRegistry] 🔧 注册工具: memory_store [memory] 风险=low

      at Console.log (node_modules/winston/lib/winston/transports/console.js:87:23)

    console.log
      12:25:20 [32minfo[39m [ToolRegistry] 🔧 注册工具: memory_search [memory] 风险=low

      at Console.log (node_modules/winston/lib/winston/transports/console.js:87:23)

    console.log
      12:25:20 [32minfo[39m [ToolRegistry] 🔧 注册工具: emotion_detect [cognition] 风险=low

      at Console.log (node_modules/winston/lib/winston/transports/console.js:87:23)

    console.log
      12:25:20 [32minfo[39m [ToolRegistry] 🔧 注册工具: analyze_scene [cognition] 风险=low

      at Console.log (node_modules/winston/lib/winston/transports/console.js:87:23)

    console.log
      12:25:20 [32minfo[39m [ToolRegistry] 🔧 注册工具: self_reflect [cognition] 风险=low

      at Console.log (node_modules/winston/lib/winston/transports/console.js:87:23)

    console.log
      12:25:20 [32minfo[39m [ToolRegistry] 🔧 注册工具: desktop_automate [desktop] 风险=high

      at Console.log (node_modules/winston/lib/winston/transports/console.js:87:23)

    console.log
      12:25:20 [32minfo[39m [ToolRegistry] 🔧 注册工具: desktop_screenshot [desktop] 风险=high

      at Console.log (node_modules/winston/lib/winston/transports/console.js:87:23)

    console.log
      12:25:20 [32minfo[39m [ToolRegistry] 🔧 注册工具: ask_clarification [system] 风险=low

      at Console.log (node_modules/winston/lib/winston/transports/console.js:87:23)

    console.log
      12:25:20 [32minfo[39m [ToolRegistry] 🔧 注册工具: preview_execution [system] 风险=low

      at Console.log (node_modules/winston/lib/winston/transports/console.js:87:23)

    console.log
      12:25:20 [32minfo[39m [ToolRegistry] 🔧 注册工具: rollback_changes [system] 风险=medium

      at Console.log (node_modules/winston/lib/winston/transports/console.js:87:23)

    console.log
      12:25:20 [32minfo[39m [ToolRegistry] 🔧 注册工具: get_active_file [file] 风险=low

      at Console.log (node_modules/winston/lib/winston/transports/console.js:87:23)

    console.log
      12:25:20 [32minfo[39m [ToolRegistry] 🔧 注册工具: incremental_edit [file] 风险=medium

      at Console.log (node_modules/winston/lib/winston/transports/console.js:87:23)

    console.log
      12:25:20 [32minfo[39m [ToolRegistry] 🔧 注册工具: multi_file_edit [file] 风险=high

      at Console.log (node_modules/winston/lib/winston/transports/console.js:87:23)

    console.log
      12:25:20 [32minfo[39m [ToolRegistry] 🔧 注册工具: file_search [file] 风险=low

      at Console.log (node_modules/winston/lib/winston/transports/console.js:87:23)

    console.log
      12:25:20 [32minfo[39m [ToolRegistry] 🔧 注册工具: file_list [file] 风险=low

      at Console.log (node_modules/winston/lib/winston/transports/console.js:87:23)

    console.log
      12:25:20 [32minfo[39m [ToolRegistry] 🔧 注册工具: code_generate [code] 风险=medium

      at Console.log (node_modules/winston/lib/winston/transports/console.js:87:23)

    console.log
      12:25:20 [32minfo[39m [ToolRegistry] 🔧 注册工具: code_analyze [code] 风险=low

      at Console.log (node_modules/winston/lib/winston/transports/console.js:87:23)

    console.log
      12:25:20 [32minfo[39m [ToolRegistry] 🔧 注册工具: code_fix [code] 风险=medium

      at Console.log (node_modules/winston/lib/winston/transports/console.js:87:23)

    console.log
      12:25:20 [32minfo[39m [ToolRegistry] 🔧 注册工具: task_manage [daily] 风险=low

      at Console.log (node_modules/winston/lib/winston/transports/console.js:87:23)

    console.log
      12:25:20 [32minfo[39m [ToolRegistry] 🔧 注册工具: reminder_set [daily] 风险=low

      at Console.log (node_modules/winston/lib/winston/transports/console.js:87:23)

    console.log
      12:25:20 [32minfo[39m [ToolRegistry] 🔧 注册工具: note_take [daily] 风险=low

      at Console.log (node_modules/winston/lib/winston/transports/console.js:87:23)

    console.log
      12:25:20 [32minfo[39m [ToolRegistry] 🔧 注册工具: system_status [daily] 风险=low

      at Console.log (node_modules/winston/lib/winston/transports/console.js:87:23)

    console.log
      12:25:20 [32minfo[39m [ToolRegistry] 🔧 注册工具: web_search [network] 风险=low

      at Console.log (node_modules/winston/lib/winston/transports/console.js:87:23)

    console.log
      12:25:20 [32minfo[39m [ToolRegistry] 🔧 注册工具: skill_create [network] 风险=medium

      at Console.log (node_modules/winston/lib/winston/transports/console.js:87:23)

    console.log
      12:25:20 [32minfo[39m [HarnessToolRegistrar] 🔧 Harness 工具注册完成: 25 个工具

      at Console.log (node_modules/winston/lib/winston/transports/console.js:87:23)

    console.log
      12:25:20 [32minfo[39m [AgentHarness]   🔧 工具层: 启用 (25 个工具)

      at Console.log (node_modules/winston/lib/winston/transports/console.js:87:23)

    console.log
      12:25:20 [32minfo[39m [AgentHarness]   🛡️ 约束层: 启用

      at Console.log (node_modules/winston/lib/winston/transports/console.js:87:23)

    console.log
      12:25:20 [32minfo[39m [AgentHarness]   ✅ 验证层: 启用

      at Console.log (node_modules/winston/lib/winston/transports/console.js:87:23)

    console.log
      12:25:20 [32minfo[39m [PersistenceService] 💾 PersistenceService 初始化

      at Console.log (node_modules/winston/lib/winston/transports/console.js:87:23)

    console.log
      12:25:20 [32minfo[39m [PersistenceService] 💾 已从磁盘加载 436 个任务状态

      at Console.log (node_modules/winston/lib/winston/transports/console.js:87:23)

    console.log
      12:25:20 [32minfo[39m [PersistenceService] 💾 已从磁盘加载 6 条进化指标

      at Console.log (node_modules/winston/lib/winston/transports/console.js:87:23)

    console.log
      12:25:20 [32minfo[39m [AgentHarness]   💾 持久化层: 启用

      at Console.log (node_modules/winston/lib/winston/transports/console.js:87:23)

    console.log
      12:25:20 [32minfo[39m [AgentHarness]   📋 独立评估服务: 启用

      at Console.log (node_modules/winston/lib/winston/transports/console.js:87:23)

    console.log
      12:25:20 [32minfo[39m [TrajectoryDatabase] 💾 TrajectoryDatabase 初始化: C:\zy\jiabaixing\data\trajectory\trajecto
ry.db

      at Console.log (node_modules/winston/lib/winston/transports/console.js:87:23)

    console.log
      12:25:20 [32minfo[39m [AgentHarness]   📊 轨迹持久化: 启用

      at Console.log (node_modules/winston/lib/winston/transports/console.js:87:23)

    console.log
      12:25:20 [32minfo[39m [AgentHarness]   📋 上下文层: 启用

      at Console.log (node_modules/winston/lib/winston/transports/console.js:87:23)

    console.log
      12:25:20 [32minfo[39m [AgentHarness]   🔄 循环层: 启用

      at Console.log (node_modules/winston/lib/winston/transports/console.js:87:23)

    console.log
      12:25:20 [32minfo[39m [AgentHarness] ✅ Agent Harness 初始化完成

      at Console.log (node_modules/winston/lib/winston/transports/console.js:87:23)

    console.log
      12:25:20 [32minfo[39m [ContextManager] 📋 上下文构建完成: 6 条消息, 4 个上下文条目

      at Console.log (node_modules/winston/lib/winston/transports/console.js:87:23)

    console.log
      12:25:20 [32minfo[39m [AgentHarness] 🏗️ Agent Harness 初始化中...

      at Console.log (node_modules/winston/lib/winston/transports/console.js:87:23)

    console.log
      12:25:20 [32minfo[39m [ToolRegistry] 🔧 注册工具: memory_recall [memory] 风险=low

      at Console.log (node_modules/winston/lib/winston/transports/console.js:87:23)

    console.log
      12:25:20 [32minfo[39m [ToolRegistry] 🔧 注册工具: memory_store [memory] 风险=low

      at Console.log (node_modules/winston/lib/winston/transports/console.js:87:23)

    console.log
      12:25:20 [32minfo[39m [ToolRegistry] 🔧 注册工具: memory_search [memory] 风险=low

      at Console.log (node_modules/winston/lib/winston/transports/console.js:87:23)

    console.log
      12:25:20 [32minfo[39m [ToolRegistry] 🔧 注册工具: emotion_detect [cognition] 风险=low

      at Console.log (node_modules/winston/lib/winston/transports/console.js:87:23)

    console.log
      12:25:20 [32minfo[39m [ToolRegistry] 🔧 注册工具: analyze_scene [cognition] 风险=low

      at Console.log (node_modules/winston/lib/winston/transports/console.js:87:23)

    console.log
      12:25:20 [32minfo[39m [ToolRegistry] 🔧 注册工具: self_reflect [cognition] 风险=low

      at Console.log (node_modules/winston/lib/winston/transports/console.js:87:23)

    console.log
      12:25:20 [32minfo[39m [ToolRegistry] 🔧 注册工具: desktop_automate [desktop] 风险=high

      at Console.log (node_modules/winston/lib/winston/transports/console.js:87:23)

    console.log
      12:25:20 [32minfo[39m [ToolRegistry] 🔧 注册工具: desktop_screenshot [desktop] 风险=high

      at Console.log (node_modules/winston/lib/winston/transports/console.js:87:23)

    console.log
      12:25:20 [32minfo[39m [ToolRegistry] 🔧 注册工具: ask_clarification [system] 风险=low

      at Console.log (node_modules/winston/lib/winston/transports/console.js:87:23)

    console.log
      12:25:20 [32minfo[39m [ToolRegistry] 🔧 注册工具: preview_execution [system] 风险=low

      at Console.log (node_modules/winston/lib/winston/transports/console.js:87:23)

    console.log
      12:25:20 [32minfo[39m [ToolRegistry] 🔧 注册工具: rollback_changes [system] 风险=medium

      at Console.log (node_modules/winston/lib/winston/transports/console.js:87:23)

    console.log
      12:25:20 [32minfo[39m [ToolRegistry] 🔧 注册工具: get_active_file [file] 风险=low

      at Console.log (node_modules/winston/lib/winston/transports/console.js:87:23)

    console.log
      12:25:20 [32minfo[39m [ToolRegistry] 🔧 注册工具: incremental_edit [file] 风险=medium

      at Console.log (node_modules/winston/lib/winston/transports/console.js:87:23)

    console.log
      12:25:20 [32minfo[39m [ToolRegistry] 🔧 注册工具: multi_file_edit [file] 风险=high

      at Console.log (node_modules/winston/lib/winston/transports/console.js:87:23)

    console.log
      12:25:20 [32minfo[39m [ToolRegistry] 🔧 注册工具: file_search [file] 风险=low

      at Console.log (node_modules/winston/lib/winston/transports/console.js:87:23)

    console.log
      12:25:20 [32minfo[39m [ToolRegistry] 🔧 注册工具: file_list [file] 风险=low

      at Console.log (node_modules/winston/lib/winston/transports/console.js:87:23)

    console.log
      12:25:20 [32minfo[39m [ToolRegistry] 🔧 注册工具: code_generate [code] 风险=medium

      at Console.log (node_modules/winston/lib/winston/transports/console.js:87:23)

    console.log
      12:25:20 [32minfo[39m [ToolRegistry] 🔧 注册工具: code_analyze [code] 风险=low

      at Console.log (node_modules/winston/lib/winston/transports/console.js:87:23)

    console.log
      12:25:20 [32minfo[39m [ToolRegistry] 🔧 注册工具: code_fix [code] 风险=medium

      at Console.log (node_modules/winston/lib/winston/transports/console.js:87:23)

    console.log
      12:25:20 [32minfo[39m [ToolRegistry] 🔧 注册工具: task_manage [daily] 风险=low

      at Console.log (node_modules/winston/lib/winston/transports/console.js:87:23)

    console.log
      12:25:20 [32minfo[39m [ToolRegistry] 🔧 注册工具: reminder_set [daily] 风险=low

      at Console.log (node_modules/winston/lib/winston/transports/console.js:87:23)

    console.log
      12:25:20 [32minfo[39m [ToolRegistry] 🔧 注册工具: note_take [daily] 风险=low

      at Console.log (node_modules/winston/lib/winston/transports/console.js:87:23)

    console.log
      12:25:20 [32minfo[39m [ToolRegistry] 🔧 注册工具: system_status [daily] 风险=low

      at Console.log (node_modules/winston/lib/winston/transports/console.js:87:23)

    console.log
      12:25:20 [32minfo[39m [ToolRegistry] 🔧 注册工具: web_search [network] 风险=low

      at Console.log (node_modules/winston/lib/winston/transports/console.js:87:23)

    console.log
      12:25:20 [32minfo[39m [ToolRegistry] 🔧 注册工具: skill_create [network] 风险=medium

      at Console.log (node_modules/winston/lib/winston/transports/console.js:87:23)

    console.log
      12:25:20 [32minfo[39m [HarnessToolRegistrar] 🔧 Harness 工具注册完成: 25 个工具

      at Console.log (node_modules/winston/lib/winston/transports/console.js:87:23)

    console.log
      12:25:20 [32minfo[39m [AgentHarness]   🔧 工具层: 启用 (25 个工具)

      at Console.log (node_modules/winston/lib/winston/transports/console.js:87:23)

    console.log
      12:25:20 [32minfo[39m [AgentHarness]   🛡️ 约束层: 启用

      at Console.log (node_modules/winston/lib/winston/transports/console.js:87:23)

    console.log
      12:25:20 [32minfo[39m [AgentHarness]   ✅ 验证层: 启用

      at Console.log (node_modules/winston/lib/winston/transports/console.js:87:23)

    console.log
      12:25:20 [32minfo[39m [PersistenceService] 💾 PersistenceService 初始化

      at Console.log (node_modules/winston/lib/winston/transports/console.js:87:23)

    console.log
      12:25:20 [32minfo[39m [PersistenceService] 💾 已从磁盘加载 436 个任务状态

      at Console.log (node_modules/winston/lib/winston/transports/console.js:87:23)

    console.log
      12:25:20 [32minfo[39m [PersistenceService] 💾 已从磁盘加载 6 条进化指标

      at Console.log (node_modules/winston/lib/winston/transports/console.js:87:23)

    console.log
      12:25:20 [32minfo[39m [AgentHarness]   💾 持久化层: 启用

      at Console.log (node_modules/winston/lib/winston/transports/console.js:87:23)

    console.log
      12:25:20 [32minfo[39m [AgentHarness]   📋 独立评估服务: 启用

      at Console.log (node_modules/winston/lib/winston/transports/console.js:87:23)

    console.log
      12:25:20 [32minfo[39m [TrajectoryDatabase] 💾 TrajectoryDatabase 初始化: C:\zy\jiabaixing\data\trajectory\trajecto
ry.db

      at Console.log (node_modules/winston/lib/winston/transports/console.js:87:23)

    console.log
      12:25:20 [32minfo[39m [AgentHarness]   📊 轨迹持久化: 启用

      at Console.log (node_modules/winston/lib/winston/transports/console.js:87:23)

    console.log
      12:25:20 [32minfo[39m [AgentHarness]   📋 上下文层: 启用

      at Console.log (node_modules/winston/lib/winston/transports/console.js:87:23)

    console.log
      12:25:20 [32minfo[39m [AgentHarness]   🔄 循环层: 启用

      at Console.log (node_modules/winston/lib/winston/transports/console.js:87:23)

    console.log
      12:25:20 [32minfo[39m [AgentHarness] ✅ Agent Harness 初始化完成

      at Console.log (node_modules/winston/lib/winston/transports/console.js:87:23)

    console.log
      12:25:20 [32minfo[39m [ContextManager] 📋 上下文构建完成: 6 条消息, 4 个上下文条目

      at Console.log (node_modules/winston/lib/winston/transports/console.js:87:23)

    console.log
      12:25:20 [32minfo[39m [AgentHarness] 🏗️ Agent Harness 初始化中...

      at Console.log (node_modules/winston/lib/winston/transports/console.js:87:23)

    console.log
      12:25:20 [32minfo[39m [ToolRegistry] 🔧 注册工具: memory_recall [memory] 风险=low

      at Console.log (node_modules/winston/lib/winston/transports/console.js:87:23)

    console.log
      12:25:20 [32minfo[39m [ToolRegistry] 🔧 注册工具: memory_store [memory] 风险=low

      at Console.log (node_modules/winston/lib/winston/transports/console.js:87:23)

    console.log
      12:25:20 [32minfo[39m [ToolRegistry] 🔧 注册工具: memory_search [memory] 风险=low

      at Console.log (node_modules/winston/lib/winston/transports/console.js:87:23)

    console.log
      12:25:20 [32minfo[39m [ToolRegistry] 🔧 注册工具: emotion_detect [cognition] 风险=low

      at Console.log (node_modules/winston/lib/winston/transports/console.js:87:23)

    console.log
      12:25:20 [32minfo[39m [ToolRegistry] 🔧 注册工具: analyze_scene [cognition] 风险=low

      at Console.log (node_modules/winston/lib/winston/transports/console.js:87:23)

    console.log
      12:25:20 [32minfo[39m [ToolRegistry] 🔧 注册工具: self_reflect [cognition] 风险=low

      at Console.log (node_modules/winston/lib/winston/transports/console.js:87:23)

    console.log
      12:25:20 [32minfo[39m [ToolRegistry] 🔧 注册工具: desktop_automate [desktop] 风险=high

      at Console.log (node_modules/winston/lib/winston/transports/console.js:87:23)

    console.log
      12:25:20 [32minfo[39m [ToolRegistry] 🔧 注册工具: desktop_screenshot [desktop] 风险=high

      at Console.log (node_modules/winston/lib/winston/transports/console.js:87:23)

    console.log
      12:25:20 [32minfo[39m [ToolRegistry] 🔧 注册工具: ask_clarification [system] 风险=low

      at Console.log (node_modules/winston/lib/winston/transports/console.js:87:23)

    console.log
      12:25:20 [32minfo[39m [ToolRegistry] 🔧 注册工具: preview_execution [system] 风险=low

      at Console.log (node_modules/winston/lib/winston/transports/console.js:87:23)

    console.log
      12:25:20 [32minfo[39m [ToolRegistry] 🔧 注册工具: rollback_changes [system] 风险=medium

      at Console.log (node_modules/winston/lib/winston/transports/console.js:87:23)

    console.log
      12:25:20 [32minfo[39m [ToolRegistry] 🔧 注册工具: get_active_file [file] 风险=low

      at Console.log (node_modules/winston/lib/winston/transports/console.js:87:23)

    console.log
      12:25:20 [32minfo[39m [ToolRegistry] 🔧 注册工具: incremental_edit [file] 风险=medium

      at Console.log (node_modules/winston/lib/winston/transports/console.js:87:23)

    console.log
      12:25:20 [32minfo[39m [ToolRegistry] 🔧 注册工具: multi_file_edit [file] 风险=high

      at Console.log (node_modules/winston/lib/winston/transports/console.js:87:23)

    console.log
      12:25:20 [32minfo[39m [ToolRegistry] 🔧 注册工具: file_search [file] 风险=low

      at Console.log (node_modules/winston/lib/winston/transports/console.js:87:23)

    console.log
      12:25:20 [32minfo[39m [ToolRegistry] 🔧 注册工具: file_list [file] 风险=low

      at Console.log (node_modules/winston/lib/winston/transports/console.js:87:23)

    console.log
      12:25:20 [32minfo[39m [ToolRegistry] 🔧 注册工具: code_generate [code] 风险=medium

      at Console.log (node_modules/winston/lib/winston/transports/console.js:87:23)

    console.log
      12:25:20 [32minfo[39m [ToolRegistry] 🔧 注册工具: code_analyze [code] 风险=low

      at Console.log (node_modules/winston/lib/winston/transports/console.js:87:23)

    console.log
      12:25:20 [32minfo[39m [ToolRegistry] 🔧 注册工具: code_fix [code] 风险=medium

      at Console.log (node_modules/winston/lib/winston/transports/console.js:87:23)

    console.log
      12:25:20 [32minfo[39m [ToolRegistry] 🔧 注册工具: task_manage [daily] 风险=low

      at Console.log (node_modules/winston/lib/winston/transports/console.js:87:23)

    console.log
      12:25:20 [32minfo[39m [ToolRegistry] 🔧 注册工具: reminder_set [daily] 风险=low

      at Console.log (node_modules/winston/lib/winston/transports/console.js:87:23)

    console.log
      12:25:20 [32minfo[39m [ToolRegistry] 🔧 注册工具: note_take [daily] 风险=low

      at Console.log (node_modules/winston/lib/winston/transports/console.js:87:23)

    console.log
      12:25:20 [32minfo[39m [ToolRegistry] 🔧 注册工具: system_status [daily] 风险=low

      at Console.log (node_modules/winston/lib/winston/transports/console.js:87:23)

    console.log
      12:25:20 [32minfo[39m [ToolRegistry] 🔧 注册工具: web_search [network] 风险=low

      at Console.log (node_modules/winston/lib/winston/transports/console.js:87:23)

    console.log
      12:25:20 [32minfo[39m [ToolRegistry] 🔧 注册工具: skill_create [network] 风险=medium

      at Console.log (node_modules/winston/lib/winston/transports/console.js:87:23)

    console.log
      12:25:20 [32minfo[39m [HarnessToolRegistrar] 🔧 Harness 工具注册完成: 25 个工具

      at Console.log (node_modules/winston/lib/winston/transports/console.js:87:23)

    console.log
      12:25:20 [32minfo[39m [AgentHarness]   🔧 工具层: 启用 (25 个工具)

      at Console.log (node_modules/winston/lib/winston/transports/console.js:87:23)

    console.log
      12:25:20 [32minfo[39m [AgentHarness]   🛡️ 约束层: 启用

      at Console.log (node_modules/winston/lib/winston/transports/console.js:87:23)

    console.log
      12:25:20 [32minfo[39m [AgentHarness]   ✅ 验证层: 启用

      at Console.log (node_modules/winston/lib/winston/transports/console.js:87:23)

    console.log
      12:25:20 [32minfo[39m [PersistenceService] 💾 PersistenceService 初始化

      at Console.log (node_modules/winston/lib/winston/transports/console.js:87:23)

    console.log
      12:25:20 [32minfo[39m [PersistenceService] 💾 已从磁盘加载 436 个任务状态

      at Console.log (node_modules/winston/lib/winston/transports/console.js:87:23)

    console.log
      12:25:20 [32minfo[39m [PersistenceService] 💾 已从磁盘加载 6 条进化指标

      at Console.log (node_modules/winston/lib/winston/transports/console.js:87:23)

    console.log
      12:25:20 [32minfo[39m [AgentHarness]   💾 持久化层: 启用

      at Console.log (node_modules/winston/lib/winston/transports/console.js:87:23)

PASS tests/unit/security/AuditLogger.test.ts
  ● Console

    console.log
      12:25:19 [32minfo[39m  ✅ 审计日志器：初始化完成

      at Console.log (node_modules/winston/lib/winston/transports/console.js:87:23)

    console.log
      12:25:19 [32minfo[39m  📋 审计日志器：关闭中...

      at Console.log (node_modules/winston/lib/winston/transports/console.js:87:23)

    console.log
      12:25:20 [32minfo[39m  ✅ 审计日志器：关闭完成！

      at Console.log (node_modules/winston/lib/winston/transports/console.js:87:23)

    console.log
      12:25:20 [32minfo[39m  ✅ 审计日志器：初始化完成

      at Console.log (node_modules/winston/lib/winston/transports/console.js:87:23)

    console.log
      2026-05-27 12:25:20 [[31merror[39m] Audit log entry

      at Console.log (node_modules/winston/lib/winston/transports/console.js:87:23)

    console.log
      12:25:20 [32minfo[39m  📋 审计日志器：关闭中...

      at Console.log (node_modules/winston/lib/winston/transports/console.js:87:23)

    console.log
      12:25:20 [32minfo[39m  ✅ 审计日志器：关闭完成！

      at Console.log (node_modules/winston/lib/winston/transports/console.js:87:23)

    console.log
      12:25:20 [32minfo[39m  ✅ 审计日志器：初始化完成

      at Console.log (node_modules/winston/lib/winston/transports/console.js:87:23)

    console.log
      2026-05-27 12:25:20 [[31merror[39m] Audit log entry

      at Console.log (node_modules/winston/lib/winston/transports/console.js:87:23)

    console.log
      2026-05-27 12:25:20 [[31merror[39m] Audit log entry

      at Console.log (node_modules/winston/lib/winston/transports/console.js:87:23)

    console.log
      2026-05-27 12:25:20 [[31merror[39m] Audit log entry

      at Console.log (node_modules/winston/lib/winston/transports/console.js:87:23)

    console.log
      2026-05-27 12:25:20 [[31merror[39m] Audit log entry

      at Console.log (node_modules/winston/lib/winston/transports/console.js:87:23)

    console.log
      2026-05-27 12:25:20 [[31merror[39m] Audit log entry

      at Console.log (node_modules/winston/lib/winston/transports/console.js:87:23)

    console.log
      12:25:20 [32minfo[39m  📋 审计日志器：关闭中...

      at Console.log (node_modules/winston/lib/winston/transports/console.js:87:23)

    console.log
      12:25:20 [32minfo[39m  ✅ 审计日志器：关闭完成！

      at Console.log (node_modules/winston/lib/winston/transports/console.js:87:23)

    console.log
      12:25:20 [32minfo[39m  ✅ 审计日志器：初始化完成

      at Console.log (node_modules/winston/lib/winston/transports/console.js:87:23)

    console.log
      2026-05-27 12:25:20 [[31merror[39m] Audit log entry

      at Console.log (node_modules/winston/lib/winston/transports/console.js:87:23)

    console.log
      2026-05-27 12:25:20 [[31merror[39m] Audit log entry

      at Console.log (node_modules/winston/lib/winston/transports/console.js:87:23)

    console.log
      2026-05-27 12:25:20 [[31merror[39m] Audit log entry

      at Console.log (node_modules/winston/lib/winston/transports/console.js:87:23)

    console.log
      2026-05-27 12:25:20 [[31merror[39m] Audit log entry

      at Console.log (node_modules/winston/lib/winston/transports/console.js:87:23)

    console.log
      2026-05-27 12:25:20 [[31merror[39m] Audit log entry

      at Console.log (node_modules/winston/lib/winston/transports/console.js:87:23)

    console.log
      2026-05-27 12:25:20 [[31merror[39m] Audit log entry

      at Console.log (node_modules/winston/lib/winston/transports/console.js:87:23)

    console.log
      2026-05-27 12:25:20 [[31merror[39m] Audit log entry

      at Console.log (node_modules/winston/lib/winston/transports/console.js:87:23)

    console.log
      2026-05-27 12:25:20 [[31merror[39m] Audit log entry

      at Console.log (node_modules/winston/lib/winston/transports/console.js:87:23)

    console.log
      2026-05-27 12:25:20 [[31merror[39m] Audit log entry

      at Console.log (node_modules/winston/lib/winston/transports/console.js:87:23)

    console.log
      2026-05-27 12:25:20 [[31merror[39m] Audit log entry

      at Console.log (node_modules/winston/lib/winston/transports/console.js:87:23)

    console.log
      12:25:20 [32minfo[39m  📋 审计日志器：关闭中...

      at Console.log (node_modules/winston/lib/winston/transports/console.js:87:23)

    console.log
      12:25:20 [32minfo[39m  ✅ 审计日志器：关闭完成！

      at Console.log (node_modules/winston/lib/winston/transports/console.js:87:23)

    console.log
      12:25:20 [32minfo[39m  ✅ 审计日志器：初始化完成

      at Console.log (node_modules/winston/lib/winston/transports/console.js:87:23)

    console.log
      2026-05-27 12:25:20 [[31merror[39m] Audit log entry

      at Console.log (node_modules/winston/lib/winston/transports/console.js:87:23)

    console.log
      2026-05-27 12:25:20 [[31merror[39m] Audit log entry

      at Console.log (node_modules/winston/lib/winston/transports/console.js:87:23)

    console.log
      2026-05-27 12:25:20 [[31merror[39m] Audit log entry

      at Console.log (node_modules/winston/lib/winston/transports/console.js:87:23)

    console.log
      2026-05-27 12:25:20 [[31merror[39m] Audit log entry

      at Console.log (node_modules/winston/lib/winston/transports/console.js:87:23)

    console.log
      2026-05-27 12:25:20 [[31merror[39m] Audit log entry

      at Console.log (node_modules/winston/lib/winston/transports/console.js:87:23)

    console.log
      2026-05-27 12:25:20 [[31merror[39m] Audit log entry

      at Console.log (node_modules/winston/lib/winston/transports/console.js:87:23)

    console.log
      2026-05-27 12:25:20 [[31merror[39m] Audit log entry

      at Console.log (node_modules/winston/lib/winston/transports/console.js:87:23)

    console.log
      2026-05-27 12:25:20 [[31merror[39m] Audit log entry

      at Console.log (node_modules/winston/lib/winston/transports/console.js:87:23)

    console.log
      2026-05-27 12:25:20 [[31merror[39m] Audit log entry

      at Console.log (node_modules/winston/lib/winston/transports/console.js:87:23)

    console.log
      2026-05-27 12:25:20 [[31merror[39m] Audit log entry

      at Console.log (node_modules/winston/lib/winston/transports/console.js:87:23)

    console.log
      12:25:20 [32minfo[39m  📋 审计日志器：关闭中...

      at Console.log (node_modules/winston/lib/winston/transports/console.js:87:23)

    console.log
      12:25:21 [32minfo[39m  ✅ 审计日志器：关闭完成！

      at Console.log (node_modules/winston/lib/winston/transports/console.js:87:23)

    console.log
      12:25:21 [32minfo[39m  ✅ 审计日志器：初始化完成

      at Console.log (node_modules/winston/lib/winston/transports/console.js:87:23)

    console.log
      2026-05-27 12:25:21 [[31merror[39m] Audit log entry

      at Console.log (node_modules/winston/lib/winston/transports/console.js:87:23)

    console.log
      2026-05-27 12:25:21 [[31merror[39m] Audit log entry

      at Console.log (node_modules/winston/lib/winston/transports/console.js:87:23)

    console.log
      2026-05-27 12:25:21 [[31merror[39m] Audit log entry

      at Console.log (node_modules/winston/lib/winston/transports/console.js:87:23)

    console.log
      2026-05-27 12:25:21 [[31merror[39m] Audit log entry

      at Console.log (node_modules/winston/lib/winston/transports/console.js:87:23)

    console.log
      2026-05-27 12:25:21 [[31merror[39m] Audit log entry

      at Console.log (node_modules/winston/lib/winston/transports/console.js:87:23)

    console.log
      2026-05-27 12:25:21 [[31merror[39m] Audit log entry

      at Console.log (node_modules/winston/lib/winston/transports/console.js:87:23)

    console.log
      2026-05-27 12:25:21 [[31merror[39m] Audit log entry

      at Console.log (node_modules/winston/lib/winston/transports/console.js:87:23)

    console.log
      2026-05-27 12:25:21 [[31merror[39m] Audit log entry

      at Console.log (node_modules/winston/lib/winston/transports/console.js:87:23)

    console.log
      2026-05-27 12:25:21 [[31merror[39m] Audit log entry

      at Console.log (node_modules/winston/lib/winston/transports/console.js:87:23)

    console.log
      2026-05-27 12:25:21 [[31merror[39m] Audit log entry

      at Console.log (node_modules/winston/lib/winston/transports/console.js:87:23)

    console.log
      12:25:21 [32minfo[39m  📋 审计日志器：关闭中...

      at Console.log (node_modules/winston/lib/winston/transports/console.js:87:23)

    console.log
      12:25:21 [32minfo[39m  ✅ 审计日志器：关闭完成！

      at Console.log (node_modules/winston/lib/winston/transports/console.js:87:23)

    console.log
      12:25:21 [32minfo[39m  ✅ 审计日志器：初始化完成

      at Console.log (node_modules/winston/lib/winston/transports/console.js:87:23)

    console.log
      2026-05-27 12:25:21 [[31merror[39m] Audit log entry

      at Console.log (node_modules/winston/lib/winston/transports/console.js:87:23)

    console.log
      2026-05-27 12:25:21 [[31merror[39m] Audit log entry

      at Console.log (node_modules/winston/lib/winston/transports/console.js:87:23)

    console.log
      2026-05-27 12:25:21 [[31merror[39m] Audit log entry

      at Console.log (node_modules/winston/lib/winston/transports/console.js:87:23)

    console.log
      2026-05-27 12:25:21 [[31merror[39m] Audit log entry

      at Console.log (node_modules/winston/lib/winston/transports/console.js:87:23)

    console.log
      2026-05-27 12:25:21 [[31merror[39m] Audit log entry

      at Console.log (node_modules/winston/lib/winston/transports/console.js:87:23)

    console.log
      2026-05-27 12:25:21 [[31merror[39m] Audit log entry

      at Console.log (node_modules/winston/lib/winston/transports/console.js:87:23)

    console.log
      2026-05-27 12:25:21 [[31merror[39m] Audit log entry

      at Console.log (node_modules/winston/lib/winston/transports/console.js:87:23)

    console.log
      2026-05-27 12:25:21 [[31merror[39m] Audit log entry

      at Console.log (node_modules/winston/lib/winston/transports/console.js:87:23)

    console.log
      2026-05-27 12:25:21 [[31merror[39m] Audit log entry

      at Console.log (node_modules/winston/lib/winston/transports/console.js:87:23)

    console.log
      2026-05-27 12:25:21 [[31merror[39m] Audit log entry

      at Console.log (node_modules/winston/lib/winston/transports/console.js:87:23)

    console.log
      12:25:21 [32minfo[39m  📋 审计日志器：关闭中...

      at Console.log (node_modules/winston/lib/winston/transports/console.js:87:23)

    console.log
      12:25:21 [32minfo[39m  ✅ 审计日志器：关闭完成！

      at Console.log (node_modules/winston/lib/winston/transports/console.js:87:23)

    console.log
      12:25:21 [32minfo[39m  ✅ 审计日志器：初始化完成

      at Console.log (node_modules/winston/lib/winston/transports/console.js:87:23)

    console.log
      2026-05-27 12:25:21 [[31merror[39m] Audit log entry

      at Console.log (node_modules/winston/lib/winston/transports/console.js:87:23)

    console.log
      2026-05-27 12:25:21 [[31merror[39m] Audit log entry

      at Console.log (node_modules/winston/lib/winston/transports/console.js:87:23)

    console.log
      2026-05-27 12:25:21 [[31merror[39m] Audit log entry

      at Console.log (node_modules/winston/lib/winston/transports/console.js:87:23)

    console.log
      2026-05-27 12:25:21 [[31merror[39m] Audit log entry

      at Console.log (node_modules/winston/lib/winston/transports/console.js:87:23)

    console.log
      2026-05-27 12:25:21 [[31merror[39m] Audit log entry

      at Console.log (node_modules/winston/lib/winston/transports/console.js:87:23)

    console.log
      2026-05-27 12:25:21 [[31merror[39m] Audit log entry

      at Console.log (node_modules/winston/lib/winston/transports/console.js:87:23)

    console.log
      2026-05-27 12:25:21 [[31merror[39m] Audit log entry

      at Console.log (node_modules/winston/lib/winston/transports/console.js:87:23)

    console.log
      2026-05-27 12:25:21 [[31merror[39m] Audit log entry

      at Console.log (node_modules/winston/lib/winston/transports/console.js:87:23)

    console.log
      2026-05-27 12:25:21 [[31merror[39m] Audit log entry

      at Console.log (node_modules/winston/lib/winston/transports/console.js:87:23)

    console.log
      2026-05-27 12:25:21 [[31merror[39m] Audit log entry

      at Console.log (node_modules/winston/lib/winston/transports/console.js:87:23)

    console.log
      12:25:21 [32minfo[39m  📋 审计日志器：关闭中...

      at Console.log (node_modules/winston/lib/winston/transports/console.js:87:23)

    console.log
      12:25:21 [32minfo[39m  ✅ 审计日志器：关闭完成！

      at Console.log (node_modules/winston/lib/winston/transports/console.js:87:23)

    console.log
      12:25:21 [32minfo[39m  ✅ 审计日志器：初始化完成

      at Console.log (node_modules/winston/lib/winston/transports/console.js:87:23)

    console.log
      2026-05-27 12:25:21 [[31merror[39m] Audit log entry

      at Console.log (node_modules/winston/lib/winston/transports/console.js:87:23)

    console.log
      2026-05-27 12:25:21 [[31merror[39m] Audit log entry

      at Console.log (node_modules/winston/lib/winston/transports/console.js:87:23)

    console.log
      2026-05-27 12:25:21 [[31merror[39m] Audit log entry

      at Console.log (node_modules/winston/lib/winston/transports/console.js:87:23)

    console.log
      2026-05-27 12:25:21 [[31merror[39m] Audit log entry

      at Console.log (node_modules/winston/lib/winston/transports/console.js:87:23)

    console.log
      2026-05-27 12:25:21 [[31merror[39m] Audit log entry

      at Console.log (node_modules/winston/lib/winston/transports/console.js:87:23)

    console.log
      2026-05-27 12:25:21 [[31merror[39m] Audit log entry

      at Console.log (node_modules/winston/lib/winston/transports/console.js:87:23)

    console.log
      2026-05-27 12:25:21 [[31merror[39m] Audit log entry

      at Console.log (node_modules/winston/lib/winston/transports/console.js:87:23)

    console.log
      2026-05-27 12:25:21 [[31merror[39m] Audit log entry

      at Console.log (node_modules/winston/lib/winston/transports/console.js:87:23)

    console.log
      2026-05-27 12:25:21 [[31merror[39m] Audit log entry

      at Console.log (node_modules/winston/lib/winston/transports/console.js:87:23)

    console.log
      2026-05-27 12:25:21 [[31merror[39m] Audit log entry

      at Console.log (node_modules/winston/lib/winston/transports/console.js:87:23)

    console.log
      12:25:21 [32minfo[39m  📋 审计日志器：关闭中...

      at Console.log (node_modules/winston/lib/winston/transports/console.js:87:23)

    console.log
      12:25:21 [32minfo[39m  ✅ 审计日志器：关闭完成！

      at Console.log (node_modules/winston/lib/winston/transports/console.js:87:23)

    console.log
      12:25:21 [32minfo[39m  ✅ 审计日志器：初始化完成

      at Console.log (node_modules/winston/lib/winston/transports/console.js:87:23)

    console.log
      2026-05-27 12:25:21 [[31merror[39m] Audit log entry

      at Console.log (node_modules/winston/lib/winston/transports/console.js:87:23)

    console.log
      2026-05-27 12:25:21 [[31merror[39m] Audit log entry

      at Console.log (node_modules/winston/lib/winston/transports/console.js:87:23)

    console.log
      2026-05-27 12:25:21 [[31merror[39m] Audit log entry

      at Console.log (node_modules/winston/lib/winston/transports/console.js:87:23)

    console.log
      2026-05-27 12:25:21 [[31merror[39m] Audit log entry

      at Console.log (node_modules/winston/lib/winston/transports/console.js:87:23)

    console.log
      2026-05-27 12:25:21 [[31merror[39m] Audit log entry

      at Console.log (node_modules/winston/lib/winston/transports/console.js:87:23)

    console.log
      12:25:21 [32minfo[39m  📋 审计日志器：关闭中...

      at Console.log (node_modules/winston/lib/winston/transports/console.js:87:23)

    console.log
      12:25:21 [32minfo[39m  ✅ 审计日志器：关闭完成！

      at Console.log (node_modules/winston/lib/winston/transports/console.js:87:23)

    console.log
      12:25:21 [32minfo[39m  ✅ 审计日志器：初始化完成

      at Console.log (node_modules/winston/lib/winston/transports/console.js:87:23)

    console.log
      2026-05-27 12:25:21 [[31merror[39m] Audit log entry

      at Console.log (node_modules/winston/lib/winston/transports/console.js:87:23)

    console.log
      2026-05-27 12:25:21 [[31merror[39m] Audit log entry

      at Console.log (node_modules/winston/lib/winston/transports/console.js:87:23)

    console.log
      2026-05-27 12:25:21 [[31merror[39m] Audit log entry

      at Console.log (node_modules/winston/lib/winston/transports/console.js:87:23)

    console.log
      2026-05-27 12:25:21 [[31merror[39m] Audit log entry

      at Console.log (node_modules/winston/lib/winston/transports/console.js:87:23)

    console.log
      2026-05-27 12:25:21 [[31merror[39m] Audit log entry

      at Console.log (node_modules/winston/lib/winston/transports/console.js:87:23)

    console.log
      12:25:21 [32minfo[39m  📋 审计日志器：关闭中...

      at Console.log (node_modules/winston/lib/winston/transports/console.js:87:23)

    console.log
      12:25:21 [32minfo[39m  ✅ 审计日志器：关闭完成！

      at Console.log (node_modules/winston/lib/winston/transports/console.js:87:23)

    console.log
      12:25:21 [32minfo[39m  ✅ 审计日志器：初始化完成

      at Console.log (node_modules/winston/lib/winston/transports/console.js:87:23)

    console.log
      2026-05-27 12:25:21 [[31merror[39m] Audit log entry

      at Console.log (node_modules/winston/lib/winston/transports/console.js:87:23)

    console.log
      12:25:21 [32minfo[39m  📋 审计日志器：关闭中...

      at Console.log (node_modules/winston/lib/winston/transports/console.js:87:23)

    console.log
      12:25:21 [32minfo[39m  ✅ 审计日志器：关闭完成！

      at Console.log (node_modules/winston/lib/winston/transports/console.js:87:23)

    console.log
      12:25:21 [32minfo[39m  ✅ 审计日志器：初始化完成

      at Console.log (node_modules/winston/lib/winston/transports/console.js:87:23)

    console.log
      2026-05-27 12:25:21 [[31merror[39m] Audit log entry

      at Console.log (node_modules/winston/lib/winston/transports/console.js:87:23)

    console.log
      12:25:21 [32minfo[39m  📋 审计日志器：关闭中...

      at Console.log (node_modules/winston/lib/winston/transports/console.js:87:23)

    console.log
      12:25:21 [32minfo[39m  ✅ 审计日志器：关闭完成！

      at Console.log (node_modules/winston/lib/winston/transports/console.js:87:23)

PASS tests/harness/memory-lifecycle.test.ts
  ● Console

    console.log
      12:25:23 [33mwarn[39m [PersistenceService] 记忆引擎不可用，跳过晋升

      at Console.log (node_modules/winston/lib/winston/transports/console.js:87:23)

    console.log
      12:25:23 [32minfo[39m [PersistenceService] 💾 记忆晋升: id=mem-1 importance=8 accessCount=1

      at Console.log (node_modules/winston/lib/winston/transports/console.js:87:23)

    console.log
      12:25:23 [32minfo[39m [PersistenceService] 💾 记忆晋升完成: 1/1 条记忆已晋升为长期记忆

      at Console.log (node_modules/winston/lib/winston/transports/console.js:87:23)

    console.log
      12:25:23 [32minfo[39m [PersistenceService] 💾 记忆晋升: id=mem-1 importance=3 accessCount=5

      at Console.log (node_modules/winston/lib/winston/transports/console.js:87:23)

    console.log
      12:25:23 [32minfo[39m [PersistenceService] 💾 记忆晋升完成: 1/1 条记忆已晋升为长期记忆

      at Console.log (node_modules/winston/lib/winston/transports/console.js:87:23)

    console.log
      12:25:23 [32minfo[39m [PersistenceService] 💾 记忆晋升: id=mem-1 importance=8 accessCount=0

      at Console.log (node_modules/winston/lib/winston/transports/console.js:87:23)

    console.log
      12:25:23 [32minfo[39m [PersistenceService] 💾 记忆晋升: id=mem-2 importance=2 accessCount=5

      at Console.log (node_modules/winston/lib/winston/transports/console.js:87:23)

    console.log
      12:25:23 [32minfo[39m [PersistenceService] 💾 记忆晋升完成: 2/2 条记忆已晋升为长期记忆

      at Console.log (node_modules/winston/lib/winston/transports/console.js:87:23)

    console.log
      12:25:23 [31merror[39m [PersistenceService] 记忆晋升失败: id=mem-1

      at Console.log (node_modules/winston/lib/winston/transports/console.js:87:23)

    console.log
      12:25:23 [32minfo[39m [PersistenceService] 💾 记忆晋升: id=mem-2 importance=9 accessCount=-

      at Console.log (node_modules/winston/lib/winston/transports/console.js:87:23)

    console.log
      12:25:23 [32minfo[39m [PersistenceService] 💾 记忆晋升完成: 1/2 条记忆已晋升为长期记忆

      at Console.log (node_modules/winston/lib/winston/transports/console.js:87:23)

    console.log
      12:25:23 [31merror[39m [PersistenceService] 记忆检索失败

      at Console.log (node_modules/winston/lib/winston/transports/console.js:87:23)

    console.log
      12:25:23 [33mwarn[39m [PersistenceService] 记忆引擎不可用，跳过存储

      at Console.log (node_modules/winston/lib/winston/transports/console.js:87:23)

PASS tests/harness/tools.test.ts
  ● Console

    console.log
      12:25:24 [32minfo[39m [ToolRegistry] 🔧 注册工具: test_tool [system] 风险=low

      at Console.log (node_modules/winston/lib/winston/transports/console.js:87:23)

    console.log
      12:25:24 [32minfo[39m [ToolRegistry] 🔧 注册工具: test_tool [system] 风险=low

      at Console.log (node_modules/winston/lib/winston/transports/console.js:87:23)

    console.log
      12:25:24 [32minfo[39m [ToolRegistry] 🔧 注册工具: test_tool [system] 风险=low

      at Console.log (node_modules/winston/lib/winston/transports/console.js:87:23)

    console.log
      12:25:24 [32minfo[39m [ToolRegistry] 🔧 注销工具: test_tool

      at Console.log (node_modules/winston/lib/winston/transports/console.js:87:23)

    console.log
      12:25:24 [32minfo[39m [ToolRegistry] 🔧 注册工具: test_tool [system] 风险=low

      at Console.log (node_modules/winston/lib/winston/transports/console.js:87:23)

    console.log
      12:25:24 [32minfo[39m [ToolRegistry] 🔧 注册工具: test_tool [system] 风险=low

      at Console.log (node_modules/winston/lib/winston/transports/console.js:87:23)

    console.log
      12:25:24 [32minfo[39m [ToolRegistry] 🔧 注册工具: test_tool [system] 风险=low

      at Console.log (node_modules/winston/lib/winston/transports/console.js:87:23)

    console.log
      12:25:24 [32minfo[39m [ToolRegistry] 🧠 执行工具: test_tool | 风险=low

      at Console.log (node_modules/winston/lib/winston/transports/console.js:87:23)

    console.log
      12:25:24 [32minfo[39m [ToolRegistry] 🔧 注册工具: test_tool [system] 风险=low

      at Console.log (node_modules/winston/lib/winston/transports/console.js:87:23)

    console.log
      12:25:24 [32minfo[39m [ToolRegistry] 🔧 注册工具: test_tool [system] 风险=low

      at Console.log (node_modules/winston/lib/winston/transports/console.js:87:23)

    console.log
      12:25:24 [32minfo[39m [ToolRegistry] 🔧 注册工具: test_tool [system] 风险=low

      at Console.log (node_modules/winston/lib/winston/transports/console.js:87:23)

    console.log
      12:25:24 [32minfo[39m [ToolRegistry] 🔧 注销工具: test_tool

      at Console.log (node_modules/winston/lib/winston/transports/console.js:87:23)

    console.log
      12:25:24 [32minfo[39m [ToolRegistry] 🔧 注册工具: test_tool [system] 风险=low

      at Console.log (node_modules/winston/lib/winston/transports/console.js:87:23)

    console.log
      12:25:24 [33mwarn[39m [PermissionGuard] 🚫 权限不足: desktop_automate 缺少 [desktop:control]

      at Console.log (node_modules/winston/lib/winston/transports/console.js:87:23)

    console.log
      12:25:24 [32minfo[39m [PermissionGuard] ✅ 授予权限: desktop:control → 用户 user1

      at Console.log (node_modules/winston/lib/winston/transports/console.js:87:23)

    console.log
      12:25:24 [32minfo[39m [PermissionGuard] ❌ 撤销权限: desktop:control → 用户 user1

      at Console.log (node_modules/winston/lib/winston/transports/console.js:87:23)

    console.log
      12:25:24 [32minfo[39m [PermissionGuard] 👑 设置管理员: admin1

      at Console.log (node_modules/winston/lib/winston/transports/console.js:87:23)

    console.log
      12:25:24 [32minfo[39m [ToolRegistry] 🔧 注册工具: memory_recall [memory] 风险=low

      at Console.log (node_modules/winston/lib/winston/transports/console.js:87:23)

    console.log
      12:25:24 [32minfo[39m [ToolRegistry] 🔧 注册工具: memory_store [memory] 风险=low

      at Console.log (node_modules/winston/lib/winston/transports/console.js:87:23)

    console.log
      12:25:24 [32minfo[39m [ToolRegistry] 🔧 注册工具: memory_search [memory] 风险=low

      at Console.log (node_modules/winston/lib/winston/transports/console.js:87:23)

    console.log
      12:25:24 [32minfo[39m [ToolRegistry] 🔧 注册工具: emotion_detect [cognition] 风险=low

      at Console.log (node_modules/winston/lib/winston/transports/console.js:87:23)

    console.log
      12:25:24 [32minfo[39m [ToolRegistry] 🔧 注册工具: analyze_scene [cognition] 风险=low

      at Console.log (node_modules/winston/lib/winston/transports/console.js:87:23)

    console.log
      12:25:24 [32minfo[39m [ToolRegistry] 🔧 注册工具: self_reflect [cognition] 风险=low

      at Console.log (node_modules/winston/lib/winston/transports/console.js:87:23)

    console.log
      12:25:24 [32minfo[39m [ToolRegistry] 🔧 注册工具: desktop_automate [desktop] 风险=high

      at Console.log (node_modules/winston/lib/winston/transports/console.js:87:23)

    console.log
      12:25:24 [32minfo[39m [ToolRegistry] 🔧 注册工具: desktop_screenshot [desktop] 风险=high

      at Console.log (node_modules/winston/lib/winston/transports/console.js:87:23)

    console.log
      12:25:24 [32minfo[39m [ToolRegistry] 🔧 注册工具: ask_clarification [system] 风险=low

      at Console.log (node_modules/winston/lib/winston/transports/console.js:87:23)

    console.log
      12:25:24 [32minfo[39m [ToolRegistry] 🔧 注册工具: preview_execution [system] 风险=low

      at Console.log (node_modules/winston/lib/winston/transports/console.js:87:23)

    console.log
      12:25:24 [32minfo[39m [ToolRegistry] 🔧 注册工具: rollback_changes [system] 风险=medium

      at Console.log (node_modules/winston/lib/winston/transports/console.js:87:23)

    console.log
      12:25:24 [32minfo[39m [ToolRegistry] 🔧 注册工具: get_active_file [file] 风险=low

      at Console.log (node_modules/winston/lib/winston/transports/console.js:87:23)

    console.log
      12:25:24 [32minfo[39m [ToolRegistry] 🔧 注册工具: incremental_edit [file] 风险=medium

      at Console.log (node_modules/winston/lib/winston/transports/console.js:87:23)

    console.log
      12:25:24 [32minfo[39m [ToolRegistry] 🔧 注册工具: multi_file_edit [file] 风险=high

      at Console.log (node_modules/winston/lib/winston/transports/console.js:87:23)

    console.log
      12:25:24 [32minfo[39m [ToolRegistry] 🔧 注册工具: file_search [file] 风险=low

      at Console.log (node_modules/winston/lib/winston/transports/console.js:87:23)

    console.log
      12:25:24 [32minfo[39m [ToolRegistry] 🔧 注册工具: file_list [file] 风险=low

      at Console.log (node_modules/winston/lib/winston/transports/console.js:87:23)

    console.log
      12:25:24 [32minfo[39m [ToolRegistry] 🔧 注册工具: code_generate [code] 风险=medium

      at Console.log (node_modules/winston/lib/winston/transports/console.js:87:23)

    console.log
      12:25:24 [32minfo[39m [ToolRegistry] 🔧 注册工具: code_analyze [code] 风险=low

      at Console.log (node_modules/winston/lib/winston/transports/console.js:87:23)

    console.log
      12:25:24 [32minfo[39m [ToolRegistry] 🔧 注册工具: code_fix [code] 风险=medium

      at Console.log (node_modules/winston/lib/winston/transports/console.js:87:23)

    console.log
      12:25:24 [32minfo[39m [ToolRegistry] 🔧 注册工具: task_manage [daily] 风险=low

      at Console.log (node_modules/winston/lib/winston/transports/console.js:87:23)

    console.log
      12:25:24 [32minfo[39m [ToolRegistry] 🔧 注册工具: reminder_set [daily] 风险=low

      at Console.log (node_modules/winston/lib/winston/transports/console.js:87:23)

    console.log
      12:25:24 [32minfo[39m [ToolRegistry] 🔧 注册工具: note_take [daily] 风险=low

      at Console.log (node_modules/winston/lib/winston/transports/console.js:87:23)

    console.log
      12:25:24 [32minfo[39m [ToolRegistry] 🔧 注册工具: system_status [daily] 风险=low

      at Console.log (node_modules/winston/lib/winston/transports/console.js:87:23)

    console.log
      12:25:24 [32minfo[39m [ToolRegistry] 🔧 注册工具: web_search [network] 风险=low

      at Console.log (node_modules/winston/lib/winston/transports/console.js:87:23)

    console.log
      12:25:24 [32minfo[39m [ToolRegistry] 🔧 注册工具: skill_create [network] 风险=medium

      at Console.log (node_modules/winston/lib/winston/transports/console.js:87:23)

    console.log
      12:25:24 [32minfo[39m [HarnessToolRegistrar] 🔧 Harness 工具注册完成: 25 个工具

      at Console.log (node_modules/winston/lib/winston/transports/console.js:87:23)

    console.log
      12:25:24 [32minfo[39m [ToolRegistry] 🔧 注册工具: memory_recall [memory] 风险=low

      at Console.log (node_modules/winston/lib/winston/transports/console.js:87:23)

    console.log
      12:25:24 [32minfo[39m [ToolRegistry] 🔧 注册工具: memory_store [memory] 风险=low

      at Console.log (node_modules/winston/lib/winston/transports/console.js:87:23)

    console.log
      12:25:24 [32minfo[39m [ToolRegistry] 🔧 注册工具: memory_search [memory] 风险=low

      at Console.log (node_modules/winston/lib/winston/transports/console.js:87:23)

    console.log
      12:25:24 [32minfo[39m [ToolRegistry] 🔧 注册工具: emotion_detect [cognition] 风险=low

      at Console.log (node_modules/winston/lib/winston/transports/console.js:87:23)

    console.log
      12:25:24 [32minfo[39m [ToolRegistry] 🔧 注册工具: analyze_scene [cognition] 风险=low

      at Console.log (node_modules/winston/lib/winston/transports/console.js:87:23)

    console.log
      12:25:24 [32minfo[39m [ToolRegistry] 🔧 注册工具: self_reflect [cognition] 风险=low

      at Console.log (node_modules/winston/lib/winston/transports/console.js:87:23)

    console.log
      12:25:24 [32minfo[39m [ToolRegistry] 🔧 注册工具: desktop_automate [desktop] 风险=high

      at Console.log (node_modules/winston/lib/winston/transports/console.js:87:23)

    console.log
      12:25:24 [32minfo[39m [ToolRegistry] 🔧 注册工具: desktop_screenshot [desktop] 风险=high

      at Console.log (node_modules/winston/lib/winston/transports/console.js:87:23)

    console.log
      12:25:24 [32minfo[39m [ToolRegistry] 🔧 注册工具: ask_clarification [system] 风险=low

      at Console.log (node_modules/winston/lib/winston/transports/console.js:87:23)

    console.log
      12:25:24 [32minfo[39m [ToolRegistry] 🔧 注册工具: preview_execution [system] 风险=low

      at Console.log (node_modules/winston/lib/winston/transports/console.js:87:23)

    console.log
      12:25:24 [32minfo[39m [ToolRegistry] 🔧 注册工具: rollback_changes [system] 风险=medium

      at Console.log (node_modules/winston/lib/winston/transports/console.js:87:23)

    console.log
      12:25:24 [32minfo[39m [ToolRegistry] 🔧 注册工具: get_active_file [file] 风险=low

      at Console.log (node_modules/winston/lib/winston/transports/console.js:87:23)

    console.log
      12:25:24 [32minfo[39m [ToolRegistry] 🔧 注册工具: incremental_edit [file] 风险=medium

      at Console.log (node_modules/winston/lib/winston/transports/console.js:87:23)

    console.log
      12:25:24 [32minfo[39m [ToolRegistry] 🔧 注册工具: multi_file_edit [file] 风险=high

      at Console.log (node_modules/winston/lib/winston/transports/console.js:87:23)

    console.log
      12:25:24 [32minfo[39m [ToolRegistry] 🔧 注册工具: file_search [file] 风险=low

      at Console.log (node_modules/winston/lib/winston/transports/console.js:87:23)

    console.log
      12:25:24 [32minfo[39m [ToolRegistry] 🔧 注册工具: file_list [file] 风险=low

      at Console.log (node_modules/winston/lib/winston/transports/console.js:87:23)

    console.log
      12:25:24 [32minfo[39m [ToolRegistry] 🔧 注册工具: code_generate [code] 风险=medium

      at Console.log (node_modules/winston/lib/winston/transports/console.js:87:23)

    console.log
      12:25:24 [32minfo[39m [ToolRegistry] 🔧 注册工具: code_analyze [code] 风险=low

      at Console.log (node_modules/winston/lib/winston/transports/console.js:87:23)

    console.log
      12:25:24 [32minfo[39m [ToolRegistry] 🔧 注册工具: code_fix [code] 风险=medium

      at Console.log (node_modules/winston/lib/winston/transports/console.js:87:23)

    console.log
      12:25:24 [32minfo[39m [ToolRegistry] 🔧 注册工具: task_manage [daily] 风险=low

      at Console.log (node_modules/winston/lib/winston/transports/console.js:87:23)

    console.log
      12:25:24 [32minfo[39m [ToolRegistry] 🔧 注册工具: reminder_set [daily] 风险=low

      at Console.log (node_modules/winston/lib/winston/transports/console.js:87:23)

    console.log
      12:25:24 [32minfo[39m [ToolRegistry] 🔧 注册工具: note_take [daily] 风险=low

      at Console.log (node_modules/winston/lib/winston/transports/console.js:87:23)

    console.log
      12:25:24 [32minfo[39m [ToolRegistry] 🔧 注册工具: system_status [daily] 风险=low

      at Console.log (node_modules/winston/lib/winston/transports/console.js:87:23)

    console.log
      12:25:24 [32minfo[39m [ToolRegistry] 🔧 注册工具: web_search [network] 风险=low

      at Console.log (node_modules/winston/lib/winston/transports/console.js:87:23)

    console.log
      12:25:24 [32minfo[39m [ToolRegistry] 🔧 注册工具: skill_create [network] 风险=medium

      at Console.log (node_modules/winston/lib/winston/transports/console.js:87:23)

    console.log
      12:25:24 [32minfo[39m [HarnessToolRegistrar] 🔧 Harness 工具注册完成: 25 个工具

      at Console.log (node_modules/winston/lib/winston/transports/console.js:87:23)

PASS tests/harness/loop.test.ts
  ● Console

    console.log
      12:25:27 [32minfo[39m [Planner] 📋 简单任务: "你好"

      at Console.log (node_modules/winston/lib/winston/transports/console.js:87:23)

    console.log
      12:25:27 [32minfo[39m [Planner] 📋 复杂任务: "重构这个项目的代码结构"

      at Console.log (node_modules/winston/lib/winston/transports/console.js:87:23)

    console.log
      12:25:27 [32minfo[39m [Planner] 📋 简单任务: "帮我分析一下"

      at Console.log (node_modules/winston/lib/winston/transports/console.js:87:23)

    console.log
      12:25:27 [32minfo[39m [Reporter] 📊 质量评分: 1.00 (准确=0.90 有用=0.95 效率=1.00)

      at Console.log (node_modules/winston/lib/winston/transports/console.js:87:23)

    console.log
      12:25:27 [32minfo[39m [Reporter] 📊 质量评分: 1.00 (准确=0.90 有用=0.95 效率=1.00)

      at Console.log (node_modules/winston/lib/winston/transports/console.js:87:23)

    console.log
      12:25:27 [32minfo[39m [LoopController] 🔄 LoopController 启动 [test-loop]

      at Console.log (node_modules/winston/lib/winston/transports/console.js:87:23)

    console.log
      12:25:27 [32minfo[39m [LoopController] 📋 简单任务，跳过规划直接执行

      at Console.log (node_modules/winston/lib/winston/transports/console.js:87:23)

    console.log
      12:25:27 [32minfo[39m [LoopController] 📊 第 1 轮: 进度=100% 动作=continue

      at Console.log (node_modules/winston/lib/winston/transports/console.js:87:23)

    console.log
      12:25:27 [32minfo[39m [LoopController] ✅ 目标已基本达成，结束循环

      at Console.log (node_modules/winston/lib/winston/transports/console.js:87:23)

    console.log
      12:25:27 [32minfo[39m [LoopController] ✅ LoopController 完成 [test-loop] 耗时=7ms 轮次=1 工具=0次

      at Console.log (node_modules/winston/lib/winston/transports/console.js:87:23)

PASS tests/harness/verification.test.ts
  ● Console

    console.log
      12:25:30 [33mwarn[39m [PermissionGuard] 🚫 权限不足: desktop_automate 缺少 [desktop:control]

      at Console.log (node_modules/winston/lib/winston/transports/console.js:87:23)

    console.log
      12:25:30 [32minfo[39m [ConstraintsService] 🛑 钩子拦截: before_tool_call - 被钩子拦截

      at Console.log (node_modules/winston/lib/winston/transports/console.js:87:23)

PASS tests/unit/harness/ContextManager.test.ts
  ● Console

    console.log
      12:25:32 [32minfo[39m [ContextManager] 📋 上下文构建完成: 6 条消息, 4 个上下文条目

      at Console.log (node_modules/winston/lib/winston/transports/console.js:87:23)

    console.log
      12:25:32 [32minfo[39m [ContextManager] 📦 上下文卸荷完成: 保留 10 条, 卸荷 30 条

      at Console.log (node_modules/winston/lib/winston/transports/console.js:87:23)

    console.log
      12:25:32 [32minfo[39m [ContextManager] 📦 上下文卸荷完成: 保留 10 条, 卸荷 30 条

      at Console.log (node_modules/winston/lib/winston/transports/console.js:87:23)

    console.log
      12:25:32 [32minfo[39m [ContextManager] 📦 上下文卸荷完成: 保留 10 条, 卸荷 30 条

      at Console.log (node_modules/winston/lib/winston/transports/console.js:87:23)

    console.log
      12:25:32 [32minfo[39m [ContextManager] 📦 上下文卸荷完成: 保留 5 条, 卸荷 17 条

      at Console.log (node_modules/winston/lib/winston/transports/console.js:87:23)

    console.log
      12:25:32 [32minfo[39m [ContextManager] 📦 上下文卸荷完成: 保留 5 条, 卸荷 15 条

      at Console.log (node_modules/winston/lib/winston/transports/console.js:87:23)

PASS tests/harness/persistence-injection.test.ts (11.441 s)
  ● Console

    console.log
      12:25:34 [32minfo[39m [AgentHarness] 🏗️ Agent Harness 初始化中...

      at Console.log (node_modules/winston/lib/winston/transports/console.js:87:23)

    console.log
      12:25:34 [32minfo[39m [PersistenceService] 💾 PersistenceService 初始化

      at Console.log (node_modules/winston/lib/winston/transports/console.js:87:23)

    console.log
      12:25:34 [32minfo[39m [PersistenceService] 💾 已从磁盘加载 439 个任务状态

      at Console.log (node_modules/winston/lib/winston/transports/console.js:87:23)

    console.log
      12:25:34 [32minfo[39m [PersistenceService] 💾 已从磁盘加载 6 条进化指标

      at Console.log (node_modules/winston/lib/winston/transports/console.js:87:23)

    console.log
      12:25:34 [32minfo[39m [AgentHarness]   💾 持久化层: 启用

      at Console.log (node_modules/winston/lib/winston/transports/console.js:87:23)

    console.log
      12:25:34 [32minfo[39m [AgentHarness]   📋 独立评估服务: 启用

      at Console.log (node_modules/winston/lib/winston/transports/console.js:87:23)

    console.log
      12:25:34 [32minfo[39m [TrajectoryDatabase] 💾 TrajectoryDatabase 初始化: C:\zy\jiabaixing\data\trajectory\trajecto
ry.db

      at Console.log (node_modules/winston/lib/winston/transports/console.js:87:23)

    console.log
      12:25:34 [32minfo[39m [AgentHarness]   📊 轨迹持久化: 启用

      at Console.log (node_modules/winston/lib/winston/transports/console.js:87:23)

    console.log
      12:25:34 [32minfo[39m [AgentHarness] ✅ Agent Harness 初始化完成

      at Console.log (node_modules/winston/lib/winston/transports/console.js:87:23)

    console.log
      12:25:34 [32minfo[39m [AgentHarness] 🏗️ Agent Harness 初始化中...

      at Console.log (node_modules/winston/lib/winston/transports/console.js:87:23)

    console.log
      12:25:34 [32minfo[39m [ToolRegistry] 🔧 注册工具: memory_recall [memory] 风险=low

      at Console.log (node_modules/winston/lib/winston/transports/console.js:87:23)

    console.log
      12:25:34 [32minfo[39m [ToolRegistry] 🔧 注册工具: memory_store [memory] 风险=low

      at Console.log (node_modules/winston/lib/winston/transports/console.js:87:23)

    console.log
      12:25:34 [32minfo[39m [ToolRegistry] 🔧 注册工具: memory_search [memory] 风险=low

      at Console.log (node_modules/winston/lib/winston/transports/console.js:87:23)

    console.log
      12:25:34 [32minfo[39m [ToolRegistry] 🔧 注册工具: emotion_detect [cognition] 风险=low

      at Console.log (node_modules/winston/lib/winston/transports/console.js:87:23)

    console.log
      12:25:34 [32minfo[39m [ToolRegistry] 🔧 注册工具: analyze_scene [cognition] 风险=low

      at Console.log (node_modules/winston/lib/winston/transports/console.js:87:23)

    console.log
      12:25:34 [32minfo[39m [ToolRegistry] 🔧 注册工具: self_reflect [cognition] 风险=low

      at Console.log (node_modules/winston/lib/winston/transports/console.js:87:23)

    console.log
      12:25:34 [32minfo[39m [ToolRegistry] 🔧 注册工具: desktop_automate [desktop] 风险=high

      at Console.log (node_modules/winston/lib/winston/transports/console.js:87:23)

    console.log
      12:25:34 [32minfo[39m [ToolRegistry] 🔧 注册工具: desktop_screenshot [desktop] 风险=high

      at Console.log (node_modules/winston/lib/winston/transports/console.js:87:23)

    console.log
      12:25:34 [32minfo[39m [ToolRegistry] 🔧 注册工具: ask_clarification [system] 风险=low

      at Console.log (node_modules/winston/lib/winston/transports/console.js:87:23)

    console.log
      12:25:34 [32minfo[39m [ToolRegistry] 🔧 注册工具: preview_execution [system] 风险=low

      at Console.log (node_modules/winston/lib/winston/transports/console.js:87:23)

    console.log
      12:25:34 [32minfo[39m [ToolRegistry] 🔧 注册工具: rollback_changes [system] 风险=medium

      at Console.log (node_modules/winston/lib/winston/transports/console.js:87:23)

    console.log
      12:25:34 [32minfo[39m [ToolRegistry] 🔧 注册工具: get_active_file [file] 风险=low

      at Console.log (node_modules/winston/lib/winston/transports/console.js:87:23)

    console.log
      12:25:34 [32minfo[39m [ToolRegistry] 🔧 注册工具: incremental_edit [file] 风险=medium

      at Console.log (node_modules/winston/lib/winston/transports/console.js:87:23)

    console.log
      12:25:34 [32minfo[39m [ToolRegistry] 🔧 注册工具: multi_file_edit [file] 风险=high

      at Console.log (node_modules/winston/lib/winston/transports/console.js:87:23)

    console.log
      12:25:34 [32minfo[39m [ToolRegistry] 🔧 注册工具: file_search [file] 风险=low

      at Console.log (node_modules/winston/lib/winston/transports/console.js:87:23)

    console.log
      12:25:34 [32minfo[39m [ToolRegistry] 🔧 注册工具: file_list [file] 风险=low

      at Console.log (node_modules/winston/lib/winston/transports/console.js:87:23)

    console.log
      12:25:34 [32minfo[39m [ToolRegistry] 🔧 注册工具: code_generate [code] 风险=medium

      at Console.log (node_modules/winston/lib/winston/transports/console.js:87:23)

    console.log
      12:25:34 [32minfo[39m [ToolRegistry] 🔧 注册工具: code_analyze [code] 风险=low

      at Console.log (node_modules/winston/lib/winston/transports/console.js:87:23)

    console.log
      12:25:34 [32minfo[39m [ToolRegistry] 🔧 注册工具: code_fix [code] 风险=medium

      at Console.log (node_modules/winston/lib/winston/transports/console.js:87:23)

    console.log
      12:25:34 [32minfo[39m [ToolRegistry] 🔧 注册工具: task_manage [daily] 风险=low

      at Console.log (node_modules/winston/lib/winston/transports/console.js:87:23)

    console.log
      12:25:34 [32minfo[39m [ToolRegistry] 🔧 注册工具: reminder_set [daily] 风险=low

      at Console.log (node_modules/winston/lib/winston/transports/console.js:87:23)

    console.log
      12:25:34 [32minfo[39m [ToolRegistry] 🔧 注册工具: note_take [daily] 风险=low

      at Console.log (node_modules/winston/lib/winston/transports/console.js:87:23)

    console.log
      12:25:34 [32minfo[39m [ToolRegistry] 🔧 注册工具: system_status [daily] 风险=low

      at Console.log (node_modules/winston/lib/winston/transports/console.js:87:23)

    console.log
      12:25:34 [32minfo[39m [ToolRegistry] 🔧 注册工具: web_search [network] 风险=low

      at Console.log (node_modules/winston/lib/winston/transports/console.js:87:23)

    console.log
      12:25:34 [32minfo[39m [ToolRegistry] 🔧 注册工具: skill_create [network] 风险=medium

      at Console.log (node_modules/winston/lib/winston/transports/console.js:87:23)

    console.log
      12:25:34 [32minfo[39m [HarnessToolRegistrar] 🔧 Harness 工具注册完成: 25 个工具

      at Console.log (node_modules/winston/lib/winston/transports/console.js:87:23)

    console.log
      12:25:34 [32minfo[39m [AgentHarness]   🔧 工具层: 启用 (25 个工具)

      at Console.log (node_modules/winston/lib/winston/transports/console.js:87:23)

    console.log
      12:25:34 [32minfo[39m [AgentHarness]   🛡️ 约束层: 启用

      at Console.log (node_modules/winston/lib/winston/transports/console.js:87:23)

    console.log
      12:25:34 [32minfo[39m [AgentHarness]   ✅ 验证层: 启用

      at Console.log (node_modules/winston/lib/winston/transports/console.js:87:23)

    console.log
      12:25:34 [32minfo[39m [PersistenceService] 💾 PersistenceService 初始化

      at Console.log (node_modules/winston/lib/winston/transports/console.js:87:23)

    console.log
      12:25:34 [32minfo[39m [PersistenceService] 💾 已从磁盘加载 439 个任务状态

      at Console.log (node_modules/winston/lib/winston/transports/console.js:87:23)

    console.log
      12:25:34 [32minfo[39m [PersistenceService] 💾 已从磁盘加载 6 条进化指标

      at Console.log (node_modules/winston/lib/winston/transports/console.js:87:23)

    console.log
      12:25:34 [32minfo[39m [AgentHarness]   💾 持久化层: 启用

      at Console.log (node_modules/winston/lib/winston/transports/console.js:87:23)

    console.log
      12:25:34 [32minfo[39m [AgentHarness]   📋 独立评估服务: 启用

      at Console.log (node_modules/winston/lib/winston/transports/console.js:87:23)

    console.log
      12:25:34 [32minfo[39m [TrajectoryDatabase] 💾 TrajectoryDatabase 初始化: C:\zy\jiabaixing\data\trajectory\trajecto
ry.db

      at Console.log (node_modules/winston/lib/winston/transports/console.js:87:23)

    console.log
      12:25:34 [32minfo[39m [AgentHarness]   📊 轨迹持久化: 启用

      at Console.log (node_modules/winston/lib/winston/transports/console.js:87:23)

    console.log
      12:25:34 [32minfo[39m [AgentHarness]   📋 上下文层: 启用

      at Console.log (node_modules/winston/lib/winston/transports/console.js:87:23)

    console.log
      12:25:34 [32minfo[39m [AgentHarness]   🔄 循环层: 启用

      at Console.log (node_modules/winston/lib/winston/transports/console.js:87:23)

    console.log
      12:25:34 [32minfo[39m [AgentHarness] ✅ Agent Harness 初始化完成

      at Console.log (node_modules/winston/lib/winston/transports/console.js:87:23)

PASS tests/harness/tool-reliability.test.ts
PASS tests/harness/eval-runner.test.ts
PASS tests/harness/planner-quality.test.ts (5.487 s)
  ● Console

    console.log
      12:25:38 [32minfo[39m [Planner] 📋 简单任务: "你好"

      at Console.log (node_modules/winston/lib/winston/transports/console.js:87:23)

    console.log
      12:25:38 [32minfo[39m [Planner] 📋 简单任务: "你好"

      at Console.log (node_modules/winston/lib/winston/transports/console.js:87:23)

PASS tests/unit/server/websocket-dedup.test.ts
PASS tests/unit/utils/Logger.test.ts
PASS tests/unit/server/systemStateRoutes-injection.test.ts
PASS tests/unit/user/UserProfileSystem.test.ts (100.332 s)
  ● Console

    console.log
      12:25:01 [32minfo[39m [UserProfileSystem] 👤 用户画像系统：初始化完成

      at Console.log (node_modules/winston/lib/winston/transports/console.js:87:23)

    console.log
      12:25:01 [32minfo[39m [UserProfileSystem] ⏰ 启动用户画像定时更新

      at Console.log (node_modules/winston/lib/winston/transports/console.js:87:23)

    console.log
      12:25:01 [32minfo[39m [UserProfileSystem] ⏹️  停止用户画像定时更新

      at Console.log (node_modules/winston/lib/winston/transports/console.js:87:23)

    console.log
      12:25:01 [32minfo[39m [UserProfileSystem] 🧹 清理用户画像系统数据

      at Console.log (node_modules/winston/lib/winston/transports/console.js:87:23)

    console.log
      12:25:01 [32minfo[39m [UserProfileSystem] 👤 用户画像系统：初始化完成

      at Console.log (node_modules/winston/lib/winston/transports/console.js:87:23)

    console.log
      12:25:01 [32minfo[39m [UserProfileSystem] ⏰ 启动用户画像定时更新

      at Console.log (node_modules/winston/lib/winston/transports/console.js:87:23)

    console.log
      12:25:01 [32minfo[39m [UserProfileSystem] ⏹️  停止用户画像定时更新

      at Console.log (node_modules/winston/lib/winston/transports/console.js:87:23)

    console.log
      12:25:01 [32minfo[39m [UserProfileSystem] 🧹 清理用户画像系统数据

      at Console.log (node_modules/winston/lib/winston/transports/console.js:87:23)

    console.log
      12:25:01 [32minfo[39m [UserProfileSystem] 👤 用户画像系统：初始化完成

      at Console.log (node_modules/winston/lib/winston/transports/console.js:87:23)

    console.log
      12:25:01 [32minfo[39m [UserProfileSystem] ⏰ 启动用户画像定时更新

      at Console.log (node_modules/winston/lib/winston/transports/console.js:87:23)

    console.log
      12:25:01 [32minfo[39m [UserProfileSystem] ⏹️  停止用户画像定时更新

      at Console.log (node_modules/winston/lib/winston/transports/console.js:87:23)

    console.log
      12:25:01 [32minfo[39m [UserProfileSystem] 🧹 清理用户画像系统数据

      at Console.log (node_modules/winston/lib/winston/transports/console.js:87:23)

    console.log
      12:25:01 [32minfo[39m [UserProfileSystem] 👤 用户画像系统：初始化完成

      at Console.log (node_modules/winston/lib/winston/transports/console.js:87:23)

    console.log
      12:25:01 [32minfo[39m [UserProfileSystem] ⏰ 启动用户画像定时更新

      at Console.log (node_modules/winston/lib/winston/transports/console.js:87:23)

    console.log
      12:25:01 [32minfo[39m [UserProfileSystem] ⏹️  停止用户画像定时更新

      at Console.log (node_modules/winston/lib/winston/transports/console.js:87:23)

    console.log
      12:25:01 [32minfo[39m [UserProfileSystem] 🧹 清理用户画像系统数据

      at Console.log (node_modules/winston/lib/winston/transports/console.js:87:23)

    console.log
      12:25:01 [32minfo[39m [UserProfileSystem] 👤 用户画像系统：初始化完成

      at Console.log (node_modules/winston/lib/winston/transports/console.js:87:23)

    console.log
      12:25:01 [32minfo[39m [UserProfileSystem] ⏰ 启动用户画像定时更新

      at Console.log (node_modules/winston/lib/winston/transports/console.js:87:23)

    console.log
      12:25:01 [32minfo[39m [UserProfileSystem] ⏹️  停止用户画像定时更新

      at Console.log (node_modules/winston/lib/winston/transports/console.js:87:23)

    console.log
      12:25:01 [32minfo[39m [UserProfileSystem] 🧹 清理用户画像系统数据

      at Console.log (node_modules/winston/lib/winston/transports/console.js:87:23)

    console.log
      12:25:01 [32minfo[39m [UserProfileSystem] 👤 用户画像系统：初始化完成

      at Console.log (node_modules/winston/lib/winston/transports/console.js:87:23)

    console.log
      12:25:01 [32minfo[39m [UserProfileSystem] ⏰ 启动用户画像定时更新

      at Console.log (node_modules/winston/lib/winston/transports/console.js:87:23)

    console.log
      12:26:23 [32minfo[39m [UserProfileSystem] ⏹️  停止用户画像定时更新

      at Console.log (node_modules/winston/lib/winston/transports/console.js:87:23)

    console.log
      12:26:23 [32minfo[39m [UserProfileSystem] 🧹 清理用户画像系统数据

      at Console.log (node_modules/winston/lib/winston/transports/console.js:87:23)

    console.log
      12:26:23 [32minfo[39m [UserProfileSystem] 👤 用户画像系统：初始化完成

      at Console.log (node_modules/winston/lib/winston/transports/console.js:87:23)

    console.log
      12:26:23 [32minfo[39m [UserProfileSystem] ⏰ 启动用户画像定时更新

      at Console.log (node_modules/winston/lib/winston/transports/console.js:87:23)

    console.log
      12:26:23 [32minfo[39m [UserProfileSystem] ⏹️  停止用户画像定时更新

      at Console.log (node_modules/winston/lib/winston/transports/console.js:87:23)

    console.log
      12:26:23 [32minfo[39m [UserProfileSystem] 🧹 清理用户画像系统数据

      at Console.log (node_modules/winston/lib/winston/transports/console.js:87:23)

    console.log
      12:26:23 [32minfo[39m [UserProfileSystem] 👤 用户画像系统：初始化完成

      at Console.log (node_modules/winston/lib/winston/transports/console.js:87:23)

    console.log
      12:26:23 [32minfo[39m [UserProfileSystem] ⏰ 启动用户画像定时更新

      at Console.log (node_modules/winston/lib/winston/transports/console.js:87:23)

    console.log
      12:26:23 [32minfo[39m [UserProfileSystem] ⏹️  停止用户画像定时更新

      at Console.log (node_modules/winston/lib/winston/transports/console.js:87:23)

    console.log
      12:26:23 [32minfo[39m [UserProfileSystem] 🧹 清理用户画像系统数据

      at Console.log (node_modules/winston/lib/winston/transports/console.js:87:23)

    console.log
      12:26:23 [32minfo[39m [UserProfileSystem] 👤 用户画像系统：初始化完成

      at Console.log (node_modules/winston/lib/winston/transports/console.js:87:23)

    console.log
      12:26:23 [32minfo[39m [UserProfileSystem] ⏰ 启动用户画像定时更新

      at Console.log (node_modules/winston/lib/winston/transports/console.js:87:23)

    console.log
      12:26:23 [32minfo[39m [UserProfileSystem] ⏹️  停止用户画像定时更新

      at Console.log (node_modules/winston/lib/winston/transports/console.js:87:23)

    console.log
      12:26:23 [32minfo[39m [UserProfileSystem] 🧹 清理用户画像系统数据

      at Console.log (node_modules/winston/lib/winston/transports/console.js:87:23)

    console.log
      12:26:23 [32minfo[39m [UserProfileSystem] 👤 用户画像系统：初始化完成

      at Console.log (node_modules/winston/lib/winston/transports/console.js:87:23)

    console.log
      12:26:23 [32minfo[39m [UserProfileSystem] ⏰ 启动用户画像定时更新

      at Console.log (node_modules/winston/lib/winston/transports/console.js:87:23)

    console.log
      12:26:23 [32minfo[39m [UserProfileSystem] ⏹️  停止用户画像定时更新

      at Console.log (node_modules/winston/lib/winston/transports/console.js:87:23)

    console.log
      12:26:23 [32minfo[39m [UserProfileSystem] 🧹 清理用户画像系统数据

      at Console.log (node_modules/winston/lib/winston/transports/console.js:87:23)

    console.log
      12:26:23 [32minfo[39m [UserProfileSystem] 👤 用户画像系统：初始化完成

      at Console.log (node_modules/winston/lib/winston/transports/console.js:87:23)

    console.log
      12:26:23 [32minfo[39m [UserProfileSystem] ⏰ 启动用户画像定时更新

      at Console.log (node_modules/winston/lib/winston/transports/console.js:87:23)

    console.log
      12:26:23 [32minfo[39m [UserProfileSystem] ⏹️  停止用户画像定时更新

      at Console.log (node_modules/winston/lib/winston/transports/console.js:87:23)

    console.log
      12:26:23 [32minfo[39m [UserProfileSystem] 🧹 清理用户画像系统数据

      at Console.log (node_modules/winston/lib/winston/transports/console.js:87:23)

    console.log
      12:26:23 [32minfo[39m [UserProfileSystem] 👤 用户画像系统：初始化完成

      at Console.log (node_modules/winston/lib/winston/transports/console.js:87:23)

    console.log
      12:26:23 [32minfo[39m [UserProfileSystem] ⏰ 启动用户画像定时更新

      at Console.log (node_modules/winston/lib/winston/transports/console.js:87:23)

    console.log
      12:26:23 [32minfo[39m [UserProfileSystem] ⏹️  停止用户画像定时更新

      at Console.log (node_modules/winston/lib/winston/transports/console.js:87:23)

    console.log
      12:26:23 [32minfo[39m [UserProfileSystem] 🧹 清理用户画像系统数据

      at Console.log (node_modules/winston/lib/winston/transports/console.js:87:23)

    console.log
      12:26:23 [32minfo[39m [UserProfileSystem] 👤 用户画像系统：初始化完成

      at Console.log (node_modules/winston/lib/winston/transports/console.js:87:23)

    console.log
      12:26:23 [32minfo[39m [UserProfileSystem] ⏰ 启动用户画像定时更新

      at Console.log (node_modules/winston/lib/winston/transports/console.js:87:23)

    console.log
      12:26:23 [32minfo[39m [UserProfileSystem] ⏹️  停止用户画像定时更新

      at Console.log (node_modules/winston/lib/winston/transports/console.js:87:23)

    console.log
      12:26:23 [32minfo[39m [UserProfileSystem] 🧹 清理用户画像系统数据

      at Console.log (node_modules/winston/lib/winston/transports/console.js:87:23)

    console.log
      12:26:23 [32minfo[39m [UserProfileSystem] 👤 用户画像系统：初始化完成

      at Console.log (node_modules/winston/lib/winston/transports/console.js:87:23)

    console.log
      12:26:23 [32minfo[39m [UserProfileSystem] ⏰ 启动用户画像定时更新

      at Console.log (node_modules/winston/lib/winston/transports/console.js:87:23)

    console.log
      12:26:23 [32minfo[39m [UserProfileSystem] ⏹️  停止用户画像定时更新

      at Console.log (node_modules/winston/lib/winston/transports/console.js:87:23)

    console.log
      12:26:23 [32minfo[39m [UserProfileSystem] 🧹 清理用户画像系统数据

      at Console.log (node_modules/winston/lib/winston/transports/console.js:87:23)

    console.log
      12:26:23 [32minfo[39m [UserProfileSystem] 👤 用户画像系统：初始化完成

      at Console.log (node_modules/winston/lib/winston/transports/console.js:87:23)

    console.log
      12:26:23 [32minfo[39m [UserProfileSystem] ⏰ 启动用户画像定时更新

      at Console.log (node_modules/winston/lib/winston/transports/console.js:87:23)

    console.log
      12:26:23 [32minfo[39m [UserProfileSystem] ⏹️  停止用户画像定时更新

      at Console.log (node_modules/winston/lib/winston/transports/console.js:87:23)

    console.log
      12:26:23 [32minfo[39m [UserProfileSystem] 🧹 清理用户画像系统数据

      at Console.log (node_modules/winston/lib/winston/transports/console.js:87:23)

    console.log
      12:26:23 [32minfo[39m [UserProfileSystem] 👤 用户画像系统：初始化完成

      at Console.log (node_modules/winston/lib/winston/transports/console.js:87:23)

    console.log
      12:26:23 [32minfo[39m [UserProfileSystem] ⏰ 启动用户画像定时更新

      at Console.log (node_modules/winston/lib/winston/transports/console.js:87:23)

    console.log
      12:26:23 [32minfo[39m [UserProfileSystem] ⏹️  停止用户画像定时更新

      at Console.log (node_modules/winston/lib/winston/transports/console.js:87:23)

    console.log
      12:26:23 [32minfo[39m [UserProfileSystem] 🧹 清理用户画像系统数据

      at Console.log (node_modules/winston/lib/winston/transports/console.js:87:23)

    console.log
      12:26:23 [32minfo[39m [UserProfileSystem] 👤 用户画像系统：初始化完成

      at Console.log (node_modules/winston/lib/winston/transports/console.js:87:23)

    console.log
      12:26:23 [32minfo[39m [UserProfileSystem] ⏰ 启动用户画像定时更新

      at Console.log (node_modules/winston/lib/winston/transports/console.js:87:23)

    console.log
      12:26:23 [32minfo[39m [UserProfileSystem] ⏹️  停止用户画像定时更新

      at Console.log (node_modules/winston/lib/winston/transports/console.js:87:23)

    console.log
      12:26:23 [32minfo[39m [UserProfileSystem] 🧹 清理用户画像系统数据

      at Console.log (node_modules/winston/lib/winston/transports/console.js:87:23)

    console.log
      12:26:23 [32minfo[39m [UserProfileSystem] 👤 用户画像系统：初始化完成

      at Console.log (node_modules/winston/lib/winston/transports/console.js:87:23)

    console.log
      12:26:23 [32minfo[39m [UserProfileSystem] ⏰ 启动用户画像定时更新

      at Console.log (node_modules/winston/lib/winston/transports/console.js:87:23)

    console.log
      12:26:23 [32minfo[39m [UserProfileSystem] 🧹 清理用户 user-1 的数据

      at Console.log (node_modules/winston/lib/winston/transports/console.js:87:23)

    console.log
      12:26:23 [32minfo[39m [UserProfileSystem] ⏹️  停止用户画像定时更新

      at Console.log (node_modules/winston/lib/winston/transports/console.js:87:23)

    console.log
      12:26:23 [32minfo[39m [UserProfileSystem] 🧹 清理用户画像系统数据

      at Console.log (node_modules/winston/lib/winston/transports/console.js:87:23)

    console.log
      12:26:23 [32minfo[39m [UserProfileSystem] 👤 用户画像系统：初始化完成

      at Console.log (node_modules/winston/lib/winston/transports/console.js:87:23)

    console.log
      12:26:23 [32minfo[39m [UserProfileSystem] ⏰ 启动用户画像定时更新

      at Console.log (node_modules/winston/lib/winston/transports/console.js:87:23)

    console.log
      12:26:23 [32minfo[39m [UserProfileSystem] ⏹️  停止用户画像定时更新

      at Console.log (node_modules/winston/lib/winston/transports/console.js:87:23)

    console.log
      12:26:23 [32minfo[39m [UserProfileSystem] 🧹 清理用户画像系统数据

      at Console.log (node_modules/winston/lib/winston/transports/console.js:87:23)

    console.log
      12:26:23 [32minfo[39m [UserProfileSystem] ⏹️  停止用户画像定时更新

      at Console.log (node_modules/winston/lib/winston/transports/console.js:87:23)

    console.log
      12:26:23 [32minfo[39m [UserProfileSystem] 🧹 清理用户画像系统数据

      at Console.log (node_modules/winston/lib/winston/transports/console.js:87:23)

    console.log
      12:26:23 [32minfo[39m [UserProfileSystem] 👤 用户画像系统：初始化完成

      at Console.log (node_modules/winston/lib/winston/transports/console.js:87:23)

    console.log
      12:26:23 [32minfo[39m [UserProfileSystem] ⏰ 启动用户画像定时更新

      at Console.log (node_modules/winston/lib/winston/transports/console.js:87:23)

    console.log
      12:26:23 [32minfo[39m [UserProfileSystem] ⏹️  停止用户画像定时更新

      at Console.log (node_modules/winston/lib/winston/transports/console.js:87:23)

    console.log
      12:26:23 [32minfo[39m [UserProfileSystem] 🧹 清理用户画像系统数据

      at Console.log (node_modules/winston/lib/winston/transports/console.js:87:23)

    console.log
      12:26:23 [32minfo[39m [UserProfileSystem] 👤 用户画像系统：初始化完成

      at Console.log (node_modules/winston/lib/winston/transports/console.js:87:23)

    console.log
      12:26:23 [32minfo[39m [UserProfileSystem] ⏰ 启动用户画像定时更新

      at Console.log (node_modules/winston/lib/winston/transports/console.js:87:23)

    console.log
      12:26:23 [32minfo[39m [UserProfileSystem] ⏹️  停止用户画像定时更新

      at Console.log (node_modules/winston/lib/winston/transports/console.js:87:23)

    console.log
      12:26:23 [32minfo[39m [UserProfileSystem] 🧹 清理用户画像系统数据

      at Console.log (node_modules/winston/lib/winston/transports/console.js:87:23)

    console.log
      12:26:23 [32minfo[39m [UserProfileSystem] 👤 用户画像系统：初始化完成

      at Console.log (node_modules/winston/lib/winston/transports/console.js:87:23)

    console.log
      12:26:23 [32minfo[39m [UserProfileSystem] ⏰ 启动用户画像定时更新

      at Console.log (node_modules/winston/lib/winston/transports/console.js:87:23)

    console.log
      12:26:23 [32minfo[39m [UserProfileSystem] ⏹️  停止用户画像定时更新

      at Console.log (node_modules/winston/lib/winston/transports/console.js:87:23)

    console.log
      12:26:23 [32minfo[39m [UserProfileSystem] 🧹 清理用户画像系统数据

      at Console.log (node_modules/winston/lib/winston/transports/console.js:87:23)

A worker process has failed to exit gracefully and has been force exited. This is likely caused by tests leaking due to
 improper teardown. Try running with --detectOpenHandles to find leaks. Active timers can also cause this, ensure that 
.unref() was called on them.
----------------------------------|---------|----------|---------|---------|----------------------------------------------------------------------------------------------------------------------------------------------------------------------------------------------------------------
File                              | % Stmts | % Branch | % Funcs | % Lines | Uncovered Line #s                                                                                                                                                                                              
----------------------------------|---------|----------|---------|---------|----------------------------------------------------------------------------------------------------------------------------------------------------------------------------------------------------------------
All files                         |   58.25 |    77.59 |   53.63 |   58.25 |                                                                                                                                                                                                                
 desktop                          |   25.45 |      100 |    5.94 |   25.45 |                                                                                                                                                                                                                
  DesktopActionExecutor.ts        |    24.9 |      100 |    3.57 |    24.9 | 54-56,60-64,67-71,74-84,90-149,155-208,213-223,226-235,238-246,249-261,264-273,276-284,287-298,301-316,319-327,330-358,361-373,376-388,391-400,403-413,416-431,439-467,473-477,483-492,495-496,499-502,505-511 
  DesktopAgentLoop.ts             |   16.42 |      100 |    8.33 |   16.42 | 35-39,43-52,55-59,62-72,78-163,169-346,352-384,387-388,391-392,395-398,401-405                                                                                                                                 
  DesktopVisionEngine.ts          |   29.28 |      100 |    5.55 |   29.28 | 35-38,42-52,55-59,62-66,69-77,80-115,118-137,140-142,145-148,151-152,155-174,177-197,200-210,213-217,220-221,224-227,230-236                                                                                   
  ScreenCapture.ts                |      40 |      100 |    8.33 |      40 | 38-42,45-48,54-87,93-125,131-134,140-152,155-156,159-162,165-167                                                                                                                                               
  SystemInput.ts                  |   28.53 |      100 |    6.66 |   28.53 | 27-31,34-37,43-59,65-78,84-128,134-178,184-204,210-252,258-281,287-323,329-343,377-379                                                                                                                         
  WindowManager.ts                |   24.19 |      100 |    6.25 |   24.19 | 56-60,63-66,72-161,167-170,176-182,188-227,233-238,244-279,285-313,319-347,356-429,432-455,458-460                                                                                                             
 evolution                        |   23.92 |      100 |      30 |   23.92 |                                                                                                                                                                                                                
  EvolutionOrchestrator.ts        |   17.75 |      100 |    12.5 |   17.75 | 134-754,758-777,780-783,786-792,795-809,812-824,827-841                                                                                                                                                        
  OptimizationResultDispatcher.ts |   53.07 |      100 |   41.66 |   53.07 | 57-58,64-77,83-91,98-144,157-158,164-165,171-178                                                                                                                                                               
 harness                          |   89.16 |    74.15 |   89.47 |   89.16 |                                                                                                                                                                                                                
  AgentHarness.ts                 |   82.05 |    72.94 |   89.47 |   82.05 | 134-135,137-138,140-141,143-144,146-147,149-150,152-153,155-156,285-286,330-346,354-386,397-398,414-419,425-444,489-493,549-550,556-557                                                                        
  types.ts                        |     100 |      100 |     100 |     100 |                                                                                                                                                                                                                
 harness/constraints              |   60.24 |     72.5 |     100 |   60.24 |                                                                                                                                                                                                                
  ConstraintsService.ts           |   60.24 |     72.5 |     100 |   60.24 | 50-51,155-156,158-162,186-190,195-216,219-241,244-271,274-295,298-316                                                                                                                                          
 harness/context                  |   87.11 |     74.6 |      85 |   87.11 |                                                                                                                                                                                                                
  ContextManager.ts               |   85.88 |    71.42 |   85.71 |   85.88 | 111-137,155-156,240-249,277-288,394-397,400-404,407-408,460-467                                                                                                                                                
  TokenBudgetAllocator.ts         |   96.82 |      100 |   83.33 |   96.82 | 30-31                                                                                                                                                                                                          
 harness/evaluation               |   54.64 |       74 |   37.28 |   54.64 |                                                                                                                                                                                                                
  EvalRunner.ts                   |    96.5 |    84.37 |     100 |    96.5 | 166-173                                                                                                                                                                                                        
  EvaluationPipeline.ts           |   32.52 |      100 |       0 |   32.52 | 108-115,125-143,149-153,162-241,247-302,308-427,433-449                                                                                                                                                        
  IndependentEvaluationService.ts |   75.16 |    63.46 |    92.3 |   75.16 | 104-109,157-158,160-161,224-225,229-235,259-262,264,266-267,300-302,304-306,313-314,331-409                                                                                                                    
  OptimizationFeedbackLoop.ts     |   32.89 |      100 |       0 |   32.89 | 73-87,96-103,109-110,116-117,123-130,145-207,213-215,223-251,257-317,323-386,392-415,421-433,439-450                                                                                                           
  QualityScorer.ts                |   42.54 |      100 |       0 |   42.54 | 110-111,121-135,141-142,148-149,154-164,173-194,203-224,233-281,290-319,328-360,368-375,381-410,416-453,459-460                                                                                                
  StepEvaluator.ts                |     100 |     87.5 |     100 |     100 | 52,69                                                                                                                                                                                                          
 harness/loop                     |   61.27 |    71.59 |   71.42 |   61.27 |                                                                                                                                                                                                                
  Evaluator.ts                    |    96.4 |    84.84 |    87.5 |    96.4 | 90-95,220,248-249                                                                                                                                                                                              
  Executor.ts                     |   28.72 |    76.66 |   46.66 |   28.72 | 116-120,129,131-531,598,612-634,638-644,651-656,662-680,692-719,725-773,779-827,833-876,884,894-904                                                                                                            
  LoopController.ts               |   78.75 |    62.06 |   61.53 |   78.75 | 131-132,186-196,202-205,216-220,238-252,279-285,289-306,309-312,315-317,380-381,439-440,446-448,454-455,478-479,491-496,504-509,546-547,550-553,557-558,596-600,609-639                                        
  Planner.ts                      |   82.03 |    77.14 |     100 |   82.03 | 130-154,239-248,272-273,310-332                                                                                                                                                                                
  Reporter.ts                     |   87.62 |    53.84 |     100 |   87.62 | 45-47,62-65,69-71,81-82                                                                                                                                                                                        
 harness/orchestration            |   37.67 |      100 |       0 |   37.67 |                                                                                                                                                                                                                
  AgentRegistry.ts                |   60.35 |      100 |       0 |   60.35 | 47-65,72-80,88-101,109-110,118-121,130-140,146-147,153-154,160-161,167-168                                                                                                                                     
  OrchestratorAgent.ts            |   43.15 |      100 |       0 |   43.15 | 41,45-48,58-131,137-138,144-145                                                                                                                                                                                
  ResultAggregator.ts             |   38.09 |      100 |       0 |   38.09 | 49-119,125-147,153-154,160-167                                                                                                                                                                                 
  TaskDispatcher.ts               |   24.65 |      100 |       0 |   24.65 | 50-51,59-117,126-177,185-268,274-294,302-337,343-360                                                                                                                                                           
 harness/persistence              |   89.59 |    77.85 |   84.09 |   89.59 |                                                                                                                                                                                                                
  PersistenceService.ts           |   82.57 |    78.26 |      72 |   82.57 | 153-157,191-193,222-238,307-309,344-350,356-362,430-439,445-452,462-463,466-467,482-483,493-501,512-513,517-518,527-529,540-541,545-555,560-562,571-572                                                        
  TrajectoryDatabase.ts           |   99.23 |    78.78 |     100 |   99.23 | 64-65                                                                                                                                                                                                          
  TrajectoryQueryService.ts       |   97.81 |    76.31 |     100 |   97.81 | 75-76,117-118                                                                                                                                                                                                  
 harness/tools                    |    92.8 |      100 |   66.66 |    92.8 |                                                                                                                                                                                                                
  registerHarnessTools.ts         |    92.8 |      100 |   66.66 |    92.8 | 263-283                                                                                                                                                                                                        
 harness/tools/code               |   26.63 |      100 |   21.42 |   26.63 |                                                                                                                                                                                                                
  code_analyze.ts                 |   30.69 |      100 |   33.33 |   30.69 | 57-106,111-180,183-202                                                                                                                                                                                         
  code_fix.ts                     |   28.57 |      100 |      50 |   28.57 | 54-117,121-196                                                                                                                                                                                                 
  code_generate.ts                |   22.69 |      100 |   11.11 |   22.69 | 60-113,117-135,137-146,148-209,211-267,269-283,285-290,292-295,297-304                                                                                                                                         
 harness/tools/cognition          |      70 |      100 |     100 |      70 |                                                                                                                                                                                                                
  emotion_detect.ts               |   71.69 |      100 |     100 |   71.69 | 37-51                                                                                                                                                                                                          
  scene_analyze.ts                |   76.08 |      100 |     100 |   76.08 | 34-44                                                                                                                                                                                                          
  self_reflect.ts                 |   64.78 |      100 |     100 |   64.78 | 45-69                                                                                                                                                                                                          
 harness/tools/daily              |   42.09 |      100 |   23.52 |   42.09 |                                                                                                                                                                                                                
  note_take.ts                    |   36.97 |      100 |      25 |   36.97 | 65-67,69-71,73-81,85-190                                                                                                                                                                                       
  reminder_set.ts                 |    44.8 |      100 |      25 |    44.8 | 63-65,67-84,86-95,99-152                                                                                                                                                                                       
  system_status.ts                |   42.37 |      100 |   16.66 |   42.37 | 42-44,46-55,57-64,66-74,76-84,88-116                                                                                                                                                                           
  task_manage.ts                  |   45.14 |      100 |   33.33 |   45.14 | 74-76,78-89,93-173                                                                                                                                                                                             
 harness/tools/desktop            |   50.81 |      100 |     100 |   50.81 |                                                                                                                                                                                                                
  desktop_automate.ts             |   47.82 |      100 |     100 |   47.82 | 32-67                                                                                                                                                                                                          
  desktop_screenshot.ts           |   52.63 |      100 |     100 |   52.63 | 59-112                                                                                                                                                                                                         
 harness/tools/file               |    40.3 |      100 |     100 |    40.3 |                                                                                                                                                                                                                
  file_list.ts                    |   50.45 |      100 |     100 |   50.45 | 55-109                                                                                                                                                                                                         
  file_search.ts                  |   51.69 |      100 |     100 |   51.69 | 60-116                                                                                                                                                                                                         
  get_active_file.ts              |   40.65 |      100 |     100 |   40.65 | 36-89                                                                                                                                                                                                          
  incremental_edit.ts             |    30.6 |      100 |     100 |    30.6 | 85-279                                                                                                                                                                                                         
  multi_file_edit.ts              |   41.22 |      100 |     100 |   41.22 | 100-243                                                                                                                                                                                                        
 harness/tools/memory             |   68.99 |    89.74 |     100 |   68.99 |                                                                                                                                                                                                                
  memory_recall.ts                |   52.22 |      100 |     100 |   52.22 | 46-88                                                                                                                                                                                                          
  memory_search.ts                |      50 |      100 |     100 |      50 | 52-104                                                                                                                                                                                                         
  memory_store.ts                 |   87.43 |    89.18 |     100 |   87.43 | 151-158,162-169,182-189                                                                                                                                                                                        
 harness/tools/network            |   43.26 |      100 |      40 |   43.26 |                                                                                                                                                                                                                
  skill_create.ts                 |   41.84 |      100 |      50 |   41.84 | 73-80,84-182                                                                                                                                                                                                   
  web_search.ts                   |   45.31 |      100 |   33.33 |   45.31 | 53-79,81-89,93-126                                                                                                                                                                                             
 harness/tools/registry           |   86.27 |    84.37 |   82.05 |   86.27 |                                                                                                                                                                                                                
  PermissionGuard.ts              |   77.08 |     92.3 |      75 |   77.08 | 91-97,150-176,182-191                                                                                                                                                                                          
  SchemaValidator.ts              |   82.09 |       75 |     100 |   82.09 | 72-80,88,90-98,106-111,142-145                                                                                                                                                                                 
  ToolRegistry.ts                 |   91.32 |       88 |   82.14 |   91.32 | 106-109,185-201,250-258,328-329,350-357,363-364                                                                                                                                                                
 harness/tools/system             |   55.59 |    66.66 |     100 |   55.59 |                                                                                                                                                                                                                
  ask_clarification.ts            |     100 |       50 |     100 |     100 | 43-63                                                                                                                                                                                                          
  preview_execution.ts            |   47.45 |      100 |     100 |   47.45 | 55-116                                                                                                                                                                                                         
  rollback_changes.ts             |      40 |      100 |     100 |      40 | 53-133                                                                                                                                                                                                         
 harness/verification             |   94.15 |    76.78 |     100 |   94.15 |                                                                                                                                                                                                                
  VerificationService.ts          |   94.15 |    76.78 |     100 |   94.15 | 229-235,242-243,262-263,278-281,288-289                                                                                                                                                                        
 memory                           |   37.87 |       60 |      50 |   37.87 |                                                                                                                                                                                                                
  PreferenceInjector.ts           |   48.14 |    33.33 |     100 |   48.14 | 15-44,56-67                                                                                                                                                                                                    
  PreferenceManager.ts            |   35.23 |      100 |   38.46 |   35.23 | 72-90,96-103,109-110,116-121,127-128,134-167,180-182,185-314                                                                                                                                                   
 security                         |   65.63 |    72.86 |   72.38 |   65.63 |                                                                                                                                                                                                                
  AuditLogger.ts                  |   82.66 |    70.66 |    87.5 |   82.66 | 54-55,66-68,74-75,79-80,174,181-218,222-223,265-266,268-269,277-278,289-290,306-308,363-365,374-375,410-412,417-418,462-472,477-478,498-500                                                                    
  AuthenticationManager.ts        |   37.57 |       50 |   33.33 |   37.57 | 71-72,79-80,86-87,94-96,131-162,168-182,188-203,209-218,224-324,330-340,346-376,382-434,440-453,460-461                                                                                                        
  EncryptionManager.ts            |   70.74 |    45.16 |   77.77 |   70.74 | 51-52,59-60,72-74,83-85,106-108,125-128,165,173-210,216-236,243-244,265-266,282-287,295-296,325-330,350-355,362-373,383-385,404-411,419-420,437-439                                                            
  SecurityManager.ts              |   63.17 |    89.74 |   72.09 |   63.17 | 76-77,101-102,172-185,188-195,198-215,229-241,244-246,249-260,306-308,314-340,348-357,360-388,409-436,501-511,554-591                                                                                          
  SecurityPolicyEngine.ts         |   80.78 |    86.36 |    92.3 |   80.78 | 53-55,71-73,146-183,230-234                                                                                                                                                                                    
 shared                           |   63.39 |    41.17 |   26.92 |   63.39 |                                                                                                                                                                                                                
  EventBus.ts                     |   63.39 |    41.17 |   26.92 |   63.39 | 534-538,544-545,566-568,579-580,582-583,591-592,598-602,605-609,612-616,624-634,637-694,697-698,701-716,719-739,742-750,753-766,769-782,785-800,803-840,843-880,883-899,902-964,967-969,972-982                
 skills                           |   43.46 |    83.33 |    23.8 |   43.46 |                                                                                                                                                                                                                
  SkillRegistry.ts                |   43.46 |    83.33 |    23.8 |   43.46 | 108-109,115-123,129-131,137-138,144-147,153-154,160-161,167-169,175-189,197-256,262-294,300-301,307-314,320-321,328-343,355-378,382-406,415-466                                                                
 user                             |   84.44 |    86.89 |   78.26 |   84.44 |                                                                                                                                                                                                                
  ProfileTrendAnalyzer.ts         |   61.63 |    84.21 |   68.75 |   61.63 | 22-23,143-174,177-207,210-236,239-240                                                                                                                                                                          
  UserProfileSystem.ts            |   92.14 |     87.3 |   83.33 |   92.14 | 303-307,342-346,366-368,421-422,428-429,435-436,466-467,524-525,588-594,621-622,629-631,694-695,698-703,706-711,714-719,722-723                                                                                
 utils                            |   88.68 |    85.18 |   77.77 |   88.68 |                                                                                                                                                                                                                
  EnvironmentManager.ts           |    79.7 |    73.68 |   57.89 |    79.7 | 99-103,169-171,191-193,205-206,218-219,240-241,256-266,272-273,279-280,286-287,293-306,312-313,319-337                                                                                                         
  Logger.ts                       |     100 |    91.42 |     100 |     100 | 63,76-124                                                                                                                                                                                                      
----------------------------------|---------|----------|---------|---------|----------------------------------------------------------------------------------------------------------------------------------------------------------------------------------------------------------------

Summary of all failing tests
FAIL tests/harness/independent-evaluator.test.ts (17.315 s)
  ● Independent Evaluator › evaluateFull › should detect unsafe content

    expect(received).toBe(expected) // Object.is equality

    Expected: false
    Received: true

      79 |       const result = await evaluator.evaluateFull(userInput, messages, trace);
      80 |       
    > 81 |       expect(result.safety.safe).toBe(false);
         |                                  ^
      82 |       expect(result.safety.violations.length).toBeGreaterThan(0);
      83 |     });
      84 |   });

      at Object.<anonymous> (tests/harness/independent-evaluator.test.ts:81:34)

FAIL tests/harness/step-evaluator.test.ts (17.818 s)
  ● Evaluator 与 StepEvaluator 集成 › 空步骤结果应该使用默认评估逻辑

    expect(received).toBe(expected) // Object.is equality

    Expected: 0.5
    Received: 0.3

      369 |     );
      370 |
    > 371 |     expect(result.goalProgress).toBe(0.5);
          |                                 ^
      372 |     expect(result.suggestedAction).toBe('continue');
      373 |   });
      374 |

      at Object.<anonymous> (tests/harness/step-evaluator.test.ts:371:33)

FAIL tests/harness/phase3-4-deep.test.ts
  ● 持久化层深度集成 › 进化指标记录和查询

    expect(received).toHaveLength(expected)

    Expected length: 6
    Received length: 12
    Received array:  [{"metadata": {"inputLength": 25, "responseLength": 69, "traceId": ""}, "metricType": "feedback", 
"timestamp": 1779852423526, "value": 1}, {"metadata": {"inputLength": 25, "responseLength": 69, "traceId": "trace_mpni6
drw_x8m4zi23j"}, "metricType": "feedback", "timestamp": 1779852423538, "value": 1}, {"metadata": {"inputLength": 19, "r
esponseLength": 106, "traceId": ""}, "metricType": "feedback", "timestamp": 1779852430144, "value": 1}, {"metadata": {"
inputLength": 19, "responseLength": 106, "traceId": "trace_mpni6h5s_bcj0slnv0"}, "metricType": "feedback", "timestamp":
 1779852430153, "value": 1}, {"metadata": {"inputLength": 18, "responseLength": 213, "traceId": ""}, "metricType": "fee
dback", "timestamp": 1779852496427, "value": 1}, {"metadata": {"inputLength": 18, "responseLength": 213, "traceId": "tr
ace_mpni7x3v_ll951fwfi"}, "metricType": "feedback", "timestamp": 1779852496439, "value": 1}, {"metricType": "tool_succe
ss_rate", "timestamp": 1779855914212, "value": 0.9}, {"metricType": "tool_success_rate", "timestamp": 1779855915212, "v
alue": 0.92}, {"metricType": "tool_success_rate", "timestamp": 1779855916212, "value": 0.9400000000000001}, {"metricTyp
e": "tool_success_rate", "timestamp": 1779855917212, "value": 0.96}, …]

      512 |
      513 |     const allMetrics = persistence.getEvolutionMetrics();
    > 514 |     expect(allMetrics).toHaveLength(6);
          |                        ^
      515 |
      516 |     const limitedMetrics = persistence.getEvolutionMetrics(undefined, 3);
      517 |     expect(limitedMetrics).toHaveLength(3);

      at Object.<anonymous> (tests/harness/phase3-4-deep.test.ts:514:24)


Test Suites: 3 failed, 22 passed, 25 total
Tests:       3 failed, 2 skipped, 447 passed, 452 total
Snapshots:   0 total
Time:        103.547 s
Ran all test suites.
